MPLINK 4.44, Linker
Linker Map File - Created Wed Feb 13 12:10:08 2013

                                 Section Info
                  Section       Type    Address   Location Size(Bytes)
                ---------  ---------  ---------  ---------  ---------
               _entry_scn       code   0x000000    program   0x000006
       .code__user_putc.o       code   0x000006    program   0x000002
              high_vector       code   0x000008    program   0x000006
           .code___init.o       code   0x00000e    program   0x000002
       .romdata_u2write.o    romdata   0x000010    program   0x000000
.romdata_intermediary\can_to_rs232_converter.o    romdata   0x000010    program   0x000000
       .idata_u2write.o_i    romdata   0x000010    program   0x000000
.idata_intermediary\uart_interface.o_i    romdata   0x000010    program   0x000004
.romdata_intermediary\uart_interface.o    romdata   0x000010    program   0x000000
       .romdata_u1write.o    romdata   0x000010    program   0x000000
       .idata_u1write.o_i    romdata   0x000010    program   0x000000
.romdata_intermediary\can_interface.o    romdata   0x000010    program   0x000000
        .romdata_u2defs.o    romdata   0x000010    program   0x000000
        .idata_u2defs.o_i    romdata   0x000010    program   0x000000
      .romdata_fxd3232u.o    romdata   0x000010    program   0x000000
        .romdata_u1defs.o    romdata   0x000010    program   0x000000
       .romdata_fxm3232.o    romdata   0x000010    program   0x000000
        .idata_u1defs.o_i    romdata   0x000010    program   0x000000
        .idata_u1open.o_i    romdata   0x000010    program   0x000000
        .romdata_u1open.o    romdata   0x000010    program   0x000000
        .romdata_u2read.o    romdata   0x000010    program   0x000000
        .idata_u2open.o_i    romdata   0x000010    program   0x000000
        .romdata_u2open.o    romdata   0x000010    program   0x000000
        .idata_u2read.o_i    romdata   0x000010    program   0x000000
        .idata_u1read.o_i    romdata   0x000010    program   0x000000
        .romdata_u1read.o    romdata   0x000010    program   0x000000
          .idata_putc.o_i    romdata   0x000010    program   0x000000
         .romdata_c018i.o    romdata   0x000010    program   0x000000
.romdata_intermediary\interrupt.o    romdata   0x000010    program   0x000000
          .romdata_putc.o    romdata   0x000010    program   0x000000
        .romdata___init.o    romdata   0x000010    program   0x000000
        .idata_u1baud.o_i    romdata   0x000010    program   0x000000
        .romdata_u1baud.o    romdata   0x000010    program   0x000000
      .idata_vfprintf.o_i    romdata   0x000010    program   0x000000
        .idata_u2baud.o_i    romdata   0x000010    program   0x000000
       .romdata_sprintf.o    romdata   0x000010    program   0x000000
.romdata_intermediary\main.o    romdata   0x000010    program   0x000000
        .romdata_u2baud.o    romdata   0x000010    program   0x000000
       .idata_sprintf.o_i    romdata   0x000010    program   0x000000
    .romdata__user_putc.o    romdata   0x000010    program   0x000000
.idata_intermediary\main.o_i    romdata   0x000014    program   0x000000
.idata_intermediary\can_interface.o_i    romdata   0x000014    program   0x000003
.idata_intermediary\interrupt.o_i    romdata   0x000014    program   0x000000
    .idata__user_putc.o_i    romdata   0x000017    program   0x000000
         .idata_c018i.o_i    romdata   0x000017    program   0x000000
       .idata_fxm3232.o_i    romdata   0x000017    program   0x000000
      .idata_fxd3232u.o_i    romdata   0x000017    program   0x000000
.idata_intermediary\can.o_i    romdata   0x000017    program   0x000000
        .idata___init.o_i    romdata   0x000017    program   0x000000
           .code_u1defs.o       code   0x000018    program   0x000000
           .code_u2defs.o       code   0x000018    program   0x000000
            .code_c018i.o       code   0x000018    program   0x000000
               low_vector       code   0x000018    program   0x000006
                   .cinit    romdata   0x00001e    program   0x000026
.code_intermediary\can_to_rs232_converter.o       code   0x000044    program   0x002512
 .code_intermediary\can.o       code   0x002556    program   0x00121c
.code_intermediary\can_interface.o       code   0x003772    program   0x000ccc
         .code_vfprintf.o       code   0x00443e    program   0x000c22
.code_intermediary\uart_interface.o       code   0x005060    program   0x000b5c
.code_intermediary\interrupt.o       code   0x005bbc    program   0x0000f2
             .stringtable    romdata   0x005cae    program   0x0000f0
                   STRING       code   0x005d9e    program   0x0000bc
          .code_sprintf.o       code   0x005e5a    program   0x0000ac
               _cinit_scn       code   0x005f06    program   0x00009e
.code_intermediary\main.o       code   0x005fa4    program   0x00008a
             .code_putc.o       code   0x00602e    program   0x000084
           .code_u2open.o       code   0x0060b2    program   0x000078
           .code_u1open.o       code   0x00612a    program   0x000072
          .code_fxm3232.o       code   0x00619c    program   0x000070
                     PROG       code   0x00620c    program   0x00005a
         .code_fxd3232u.o       code   0x006266    program   0x000048
.romdata_intermediary\can.o    romdata   0x0062ae    program   0x000042
           .code_u2read.o       code   0x0062f0    program   0x00003e
           .code_u1read.o       code   0x00632e    program   0x00003e
          .code_u2write.o       code   0x00636c    program   0x00002e
          .code_u1write.o       code   0x00639a    program   0x00002e
                    CTYPE       code   0x0063c8    program   0x000024
           .code_u2baud.o       code   0x0063ec    program   0x000022
           .code_u1baud.o       code   0x00640e    program   0x000022
                    .code       code   0x006430    program   0x000020
             _startup_scn       code   0x006450    program   0x00001c
                    STDIO       code   0x00646c    program   0x00001c
      .romdata_vfprintf.o    romdata   0x006488    program   0x000011
.idata_intermediary\can_to_rs232_converter.o_i    romdata   0x006499    program   0x00001e
.config_300000_intermediary\main.o    romdata   0x300000    program   0x000001
.config_300001_intermediary\main.o    romdata   0x300001    program   0x000001
.config_300002_intermediary\main.o    romdata   0x300002    program   0x000001
.config_300003_intermediary\main.o    romdata   0x300003    program   0x000001
.config_300005_intermediary\main.o    romdata   0x300005    program   0x000001
.config_300006_intermediary\main.o    romdata   0x300006    program   0x000001
.config_300008_intermediary\main.o    romdata   0x300008    program   0x000001
.config_300009_intermediary\main.o    romdata   0x300009    program   0x000001
.config_30000a_intermediary\main.o    romdata   0x30000a    program   0x000001
.config_30000b_intermediary\main.o    romdata   0x30000b    program   0x000001
.config_30000c_intermediary\main.o    romdata   0x30000c    program   0x000001
.config_30000d_intermediary\main.o    romdata   0x30000d    program   0x000001
                MATH_DATA      udata   0x000000       data   0x000014
                 .tmpdata      udata   0x000014       data   0x000008
.udata_intermediary\can_to_rs232_converter.o      udata   0x000060       data   0x000091
           .udata_c018i.o      udata   0x0000f1       data   0x00000a
.idata_intermediary\uart_interface.o      idata   0x0000fb       data   0x000004
          .udata_u2defs.o      udata   0x0000ff       data   0x000001
                  CAN_REC      udata   0x000100       data   0x000800
                UART_BUFF      udata   0x000a00       data   0x000187
.idata_intermediary\can_to_rs232_converter.o      idata   0x000b87       data   0x00001e
.udata_intermediary\uart_interface.o      udata   0x000ba5       data   0x000018
                   .stack      udata   0x000d00       data   0x000100
.udata_intermediary\can_interface.o      udata   0x000e00       data   0x00002d
.idata_intermediary\can_interface.o      idata   0x000e2d       data   0x000003
          .udata_u1defs.o      udata   0x000e30       data   0x000001
.udata_intermediary\interrupt.o      udata   0x000e31       data   0x000001
.udata_intermediary\main.o      udata   0x000e32       data   0x000000
          .idata_u2defs.o      idata   0x000e32       data   0x000000
         .udata_u1write.o      udata   0x000e32       data   0x000000
         .idata_u1write.o      idata   0x000e32       data   0x000000
         .udata_u2write.o      udata   0x000e32       data   0x000000
         .idata_u2write.o      idata   0x000e32       data   0x000000
          .udata___init.o      udata   0x000e32       data   0x000000
          .idata___init.o      idata   0x000e32       data   0x000000
          .udata_u1baud.o      udata   0x000e32       data   0x000000
          .idata_u1baud.o      idata   0x000e32       data   0x000000
          .udata_u2baud.o      udata   0x000e32       data   0x000000
          .idata_u2baud.o      idata   0x000e32       data   0x000000
         .udata_sprintf.o      udata   0x000e32       data   0x000000
         .idata_sprintf.o      idata   0x000e32       data   0x000000
        .udata_vfprintf.o      udata   0x000e32       data   0x000000
        .idata_vfprintf.o      idata   0x000e32       data   0x000000
            .udata_putc.o      udata   0x000e32       data   0x000000
            .idata_putc.o      idata   0x000e32       data   0x000000
      .udata__user_putc.o      udata   0x000e32       data   0x000000
      .idata__user_putc.o      idata   0x000e32       data   0x000000
           .idata_c018i.o      idata   0x000e32       data   0x000000
.idata_intermediary\interrupt.o      idata   0x000e32       data   0x000000
.idata_intermediary\main.o      idata   0x000e32       data   0x000000
.udata_intermediary\can.o      udata   0x000e32       data   0x000000
.idata_intermediary\can.o      idata   0x000e32       data   0x000000
        .udata_fxd3232u.o      udata   0x000e32       data   0x000000
        .idata_fxd3232u.o      idata   0x000e32       data   0x000000
         .udata_fxm3232.o      udata   0x000e32       data   0x000000
         .idata_fxm3232.o      idata   0x000e32       data   0x000000
          .udata_u1open.o      udata   0x000e32       data   0x000000
          .idata_u1open.o      idata   0x000e32       data   0x000000
          .udata_u2open.o      udata   0x000e32       data   0x000000
          .idata_u2open.o      idata   0x000e32       data   0x000000
          .udata_u1read.o      udata   0x000e32       data   0x000000
          .idata_u1read.o      idata   0x000e32       data   0x000000
          .udata_u2read.o      udata   0x000e32       data   0x000000
          .idata_u2read.o      idata   0x000e32       data   0x000000
          .idata_u1defs.o      idata   0x000e32       data   0x000000
              SFR_BANKED0      udata   0x000e41       data   0x0000bf
              SFR_BANKED1      udata   0x000f00       data   0x000040
              SFR_BANKED2      udata   0x000f46       data   0x00001a
            SFR_UNBANKED0      udata   0x000f60       data   0x0000a0



                              Program Memory Usage 
                               Start         End      
                           ---------   ---------      
                            0x000000    0x000016      
                            0x000018    0x0064b6      
                            0x300000    0x300003      
                            0x300005    0x300006      
                            0x300008    0x30000d      
            25794 out of 66584 program addresses used, program memory utilization is 38%



                              Symbols - Sorted by Name
                     Name    Address   Location    Storage File                     
                ---------  ---------  ---------  --------- ---------                
                 FXD3232U   0x006266    program     extern D:\3.43\pic18-lt\cxx-framework\src\traditional\math\fxd3232u.c
                 FXM1616S   0x00620c    program     extern D:\3.43\pic18-lt\cxx-framework\src\traditional\math\fxm1616s.asm
                  FXM3232   0x00619c    program     extern D:\3.43\pic18-lt\cxx-framework\src\traditional\math\fxm3232.c
               Open1USART   0x00612a    program     extern D:\3.43\pic18-lt\cxx-framework\src\pmc_common\USART\u1open.c
               Open2USART   0x0060b2    program     extern D:\3.43\pic18-lt\cxx-framework\src\pmc_common\USART\u2open.c
                RXBn_list   0x0062ce    program     extern C:\Users\Luca Lucci\Documents\Scheda_interfaccia_CANBUS\FW\user\can.c
                RXFn_list   0x0062ae    program     extern C:\Users\Luca Lucci\Documents\Scheda_interfaccia_CANBUS\FW\user\can.c
               Read1USART   0x00632e    program     extern D:\3.43\pic18-lt\cxx-framework\src\pmc_common\USART\u1read.c
               Read2USART   0x0062f0    program     extern D:\3.43\pic18-lt\cxx-framework\src\pmc_common\USART\u2read.c
               TSIGN1616A   0x006258    program     static D:\3.43\pic18-lt\cxx-framework\src\traditional\math\fxm1616s.asm
                TXBn_list   0x0062de    program     extern C:\Users\Luca Lucci\Documents\Scheda_interfaccia_CANBUS\FW\user\can.c
              Write1USART   0x00639a    program     extern D:\3.43\pic18-lt\cxx-framework\src\pmc_common\USART\u1write.c
              Write2USART   0x00636c    program     extern D:\3.43\pic18-lt\cxx-framework\src\pmc_common\USART\u2write.c
                   _2jEnd   0x005e44    program     static D:\3.43\pic18-lt\cxx-framework\src\traditional\stdclib\slenpgm.asm
              _4jContinue   0x005dd2    program     static D:\3.43\pic18-lt\cxx-framework\src\traditional\stdclib\memcpy.asm
                   _5jEnd   0x005ddc    program     static D:\3.43\pic18-lt\cxx-framework\src\traditional\stdclib\memcpy.asm
       ___case_0_lbl00143   0x000bf2    program     static                          
      ___case_10_lbl00173   0x000f74    program     static                          
      ___case_11_lbl00174   0x000f78    program     static                          
       ___case_1_lbl00146   0x000bf6    program     static                          
       ___case_2_lbl00151   0x000c90    program     static                          
       ___case_3_lbl00156   0x000d26    program     static                          
       ___case_4_lbl00161   0x000dbc    program     static                          
       ___case_5_lbl00166   0x000e52    program     static                          
       ___case_6_lbl00169   0x000eec    program     static                          
       ___case_7_lbl00170   0x000f0e    program     static                          
       ___case_8_lbl00171   0x000f30    program     static                          
       ___case_9_lbl00172   0x000f52    program     static                          
      ___default_lbl00175   0x000f7c    program     static                          
         ___else_lbl00052   0x0054a8    program     static                          
         ___else_lbl00061   0x005558    program     static                          
         ___else_lbl00145   0x000c08    program     static                          
         ___else_lbl00148   0x000c54    program     static                          
         ___else_lbl00150   0x000ca2    program     static                          
         ___else_lbl00153   0x000cec    program     static                          
         ___else_lbl00155   0x000d38    program     static                          
         ___else_lbl00158   0x000d82    program     static                          
         ___else_lbl00160   0x000dce    program     static                          
         ___else_lbl00163   0x000e18    program     static                          
         ___else_lbl00165   0x000e64    program     static                          
         ___else_lbl00168   0x000eb0    program     static                          
           ___if_lbl00025   0x0052f6    program     static                          
           ___if_lbl00026   0x00531a    program     static                          
           ___if_lbl00027   0x00532e    program     static                          
           ___if_lbl00028   0x005348    program     static                          
           ___if_lbl00029   0x005348    program     static                          
           ___if_lbl00044   0x005410    program     static                          
           ___if_lbl00045   0x00542c    program     static                          
           ___if_lbl00046   0x005444    program     static                          
           ___if_lbl00048   0x005454    program     static                          
           ___if_lbl00049   0x00548a    program     static                          
           ___if_lbl00050   0x0054a6    program     static                          
           ___if_lbl00051   0x0054ac    program     static                          
           ___if_lbl00054   0x0054e0    program     static                          
           ___if_lbl00055   0x0054f8    program     static                          
           ___if_lbl00057   0x005508    program     static                          
           ___if_lbl00058   0x00553c    program     static                          
           ___if_lbl00059   0x005556    program     static                          
           ___if_lbl00060   0x005560    program     static                          
           ___if_lbl00144   0x000c12    program     static                          
           ___if_lbl00147   0x000c8e    program     static                          
           ___if_lbl00149   0x000cac    program     static                          
           ___if_lbl00152   0x000d24    program     static                          
           ___if_lbl00154   0x000d42    program     static                          
           ___if_lbl00157   0x000dba    program     static                          
           ___if_lbl00159   0x000dd8    program     static                          
           ___if_lbl00162   0x000e50    program     static                          
           ___if_lbl00164   0x000e6e    program     static                          
           ___if_lbl00167   0x000eea    program     static                          
       ___return_lbl00000   0x000004    program     static                          
       ___return_lbl00000   0x00000c    program     static                          
       ___return_lbl00000   0x00620a    program     static                          
       ___return_lbl00000   0x0062ac    program     static                          
       ___return_lbl00001   0x00001c    program     static                          
       ___return_lbl00001   0x00646a    program     static                          
       ___return_lbl00002   0x005fa2    program     static                          
       ___return_lbl00022   0x005348    program     static                          
       ___return_lbl00043   0x0054b0    program     static                          
       ___return_lbl00053   0x005564    program     static                          
       ___return_lbl00141   0x000f7e    program     static                          
   ___switchexit_lbl00142   0x000f7e    program     static                          
        ___while_lbl00023   0x0052e6    program     static                          
        ___while_lbl00024   0x0052ea    program     static                          
               __config_0   0x300000    program     static C:\Users\Luca Lucci\Documents\Scheda_interfaccia_CANBUS\FW\main.c
               __config_1   0x300001    program     static C:\Users\Luca Lucci\Documents\Scheda_interfaccia_CANBUS\FW\main.c
              __config_10   0x30000c    program     static C:\Users\Luca Lucci\Documents\Scheda_interfaccia_CANBUS\FW\main.c
              __config_11   0x30000d    program     static C:\Users\Luca Lucci\Documents\Scheda_interfaccia_CANBUS\FW\main.c
               __config_2   0x300002    program     static C:\Users\Luca Lucci\Documents\Scheda_interfaccia_CANBUS\FW\main.c
               __config_3   0x300003    program     static C:\Users\Luca Lucci\Documents\Scheda_interfaccia_CANBUS\FW\main.c
               __config_4   0x300005    program     static C:\Users\Luca Lucci\Documents\Scheda_interfaccia_CANBUS\FW\main.c
               __config_5   0x300006    program     static C:\Users\Luca Lucci\Documents\Scheda_interfaccia_CANBUS\FW\main.c
               __config_6   0x300008    program     static C:\Users\Luca Lucci\Documents\Scheda_interfaccia_CANBUS\FW\main.c
               __config_7   0x300009    program     static C:\Users\Luca Lucci\Documents\Scheda_interfaccia_CANBUS\FW\main.c
               __config_8   0x30000a    program     static C:\Users\Luca Lucci\Documents\Scheda_interfaccia_CANBUS\FW\main.c
               __config_9   0x30000b    program     static C:\Users\Luca Lucci\Documents\Scheda_interfaccia_CANBUS\FW\main.c
                   __init   0x00000e    program     extern D:\3.43\pic18-lt\cxx-framework\src\traditional\stdclib\__init.c
                   __pa_0   0x004d7e    program     static D:\3.43\pic18-lt\cxx-framework\src\traditional\stdclib\vfprintf.c
                   __pa_1   0x004d86    program     static D:\3.43\pic18-lt\cxx-framework\src\traditional\stdclib\vfprintf.c
                  __pa_10   0x004e3a    program     static D:\3.43\pic18-lt\cxx-framework\src\traditional\stdclib\vfprintf.c
                  __pa_11   0x004e48    program     static D:\3.43\pic18-lt\cxx-framework\src\traditional\stdclib\vfprintf.c
                  __pa_12   0x004e5e    program     static D:\3.43\pic18-lt\cxx-framework\src\traditional\stdclib\vfprintf.c
                  __pa_13   0x004e78    program     static D:\3.43\pic18-lt\cxx-framework\src\traditional\stdclib\vfprintf.c
                  __pa_14   0x004e90    program     static D:\3.43\pic18-lt\cxx-framework\src\traditional\stdclib\vfprintf.c
                  __pa_15   0x004ea0    program     static D:\3.43\pic18-lt\cxx-framework\src\traditional\stdclib\vfprintf.c
                  __pa_16   0x004eb6    program     static D:\3.43\pic18-lt\cxx-framework\src\traditional\stdclib\vfprintf.c
                  __pa_17   0x004ec8    program     static D:\3.43\pic18-lt\cxx-framework\src\traditional\stdclib\vfprintf.c
                  __pa_18   0x004eda    program     static D:\3.43\pic18-lt\cxx-framework\src\traditional\stdclib\vfprintf.c
                  __pa_19   0x004ee4    program     static D:\3.43\pic18-lt\cxx-framework\src\traditional\stdclib\vfprintf.c
                   __pa_2   0x004d90    program     static D:\3.43\pic18-lt\cxx-framework\src\traditional\stdclib\vfprintf.c
                  __pa_20   0x004ef4    program     static D:\3.43\pic18-lt\cxx-framework\src\traditional\stdclib\vfprintf.c
                  __pa_21   0x004f04    program     static D:\3.43\pic18-lt\cxx-framework\src\traditional\stdclib\vfprintf.c
                  __pa_22   0x004f14    program     static D:\3.43\pic18-lt\cxx-framework\src\traditional\stdclib\vfprintf.c
                  __pa_23   0x004f20    program     static D:\3.43\pic18-lt\cxx-framework\src\traditional\stdclib\vfprintf.c
                  __pa_24   0x004f2e    program     static D:\3.43\pic18-lt\cxx-framework\src\traditional\stdclib\vfprintf.c
                  __pa_25   0x004f36    program     static D:\3.43\pic18-lt\cxx-framework\src\traditional\stdclib\vfprintf.c
                  __pa_26   0x004f40    program     static D:\3.43\pic18-lt\cxx-framework\src\traditional\stdclib\vfprintf.c
                  __pa_27   0x004f4a    program     static D:\3.43\pic18-lt\cxx-framework\src\traditional\stdclib\vfprintf.c
                  __pa_28   0x004f52    program     static D:\3.43\pic18-lt\cxx-framework\src\traditional\stdclib\vfprintf.c
                  __pa_29   0x004f60    program     static D:\3.43\pic18-lt\cxx-framework\src\traditional\stdclib\vfprintf.c
                   __pa_3   0x004d9a    program     static D:\3.43\pic18-lt\cxx-framework\src\traditional\stdclib\vfprintf.c
                  __pa_30   0x004f7c    program     static D:\3.43\pic18-lt\cxx-framework\src\traditional\stdclib\vfprintf.c
                  __pa_31   0x004f96    program     static D:\3.43\pic18-lt\cxx-framework\src\traditional\stdclib\vfprintf.c
                  __pa_32   0x004fb0    program     static D:\3.43\pic18-lt\cxx-framework\src\traditional\stdclib\vfprintf.c
                  __pa_33   0x004fc8    program     static D:\3.43\pic18-lt\cxx-framework\src\traditional\stdclib\vfprintf.c
                  __pa_34   0x004fd2    program     static D:\3.43\pic18-lt\cxx-framework\src\traditional\stdclib\vfprintf.c
                  __pa_35   0x004fe0    program     static D:\3.43\pic18-lt\cxx-framework\src\traditional\stdclib\vfprintf.c
                  __pa_36   0x004fe8    program     static D:\3.43\pic18-lt\cxx-framework\src\traditional\stdclib\vfprintf.c
                  __pa_37   0x004ff2    program     static D:\3.43\pic18-lt\cxx-framework\src\traditional\stdclib\vfprintf.c
                  __pa_38   0x005002    program     static D:\3.43\pic18-lt\cxx-framework\src\traditional\stdclib\vfprintf.c
                  __pa_39   0x005010    program     static D:\3.43\pic18-lt\cxx-framework\src\traditional\stdclib\vfprintf.c
                   __pa_4   0x004db2    program     static D:\3.43\pic18-lt\cxx-framework\src\traditional\stdclib\vfprintf.c
                  __pa_40   0x00501c    program     static D:\3.43\pic18-lt\cxx-framework\src\traditional\stdclib\vfprintf.c
                  __pa_41   0x005028    program     static D:\3.43\pic18-lt\cxx-framework\src\traditional\stdclib\vfprintf.c
                  __pa_42   0x005030    program     static D:\3.43\pic18-lt\cxx-framework\src\traditional\stdclib\vfprintf.c
                  __pa_43   0x00503a    program     static D:\3.43\pic18-lt\cxx-framework\src\traditional\stdclib\vfprintf.c
                  __pa_44   0x005040    program     static D:\3.43\pic18-lt\cxx-framework\src\traditional\stdclib\vfprintf.c
                  __pa_45   0x00504a    program     static D:\3.43\pic18-lt\cxx-framework\src\traditional\stdclib\vfprintf.c
                  __pa_46   0x005056    program     static D:\3.43\pic18-lt\cxx-framework\src\traditional\stdclib\vfprintf.c
                   __pa_5   0x004dc6    program     static D:\3.43\pic18-lt\cxx-framework\src\traditional\stdclib\vfprintf.c
                   __pa_6   0x004de2    program     static D:\3.43\pic18-lt\cxx-framework\src\traditional\stdclib\vfprintf.c
                   __pa_7   0x004dec    program     static D:\3.43\pic18-lt\cxx-framework\src\traditional\stdclib\vfprintf.c
                   __pa_8   0x004df8    program     static D:\3.43\pic18-lt\cxx-framework\src\traditional\stdclib\vfprintf.c
                   __pa_9   0x004e1a    program     static D:\3.43\pic18-lt\cxx-framework\src\traditional\stdclib\vfprintf.c
               __string_0   0x005cc1    program     static C:\Users\Luca Lucci\Documents\Scheda_interfaccia_CANBUS\FW\user\uart_interface.c
               __string_0   0x005d87    program     static C:\Users\Luca Lucci\Documents\Scheda_interfaccia_CANBUS\FW\user\can_interface.c
               __string_1   0x005cae    program     static C:\Users\Luca Lucci\Documents\Scheda_interfaccia_CANBUS\FW\user\uart_interface.c
               __string_1   0x005d6e    program     static C:\Users\Luca Lucci\Documents\Scheda_interfaccia_CANBUS\FW\user\can_interface.c
               __string_2   0x005d56    program     static C:\Users\Luca Lucci\Documents\Scheda_interfaccia_CANBUS\FW\user\can_interface.c
               __string_3   0x005d3a    program     static C:\Users\Luca Lucci\Documents\Scheda_interfaccia_CANBUS\FW\user\can_interface.c
               __string_4   0x005d1e    program     static C:\Users\Luca Lucci\Documents\Scheda_interfaccia_CANBUS\FW\user\can_interface.c
               __string_5   0x005d06    program     static C:\Users\Luca Lucci\Documents\Scheda_interfaccia_CANBUS\FW\user\can_interface.c
               __string_6   0x005cee    program     static C:\Users\Luca Lucci\Documents\Scheda_interfaccia_CANBUS\FW\user\can_interface.c
               __string_7   0x005ce2    program     static C:\Users\Luca Lucci\Documents\Scheda_interfaccia_CANBUS\FW\user\can_interface.c
               __string_8   0x005cd0    program     static C:\Users\Luca Lucci\Documents\Scheda_interfaccia_CANBUS\FW\user\can_interface.c
               __tmplbl_0   0x005450    program     static                          
               __tmplbl_1   0x00544a    program     static                          
              __tmplbl_18   0x00241a    program     static                          
              __tmplbl_19   0x0022b2    program     static                          
               __tmplbl_2   0x005504    program     static                          
              __tmplbl_20   0x0021b8    program     static                          
              __tmplbl_21   0x002032    program     static                          
              __tmplbl_27   0x00254c    program     static                          
              __tmplbl_29   0x00254c    program     static                          
               __tmplbl_3   0x0054fe    program     static                          
              __tmplbl_30   0x00254c    program     static                          
              __tmplbl_31   0x00254c    program     static                          
              __tmplbl_32   0x00254c    program     static                          
              __tmplbl_33   0x00254c    program     static                          
              __tmplbl_42   0x004f14    program     static                          
              __tmplbl_43   0x004d5c    program     static                          
              __tmplbl_44   0x004d42    program     static                          
              __tmplbl_85   0x004494    program     static                          
            __zero_memory   0x006430    program     extern D:\3.43\pic18-lt\cxx-framework\src\traditional\proc\p18f46k80.asm
                _do_cinit   0x005f06    program     extern D:\3.43\pic18-lt\cxx-framework\src\traditional\startup\c018i.c
                   _entry   0x000000    program     extern D:\3.43\pic18-lt\cxx-framework\src\traditional\startup\c018i.c
                   _false   0x0062a8    program     static                          
                 _startup   0x006450    program     extern D:\3.43\pic18-lt\cxx-framework\src\traditional\startup\c018i.c
              _usart_putc   0x00646c    program     extern D:\3.43\pic18-lt\cxx-framework\src\pmc_common\USART\_usartpc.asm
               _user_putc   0x000006    program     extern D:\3.43\pic18-lt\cxx-framework\src\traditional\stdclib\_user_putc.c
               baud1USART   0x00640e    program     extern D:\3.43\pic18-lt\cxx-framework\src\pmc_common\USART\u1baud.c
               baud2USART   0x0063ec    program     extern D:\3.43\pic18-lt\cxx-framework\src\pmc_common\USART\u2baud.c
          can_buffer_read   0x003d92    program     extern C:\Users\Luca Lucci\Documents\Scheda_interfaccia_CANBUS\FW\user\can_interface.c
       can_buffer_rx_load   0x003c96    program     extern C:\Users\Luca Lucci\Documents\Scheda_interfaccia_CANBUS\FW\user\can_interface.c
can_buffer_rx_loaded_update   0x0040ac    program     extern C:\Users\Luca Lucci\Documents\Scheda_interfaccia_CANBUS\FW\user\can_interface.c
          can_buffer_send   0x003b40    program     extern C:\Users\Luca Lucci\Documents\Scheda_interfaccia_CANBUS\FW\user\can_interface.c
  can_buffer_set_priority   0x003716    program     extern C:\Users\Luca Lucci\Documents\Scheda_interfaccia_CANBUS\FW\user\can.c
can_buffer_tx_free_update   0x003fee    program     extern C:\Users\Luca Lucci\Documents\Scheda_interfaccia_CANBUS\FW\user\can_interface.c
       can_buffer_tx_load   0x003970    program     extern C:\Users\Luca Lucci\Documents\Scheda_interfaccia_CANBUS\FW\user\can_interface.c
         can_error_handle   0x004166    program     extern C:\Users\Luca Lucci\Documents\Scheda_interfaccia_CANBUS\FW\user\can_interface.c
     can_get_rx_data_size   0x003f76    program     extern C:\Users\Luca Lucci\Documents\Scheda_interfaccia_CANBUS\FW\user\can_interface.c
can_get_tx_buffer_empty_space   0x003c7e    program     extern C:\Users\Luca Lucci\Documents\Scheda_interfaccia_CANBUS\FW\user\can_interface.c
                 can_init   0x003772    program     extern C:\Users\Luca Lucci\Documents\Scheda_interfaccia_CANBUS\FW\user\can_interface.c
        can_init_auto_rtr   0x002e40    program     extern C:\Users\Luca Lucci\Documents\Scheda_interfaccia_CANBUS\FW\user\can.c
    can_init_baudrate_set   0x002cda    program     extern C:\Users\Luca Lucci\Documents\Scheda_interfaccia_CANBUS\FW\user\can.c
   can_init_filter_buffer   0x002798    program     extern C:\Users\Luca Lucci\Documents\Scheda_interfaccia_CANBUS\FW\user\can.c
   can_init_filter_enable   0x00270e    program     extern C:\Users\Luca Lucci\Documents\Scheda_interfaccia_CANBUS\FW\user\can.c
       can_init_filter_id   0x002c34    program     extern C:\Users\Luca Lucci\Documents\Scheda_interfaccia_CANBUS\FW\user\can.c
     can_init_filter_mask   0x0029e6    program     extern C:\Users\Luca Lucci\Documents\Scheda_interfaccia_CANBUS\FW\user\can.c
       can_init_interrupt   0x002556    program     extern C:\Users\Luca Lucci\Documents\Scheda_interfaccia_CANBUS\FW\user\can.c
         can_init_mask_id   0x002634    program     extern C:\Users\Luca Lucci\Documents\Scheda_interfaccia_CANBUS\FW\user\can.c
can_init_prog_buffer_mode   0x0025d2    program     extern C:\Users\Luca Lucci\Documents\Scheda_interfaccia_CANBUS\FW\user\can.c
                  can_isr   0x003f7e    program     extern C:\Users\Luca Lucci\Documents\Scheda_interfaccia_CANBUS\FW\user\can_interface.c
          can_load_buffer   0x00300c    program     extern C:\Users\Luca Lucci\Documents\Scheda_interfaccia_CANBUS\FW\user\can.c
          can_mode_select   0x002eae    program     extern C:\Users\Luca Lucci\Documents\Scheda_interfaccia_CANBUS\FW\user\can.c
            can_op_select   0x002ee8    program     extern C:\Users\Luca Lucci\Documents\Scheda_interfaccia_CANBUS\FW\user\can.c
                 can_read   0x003260    program     extern C:\Users\Luca Lucci\Documents\Scheda_interfaccia_CANBUS\FW\user\can.c
   can_search_buffer_free   0x002f2c    program     extern C:\Users\Luca Lucci\Documents\Scheda_interfaccia_CANBUS\FW\user\can.c
 can_search_buffer_loaded   0x002f9e    program     extern C:\Users\Luca Lucci\Documents\Scheda_interfaccia_CANBUS\FW\user\can.c
      can_uart_initialize   0x000044    program     extern C:\Users\Luca Lucci\Documents\Scheda_interfaccia_CANBUS\FW\user\can_to_rs232_converter.c
            can_uart_loop   0x000830    program     extern C:\Users\Luca Lucci\Documents\Scheda_interfaccia_CANBUS\FW\user\can_to_rs232_converter.c
can_uart_message_read_from_can   0x000ac8    program     extern C:\Users\Luca Lucci\Documents\Scheda_interfaccia_CANBUS\FW\user\can_to_rs232_converter.c
can_uart_message_read_from_uart   0x000a3a    program     extern C:\Users\Luca Lucci\Documents\Scheda_interfaccia_CANBUS\FW\user\can_to_rs232_converter.c
can_uart_proc_int_message   0x000ba2    program     extern C:\Users\Luca Lucci\Documents\Scheda_interfaccia_CANBUS\FW\user\can_to_rs232_converter.c
                can_write   0x003204    program     extern C:\Users\Luca Lucci\Documents\Scheda_interfaccia_CANBUS\FW\user\can.c
            canid_to_regs   0x00350c    program     extern C:\Users\Luca Lucci\Documents\Scheda_interfaccia_CANBUS\FW\user\can.c
     cbrn_get_can_address   0x000f86    program     extern C:\Users\Luca Lucci\Documents\Scheda_interfaccia_CANBUS\FW\user\can_to_rs232_converter.c
        cbrn_get_can_info   0x001770    program     extern C:\Users\Luca Lucci\Documents\Scheda_interfaccia_CANBUS\FW\user\can_to_rs232_converter.c
                compare_l   0x006446    program     static D:\3.43\pic18-lt\cxx-framework\src\traditional\proc\p18f46k80.asm
                copy_loop   0x005f78    program     static                          
            copy_one_byte   0x005f7e    program     static                          
                     done   0x005fa2    program     static                          
             done_copying   0x005f8c    program     static                          
                 high_isr   0x005bbc    program     extern C:\Users\Luca Lucci\Documents\Scheda_interfaccia_CANBUS\FW\system\interrupt\interrupt.c
        initialize_system   0x005fc4    program     extern C:\Users\Luca Lucci\Documents\Scheda_interfaccia_CANBUS\FW\main.c
 interrupt_at_high_vector   0x000008    program     extern C:\Users\Luca Lucci\Documents\Scheda_interfaccia_CANBUS\FW\system\interrupt\interrupt.c
  interrupt_at_low_vector   0x000018    program     extern C:\Users\Luca Lucci\Documents\Scheda_interfaccia_CANBUS\FW\system\interrupt\interrupt.c
                  isdigit   0x0063c8    program     extern D:\3.43\pic18-lt\cxx-framework\src\traditional\stdclib\isdigit.asm
                     jEnd   0x005e0e    program     static D:\3.43\pic18-lt\cxx-framework\src\traditional\stdclib\strlen.asm
                     jEnd   0x005e46    program     static D:\3.43\pic18-lt\cxx-framework\src\traditional\stdclib\slenpgm.asm
                     jEnd   0x005de2    program     static D:\3.43\pic18-lt\cxx-framework\src\traditional\stdclib\memcpy.asm
                    jLoop   0x005e2e    program     static D:\3.43\pic18-lt\cxx-framework\src\traditional\stdclib\slenpgm.asm
                    jLoop   0x005dc6    program     static D:\3.43\pic18-lt\cxx-framework\src\traditional\stdclib\memcpy.asm
                    jLoop   0x005e04    program     static D:\3.43\pic18-lt\cxx-framework\src\traditional\stdclib\strlen.asm
                   jMatch   0x0063e8    program     static D:\3.43\pic18-lt\cxx-framework\src\traditional\stdclib\isdigit.asm
                 jNoMatch   0x0063ea    program     static D:\3.43\pic18-lt\cxx-framework\src\traditional\stdclib\isdigit.asm
                     loop   0x006460    program     static                          
                     loop   0x00647c    program     static D:\3.43\pic18-lt\cxx-framework\src\pmc_common\USART\_usartpc.asm
                     loop   0x006274    program     static                          
                   loop_h   0x00643e    program     static D:\3.43\pic18-lt\cxx-framework\src\traditional\proc\p18f46k80.asm
                   loop_l   0x006448    program     static D:\3.43\pic18-lt\cxx-framework\src\traditional\proc\p18f46k80.asm
                  low_isr   0x005c88    program     extern C:\Users\Luca Lucci\Documents\Scheda_interfaccia_CANBUS\FW\system\interrupt\interrupt.c
                     main   0x005fa4    program     extern C:\Users\Luca Lucci\Documents\Scheda_interfaccia_CANBUS\FW\main.c
                   memcpy   0x005d9e    program     extern D:\3.43\pic18-lt\cxx-framework\src\traditional\stdclib\memcpy.asm
pc_interface_can_state_machine   0x00107a    program     extern C:\Users\Luca Lucci\Documents\Scheda_interfaccia_CANBUS\FW\user\can_to_rs232_converter.c
pc_interface_uart_state_machine   0x0011ce    program     extern C:\Users\Luca Lucci\Documents\Scheda_interfaccia_CANBUS\FW\user\can_to_rs232_converter.c
                     putc   0x00602e    program     extern D:\3.43\pic18-lt\cxx-framework\src\traditional\stdclib\putc.c
                 s_digits   0x006488    program     static D:\3.43\pic18-lt\cxx-framework\src\traditional\stdclib\vfprintf.c
            s_put_n_chars   0x00443e    program     static D:\3.43\pic18-lt\cxx-framework\src\traditional\stdclib\vfprintf.c
sass2300_can_state_machine   0x00151e    program     extern C:\Users\Luca Lucci\Documents\Scheda_interfaccia_CANBUS\FW\user\can_to_rs232_converter.c
sass2300_uart_state_machine   0x001592    program     extern C:\Users\Luca Lucci\Documents\Scheda_interfaccia_CANBUS\FW\user\can_to_rs232_converter.c
sens_exp_uart_state_machine   0x001670    program     extern C:\Users\Luca Lucci\Documents\Scheda_interfaccia_CANBUS\FW\user\can_to_rs232_converter.c
                  sprintf   0x005e5a    program     extern D:\3.43\pic18-lt\cxx-framework\src\traditional\stdclib\sprintf.c
                   strlen   0x005df4    program     extern D:\3.43\pic18-lt\cxx-framework\src\traditional\stdclib\strlen.asm
                strlenpgm   0x005e10    program     extern D:\3.43\pic18-lt\cxx-framework\src\traditional\stdclib\slenpgm.asm
                     test   0x005f20    program     static                          
      uart1_buad_rate_set   0x005658    program     extern C:\Users\Luca Lucci\Documents\Scheda_interfaccia_CANBUS\FW\user\uart_interface.c
        uart1_buffer_read   0x00556e    program     extern C:\Users\Luca Lucci\Documents\Scheda_interfaccia_CANBUS\FW\user\uart_interface.c
     uart1_buffer_rx_load   0x0053fe    program     extern C:\Users\Luca Lucci\Documents\Scheda_interfaccia_CANBUS\FW\user\uart_interface.c
        uart1_buffer_send   0x0052e0    program     extern C:\Users\Luca Lucci\Documents\Scheda_interfaccia_CANBUS\FW\user\uart_interface.c
     uart1_buffer_tx_load   0x0050ec    program     extern C:\Users\Luca Lucci\Documents\Scheda_interfaccia_CANBUS\FW\user\uart_interface.c
 uart1_buffer_tx_seq_load   0x0051a0    program     extern C:\Users\Luca Lucci\Documents\Scheda_interfaccia_CANBUS\FW\user\uart_interface.c
       uart1_error_handle   0x005a50    program     extern C:\Users\Luca Lucci\Documents\Scheda_interfaccia_CANBUS\FW\user\uart_interface.c
   uart1_get_rx_data_size   0x005648    program     extern C:\Users\Luca Lucci\Documents\Scheda_interfaccia_CANBUS\FW\user\uart_interface.c
uart1_get_tx_buffer_empty_space   0x00539a    program     extern C:\Users\Luca Lucci\Documents\Scheda_interfaccia_CANBUS\FW\user\uart_interface.c
               uart1_init   0x005060    program     extern C:\Users\Luca Lucci\Documents\Scheda_interfaccia_CANBUS\FW\user\uart_interface.c
                uart1_isr   0x005a24    program     extern C:\Users\Luca Lucci\Documents\Scheda_interfaccia_CANBUS\FW\user\uart_interface.c
           uart1_tsr_poll   0x005a44    program     extern C:\Users\Luca Lucci\Documents\Scheda_interfaccia_CANBUS\FW\user\uart_interface.c
      uart2_buad_rate_set   0x00583e    program     extern C:\Users\Luca Lucci\Documents\Scheda_interfaccia_CANBUS\FW\user\uart_interface.c
        uart2_buffer_read   0x0055da    program     extern C:\Users\Luca Lucci\Documents\Scheda_interfaccia_CANBUS\FW\user\uart_interface.c
     uart2_buffer_rx_load   0x0054ba    program     extern C:\Users\Luca Lucci\Documents\Scheda_interfaccia_CANBUS\FW\user\uart_interface.c
        uart2_buffer_send   0x00534a    program     extern C:\Users\Luca Lucci\Documents\Scheda_interfaccia_CANBUS\FW\user\uart_interface.c
     uart2_buffer_tx_load   0x005144    program     extern C:\Users\Luca Lucci\Documents\Scheda_interfaccia_CANBUS\FW\user\uart_interface.c
 uart2_buffer_tx_seq_load   0x005240    program     extern C:\Users\Luca Lucci\Documents\Scheda_interfaccia_CANBUS\FW\user\uart_interface.c
       uart2_error_handle   0x005b06    program     extern C:\Users\Luca Lucci\Documents\Scheda_interfaccia_CANBUS\FW\user\uart_interface.c
   uart2_get_rx_data_size   0x005650    program     extern C:\Users\Luca Lucci\Documents\Scheda_interfaccia_CANBUS\FW\user\uart_interface.c
uart2_get_tx_buffer_empty_space   0x0053cc    program     extern C:\Users\Luca Lucci\Documents\Scheda_interfaccia_CANBUS\FW\user\uart_interface.c
               uart2_init   0x0050a6    program     extern C:\Users\Luca Lucci\Documents\Scheda_interfaccia_CANBUS\FW\user\uart_interface.c
                uart2_isr   0x005a26    program     extern C:\Users\Luca Lucci\Documents\Scheda_interfaccia_CANBUS\FW\user\uart_interface.c
           uart2_tsr_poll   0x005a4a    program     extern C:\Users\Luca Lucci\Documents\Scheda_interfaccia_CANBUS\FW\user\uart_interface.c
                 vfprintf   0x00446a    program     extern D:\3.43\pic18-lt\cxx-framework\src\traditional\stdclib\vfprintf.c
               zero_block   0x00643e    program     static D:\3.43\pic18-lt\cxx-framework\src\traditional\proc\p18f46k80.asm
                   ADCON0   0x000fc2       data     extern D:\3.43\pic18-lt\cxx-framework\src\traditional\proc\p18f46k80.asm
               ADCON0bits   0x000fc2       data     extern D:\3.43\pic18-lt\cxx-framework\src\traditional\proc\p18f46k80.asm
                   ADCON1   0x000fc1       data     extern D:\3.43\pic18-lt\cxx-framework\src\traditional\proc\p18f46k80.asm
               ADCON1bits   0x000fc1       data     extern D:\3.43\pic18-lt\cxx-framework\src\traditional\proc\p18f46k80.asm
                   ADCON2   0x000fc0       data     extern D:\3.43\pic18-lt\cxx-framework\src\traditional\proc\p18f46k80.asm
               ADCON2bits   0x000fc0       data     extern D:\3.43\pic18-lt\cxx-framework\src\traditional\proc\p18f46k80.asm
                    ADRES   0x000fc3       data     extern D:\3.43\pic18-lt\cxx-framework\src\traditional\proc\p18f46k80.asm
                   ADRESH   0x000fc4       data     extern D:\3.43\pic18-lt\cxx-framework\src\traditional\proc\p18f46k80.asm
                   ADRESL   0x000fc3       data     extern D:\3.43\pic18-lt\cxx-framework\src\traditional\proc\p18f46k80.asm
                   ANCON0   0x000f5d       data     extern D:\3.43\pic18-lt\cxx-framework\src\traditional\proc\p18f46k80.asm
               ANCON0bits   0x000f5d       data     extern D:\3.43\pic18-lt\cxx-framework\src\traditional\proc\p18f46k80.asm
                   ANCON1   0x000f5c       data     extern D:\3.43\pic18-lt\cxx-framework\src\traditional\proc\p18f46k80.asm
               ANCON1bits   0x000f5c       data     extern D:\3.43\pic18-lt\cxx-framework\src\traditional\proc\p18f46k80.asm
                    B0CON   0x000e80       data     extern D:\3.43\pic18-lt\cxx-framework\src\traditional\proc\p18f46k80.asm
                B0CONbits   0x000e80       data     extern D:\3.43\pic18-lt\cxx-framework\src\traditional\proc\p18f46k80.asm
                     B0D0   0x000e86       data     extern D:\3.43\pic18-lt\cxx-framework\src\traditional\proc\p18f46k80.asm
                 B0D0bits   0x000e86       data     extern D:\3.43\pic18-lt\cxx-framework\src\traditional\proc\p18f46k80.asm
                     B0D1   0x000e87       data     extern D:\3.43\pic18-lt\cxx-framework\src\traditional\proc\p18f46k80.asm
                 B0D1bits   0x000e87       data     extern D:\3.43\pic18-lt\cxx-framework\src\traditional\proc\p18f46k80.asm
                     B0D2   0x000e88       data     extern D:\3.43\pic18-lt\cxx-framework\src\traditional\proc\p18f46k80.asm
                 B0D2bits   0x000e88       data     extern D:\3.43\pic18-lt\cxx-framework\src\traditional\proc\p18f46k80.asm
                     B0D3   0x000e89       data     extern D:\3.43\pic18-lt\cxx-framework\src\traditional\proc\p18f46k80.asm
                 B0D3bits   0x000e89       data     extern D:\3.43\pic18-lt\cxx-framework\src\traditional\proc\p18f46k80.asm
                     B0D4   0x000e8a       data     extern D:\3.43\pic18-lt\cxx-framework\src\traditional\proc\p18f46k80.asm
                 B0D4bits   0x000e8a       data     extern D:\3.43\pic18-lt\cxx-framework\src\traditional\proc\p18f46k80.asm
                     B0D5   0x000e8b       data     extern D:\3.43\pic18-lt\cxx-framework\src\traditional\proc\p18f46k80.asm
                 B0D5bits   0x000e8b       data     extern D:\3.43\pic18-lt\cxx-framework\src\traditional\proc\p18f46k80.asm
                     B0D6   0x000e8c       data     extern D:\3.43\pic18-lt\cxx-framework\src\traditional\proc\p18f46k80.asm
                 B0D6bits   0x000e8c       data     extern D:\3.43\pic18-lt\cxx-framework\src\traditional\proc\p18f46k80.asm
                     B0D7   0x000e8d       data     extern D:\3.43\pic18-lt\cxx-framework\src\traditional\proc\p18f46k80.asm
                 B0D7bits   0x000e8d       data     extern D:\3.43\pic18-lt\cxx-framework\src\traditional\proc\p18f46k80.asm
                    B0DLC   0x000e85       data     extern D:\3.43\pic18-lt\cxx-framework\src\traditional\proc\p18f46k80.asm
                B0DLCbits   0x000e85       data     extern D:\3.43\pic18-lt\cxx-framework\src\traditional\proc\p18f46k80.asm
                   B0EIDH   0x000e83       data     extern D:\3.43\pic18-lt\cxx-framework\src\traditional\proc\p18f46k80.asm
               B0EIDHbits   0x000e83       data     extern D:\3.43\pic18-lt\cxx-framework\src\traditional\proc\p18f46k80.asm
                   B0EIDL   0x000e84       data     extern D:\3.43\pic18-lt\cxx-framework\src\traditional\proc\p18f46k80.asm
               B0EIDLbits   0x000e84       data     extern D:\3.43\pic18-lt\cxx-framework\src\traditional\proc\p18f46k80.asm
                   B0SIDH   0x000e81       data     extern D:\3.43\pic18-lt\cxx-framework\src\traditional\proc\p18f46k80.asm
               B0SIDHbits   0x000e81       data     extern D:\3.43\pic18-lt\cxx-framework\src\traditional\proc\p18f46k80.asm
                   B0SIDL   0x000e82       data     extern D:\3.43\pic18-lt\cxx-framework\src\traditional\proc\p18f46k80.asm
               B0SIDLbits   0x000e82       data     extern D:\3.43\pic18-lt\cxx-framework\src\traditional\proc\p18f46k80.asm
                    B1CON   0x000e90       data     extern D:\3.43\pic18-lt\cxx-framework\src\traditional\proc\p18f46k80.asm
                B1CONbits   0x000e90       data     extern D:\3.43\pic18-lt\cxx-framework\src\traditional\proc\p18f46k80.asm
                     B1D0   0x000e96       data     extern D:\3.43\pic18-lt\cxx-framework\src\traditional\proc\p18f46k80.asm
                 B1D0bits   0x000e96       data     extern D:\3.43\pic18-lt\cxx-framework\src\traditional\proc\p18f46k80.asm
                     B1D1   0x000e97       data     extern D:\3.43\pic18-lt\cxx-framework\src\traditional\proc\p18f46k80.asm
                 B1D1bits   0x000e97       data     extern D:\3.43\pic18-lt\cxx-framework\src\traditional\proc\p18f46k80.asm
                     B1D2   0x000e98       data     extern D:\3.43\pic18-lt\cxx-framework\src\traditional\proc\p18f46k80.asm
                 B1D2bits   0x000e98       data     extern D:\3.43\pic18-lt\cxx-framework\src\traditional\proc\p18f46k80.asm
                     B1D3   0x000e99       data     extern D:\3.43\pic18-lt\cxx-framework\src\traditional\proc\p18f46k80.asm
                 B1D3bits   0x000e99       data     extern D:\3.43\pic18-lt\cxx-framework\src\traditional\proc\p18f46k80.asm
                     B1D4   0x000e9a       data     extern D:\3.43\pic18-lt\cxx-framework\src\traditional\proc\p18f46k80.asm
                 B1D4bits   0x000e9a       data     extern D:\3.43\pic18-lt\cxx-framework\src\traditional\proc\p18f46k80.asm
                     B1D5   0x000e9b       data     extern D:\3.43\pic18-lt\cxx-framework\src\traditional\proc\p18f46k80.asm
                 B1D5bits   0x000e9b       data     extern D:\3.43\pic18-lt\cxx-framework\src\traditional\proc\p18f46k80.asm
                     B1D6   0x000e9c       data     extern D:\3.43\pic18-lt\cxx-framework\src\traditional\proc\p18f46k80.asm
                 B1D6bits   0x000e9c       data     extern D:\3.43\pic18-lt\cxx-framework\src\traditional\proc\p18f46k80.asm
                     B1D7   0x000e9d       data     extern D:\3.43\pic18-lt\cxx-framework\src\traditional\proc\p18f46k80.asm
                 B1D7bits   0x000e9d       data     extern D:\3.43\pic18-lt\cxx-framework\src\traditional\proc\p18f46k80.asm
                    B1DLC   0x000e95       data     extern D:\3.43\pic18-lt\cxx-framework\src\traditional\proc\p18f46k80.asm
                B1DLCbits   0x000e95       data     extern D:\3.43\pic18-lt\cxx-framework\src\traditional\proc\p18f46k80.asm
                   B1EIDH   0x000e93       data     extern D:\3.43\pic18-lt\cxx-framework\src\traditional\proc\p18f46k80.asm
               B1EIDHbits   0x000e93       data     extern D:\3.43\pic18-lt\cxx-framework\src\traditional\proc\p18f46k80.asm
                   B1EIDL   0x000e94       data     extern D:\3.43\pic18-lt\cxx-framework\src\traditional\proc\p18f46k80.asm
               B1EIDLbits   0x000e94       data     extern D:\3.43\pic18-lt\cxx-framework\src\traditional\proc\p18f46k80.asm
                   B1SIDH   0x000e91       data     extern D:\3.43\pic18-lt\cxx-framework\src\traditional\proc\p18f46k80.asm
               B1SIDHbits   0x000e91       data     extern D:\3.43\pic18-lt\cxx-framework\src\traditional\proc\p18f46k80.asm
                   B1SIDL   0x000e92       data     extern D:\3.43\pic18-lt\cxx-framework\src\traditional\proc\p18f46k80.asm
               B1SIDLbits   0x000e92       data     extern D:\3.43\pic18-lt\cxx-framework\src\traditional\proc\p18f46k80.asm
                    B2CON   0x000ea0       data     extern D:\3.43\pic18-lt\cxx-framework\src\traditional\proc\p18f46k80.asm
                B2CONbits   0x000ea0       data     extern D:\3.43\pic18-lt\cxx-framework\src\traditional\proc\p18f46k80.asm
                     B2D0   0x000ea6       data     extern D:\3.43\pic18-lt\cxx-framework\src\traditional\proc\p18f46k80.asm
                 B2D0bits   0x000ea6       data     extern D:\3.43\pic18-lt\cxx-framework\src\traditional\proc\p18f46k80.asm
                     B2D1   0x000ea7       data     extern D:\3.43\pic18-lt\cxx-framework\src\traditional\proc\p18f46k80.asm
                 B2D1bits   0x000ea7       data     extern D:\3.43\pic18-lt\cxx-framework\src\traditional\proc\p18f46k80.asm
                     B2D2   0x000ea8       data     extern D:\3.43\pic18-lt\cxx-framework\src\traditional\proc\p18f46k80.asm
                 B2D2bits   0x000ea8       data     extern D:\3.43\pic18-lt\cxx-framework\src\traditional\proc\p18f46k80.asm
                     B2D3   0x000ea9       data     extern D:\3.43\pic18-lt\cxx-framework\src\traditional\proc\p18f46k80.asm
                 B2D3bits   0x000ea9       data     extern D:\3.43\pic18-lt\cxx-framework\src\traditional\proc\p18f46k80.asm
                     B2D4   0x000eaa       data     extern D:\3.43\pic18-lt\cxx-framework\src\traditional\proc\p18f46k80.asm
                 B2D4bits   0x000eaa       data     extern D:\3.43\pic18-lt\cxx-framework\src\traditional\proc\p18f46k80.asm
                     B2D5   0x000eab       data     extern D:\3.43\pic18-lt\cxx-framework\src\traditional\proc\p18f46k80.asm
                 B2D5bits   0x000eab       data     extern D:\3.43\pic18-lt\cxx-framework\src\traditional\proc\p18f46k80.asm
                     B2D6   0x000eac       data     extern D:\3.43\pic18-lt\cxx-framework\src\traditional\proc\p18f46k80.asm
                 B2D6bits   0x000eac       data     extern D:\3.43\pic18-lt\cxx-framework\src\traditional\proc\p18f46k80.asm
                     B2D7   0x000ead       data     extern D:\3.43\pic18-lt\cxx-framework\src\traditional\proc\p18f46k80.asm
                 B2D7bits   0x000ead       data     extern D:\3.43\pic18-lt\cxx-framework\src\traditional\proc\p18f46k80.asm
                    B2DLC   0x000ea5       data     extern D:\3.43\pic18-lt\cxx-framework\src\traditional\proc\p18f46k80.asm
                B2DLCbits   0x000ea5       data     extern D:\3.43\pic18-lt\cxx-framework\src\traditional\proc\p18f46k80.asm
                   B2EIDH   0x000ea3       data     extern D:\3.43\pic18-lt\cxx-framework\src\traditional\proc\p18f46k80.asm
               B2EIDHbits   0x000ea3       data     extern D:\3.43\pic18-lt\cxx-framework\src\traditional\proc\p18f46k80.asm
                   B2EIDL   0x000ea4       data     extern D:\3.43\pic18-lt\cxx-framework\src\traditional\proc\p18f46k80.asm
               B2EIDLbits   0x000ea4       data     extern D:\3.43\pic18-lt\cxx-framework\src\traditional\proc\p18f46k80.asm
                   B2SIDH   0x000ea1       data     extern D:\3.43\pic18-lt\cxx-framework\src\traditional\proc\p18f46k80.asm
               B2SIDHbits   0x000ea1       data     extern D:\3.43\pic18-lt\cxx-framework\src\traditional\proc\p18f46k80.asm
                   B2SIDL   0x000ea2       data     extern D:\3.43\pic18-lt\cxx-framework\src\traditional\proc\p18f46k80.asm
               B2SIDLbits   0x000ea2       data     extern D:\3.43\pic18-lt\cxx-framework\src\traditional\proc\p18f46k80.asm
                    B3CON   0x000eb0       data     extern D:\3.43\pic18-lt\cxx-framework\src\traditional\proc\p18f46k80.asm
                B3CONbits   0x000eb0       data     extern D:\3.43\pic18-lt\cxx-framework\src\traditional\proc\p18f46k80.asm
                     B3D0   0x000eb6       data     extern D:\3.43\pic18-lt\cxx-framework\src\traditional\proc\p18f46k80.asm
                 B3D0bits   0x000eb6       data     extern D:\3.43\pic18-lt\cxx-framework\src\traditional\proc\p18f46k80.asm
                     B3D1   0x000eb7       data     extern D:\3.43\pic18-lt\cxx-framework\src\traditional\proc\p18f46k80.asm
                 B3D1bits   0x000eb7       data     extern D:\3.43\pic18-lt\cxx-framework\src\traditional\proc\p18f46k80.asm
                     B3D2   0x000eb8       data     extern D:\3.43\pic18-lt\cxx-framework\src\traditional\proc\p18f46k80.asm
                 B3D2bits   0x000eb8       data     extern D:\3.43\pic18-lt\cxx-framework\src\traditional\proc\p18f46k80.asm
                     B3D3   0x000eb9       data     extern D:\3.43\pic18-lt\cxx-framework\src\traditional\proc\p18f46k80.asm
                 B3D3bits   0x000eb9       data     extern D:\3.43\pic18-lt\cxx-framework\src\traditional\proc\p18f46k80.asm
                     B3D4   0x000eba       data     extern D:\3.43\pic18-lt\cxx-framework\src\traditional\proc\p18f46k80.asm
                 B3D4bits   0x000eba       data     extern D:\3.43\pic18-lt\cxx-framework\src\traditional\proc\p18f46k80.asm
                     B3D5   0x000ebb       data     extern D:\3.43\pic18-lt\cxx-framework\src\traditional\proc\p18f46k80.asm
                 B3D5bits   0x000ebb       data     extern D:\3.43\pic18-lt\cxx-framework\src\traditional\proc\p18f46k80.asm
                     B3D6   0x000ebc       data     extern D:\3.43\pic18-lt\cxx-framework\src\traditional\proc\p18f46k80.asm
                 B3D6bits   0x000ebc       data     extern D:\3.43\pic18-lt\cxx-framework\src\traditional\proc\p18f46k80.asm
                     B3D7   0x000ebd       data     extern D:\3.43\pic18-lt\cxx-framework\src\traditional\proc\p18f46k80.asm
                 B3D7bits   0x000ebd       data     extern D:\3.43\pic18-lt\cxx-framework\src\traditional\proc\p18f46k80.asm
                    B3DLC   0x000eb5       data     extern D:\3.43\pic18-lt\cxx-framework\src\traditional\proc\p18f46k80.asm
                B3DLCbits   0x000eb5       data     extern D:\3.43\pic18-lt\cxx-framework\src\traditional\proc\p18f46k80.asm
                   B3EIDH   0x000eb3       data     extern D:\3.43\pic18-lt\cxx-framework\src\traditional\proc\p18f46k80.asm
               B3EIDHbits   0x000eb3       data     extern D:\3.43\pic18-lt\cxx-framework\src\traditional\proc\p18f46k80.asm
                   B3EIDL   0x000eb4       data     extern D:\3.43\pic18-lt\cxx-framework\src\traditional\proc\p18f46k80.asm
               B3EIDLbits   0x000eb4       data     extern D:\3.43\pic18-lt\cxx-framework\src\traditional\proc\p18f46k80.asm
                   B3SIDH   0x000eb1       data     extern D:\3.43\pic18-lt\cxx-framework\src\traditional\proc\p18f46k80.asm
               B3SIDHbits   0x000eb1       data     extern D:\3.43\pic18-lt\cxx-framework\src\traditional\proc\p18f46k80.asm
                   B3SIDL   0x000eb2       data     extern D:\3.43\pic18-lt\cxx-framework\src\traditional\proc\p18f46k80.asm
               B3SIDLbits   0x000eb2       data     extern D:\3.43\pic18-lt\cxx-framework\src\traditional\proc\p18f46k80.asm
                    B4CON   0x000ec0       data     extern D:\3.43\pic18-lt\cxx-framework\src\traditional\proc\p18f46k80.asm
                B4CONbits   0x000ec0       data     extern D:\3.43\pic18-lt\cxx-framework\src\traditional\proc\p18f46k80.asm
                     B4D0   0x000ec6       data     extern D:\3.43\pic18-lt\cxx-framework\src\traditional\proc\p18f46k80.asm
                 B4D0bits   0x000ec6       data     extern D:\3.43\pic18-lt\cxx-framework\src\traditional\proc\p18f46k80.asm
                     B4D1   0x000ec7       data     extern D:\3.43\pic18-lt\cxx-framework\src\traditional\proc\p18f46k80.asm
                 B4D1bits   0x000ec7       data     extern D:\3.43\pic18-lt\cxx-framework\src\traditional\proc\p18f46k80.asm
                     B4D2   0x000ec8       data     extern D:\3.43\pic18-lt\cxx-framework\src\traditional\proc\p18f46k80.asm
                 B4D2bits   0x000ec8       data     extern D:\3.43\pic18-lt\cxx-framework\src\traditional\proc\p18f46k80.asm
                     B4D3   0x000ec9       data     extern D:\3.43\pic18-lt\cxx-framework\src\traditional\proc\p18f46k80.asm
                 B4D3bits   0x000ec9       data     extern D:\3.43\pic18-lt\cxx-framework\src\traditional\proc\p18f46k80.asm
                     B4D4   0x000eca       data     extern D:\3.43\pic18-lt\cxx-framework\src\traditional\proc\p18f46k80.asm
                 B4D4bits   0x000eca       data     extern D:\3.43\pic18-lt\cxx-framework\src\traditional\proc\p18f46k80.asm
                     B4D5   0x000ecb       data     extern D:\3.43\pic18-lt\cxx-framework\src\traditional\proc\p18f46k80.asm
                 B4D5bits   0x000ecb       data     extern D:\3.43\pic18-lt\cxx-framework\src\traditional\proc\p18f46k80.asm
                     B4D6   0x000ecc       data     extern D:\3.43\pic18-lt\cxx-framework\src\traditional\proc\p18f46k80.asm
                 B4D6bits   0x000ecc       data     extern D:\3.43\pic18-lt\cxx-framework\src\traditional\proc\p18f46k80.asm
                     B4D7   0x000ecd       data     extern D:\3.43\pic18-lt\cxx-framework\src\traditional\proc\p18f46k80.asm
                 B4D7bits   0x000ecd       data     extern D:\3.43\pic18-lt\cxx-framework\src\traditional\proc\p18f46k80.asm
                    B4DLC   0x000ec5       data     extern D:\3.43\pic18-lt\cxx-framework\src\traditional\proc\p18f46k80.asm
                B4DLCbits   0x000ec5       data     extern D:\3.43\pic18-lt\cxx-framework\src\traditional\proc\p18f46k80.asm
                   B4EIDH   0x000ec3       data     extern D:\3.43\pic18-lt\cxx-framework\src\traditional\proc\p18f46k80.asm
               B4EIDHbits   0x000ec3       data     extern D:\3.43\pic18-lt\cxx-framework\src\traditional\proc\p18f46k80.asm
                   B4EIDL   0x000ec4       data     extern D:\3.43\pic18-lt\cxx-framework\src\traditional\proc\p18f46k80.asm
               B4EIDLbits   0x000ec4       data     extern D:\3.43\pic18-lt\cxx-framework\src\traditional\proc\p18f46k80.asm
                   B4SIDH   0x000ec1       data     extern D:\3.43\pic18-lt\cxx-framework\src\traditional\proc\p18f46k80.asm
               B4SIDHbits   0x000ec1       data     extern D:\3.43\pic18-lt\cxx-framework\src\traditional\proc\p18f46k80.asm
                   B4SIDL   0x000ec2       data     extern D:\3.43\pic18-lt\cxx-framework\src\traditional\proc\p18f46k80.asm
               B4SIDLbits   0x000ec2       data     extern D:\3.43\pic18-lt\cxx-framework\src\traditional\proc\p18f46k80.asm
                    B5CON   0x000ed0       data     extern D:\3.43\pic18-lt\cxx-framework\src\traditional\proc\p18f46k80.asm
                B5CONbits   0x000ed0       data     extern D:\3.43\pic18-lt\cxx-framework\src\traditional\proc\p18f46k80.asm
                     B5D0   0x000ed6       data     extern D:\3.43\pic18-lt\cxx-framework\src\traditional\proc\p18f46k80.asm
                 B5D0bits   0x000ed6       data     extern D:\3.43\pic18-lt\cxx-framework\src\traditional\proc\p18f46k80.asm
                     B5D1   0x000ed7       data     extern D:\3.43\pic18-lt\cxx-framework\src\traditional\proc\p18f46k80.asm
                 B5D1bits   0x000ed7       data     extern D:\3.43\pic18-lt\cxx-framework\src\traditional\proc\p18f46k80.asm
                     B5D2   0x000ed8       data     extern D:\3.43\pic18-lt\cxx-framework\src\traditional\proc\p18f46k80.asm
                 B5D2bits   0x000ed8       data     extern D:\3.43\pic18-lt\cxx-framework\src\traditional\proc\p18f46k80.asm
                     B5D3   0x000ed9       data     extern D:\3.43\pic18-lt\cxx-framework\src\traditional\proc\p18f46k80.asm
                 B5D3bits   0x000ed9       data     extern D:\3.43\pic18-lt\cxx-framework\src\traditional\proc\p18f46k80.asm
                     B5D4   0x000eda       data     extern D:\3.43\pic18-lt\cxx-framework\src\traditional\proc\p18f46k80.asm
                 B5D4bits   0x000eda       data     extern D:\3.43\pic18-lt\cxx-framework\src\traditional\proc\p18f46k80.asm
                     B5D5   0x000edb       data     extern D:\3.43\pic18-lt\cxx-framework\src\traditional\proc\p18f46k80.asm
                 B5D5bits   0x000edb       data     extern D:\3.43\pic18-lt\cxx-framework\src\traditional\proc\p18f46k80.asm
                     B5D6   0x000edc       data     extern D:\3.43\pic18-lt\cxx-framework\src\traditional\proc\p18f46k80.asm
                 B5D6bits   0x000edc       data     extern D:\3.43\pic18-lt\cxx-framework\src\traditional\proc\p18f46k80.asm
                     B5D7   0x000edd       data     extern D:\3.43\pic18-lt\cxx-framework\src\traditional\proc\p18f46k80.asm
                 B5D7bits   0x000edd       data     extern D:\3.43\pic18-lt\cxx-framework\src\traditional\proc\p18f46k80.asm
                    B5DLC   0x000ed5       data     extern D:\3.43\pic18-lt\cxx-framework\src\traditional\proc\p18f46k80.asm
                B5DLCbits   0x000ed5       data     extern D:\3.43\pic18-lt\cxx-framework\src\traditional\proc\p18f46k80.asm
                   B5EIDH   0x000ed3       data     extern D:\3.43\pic18-lt\cxx-framework\src\traditional\proc\p18f46k80.asm
               B5EIDHbits   0x000ed3       data     extern D:\3.43\pic18-lt\cxx-framework\src\traditional\proc\p18f46k80.asm
                   B5EIDL   0x000ed4       data     extern D:\3.43\pic18-lt\cxx-framework\src\traditional\proc\p18f46k80.asm
               B5EIDLbits   0x000ed4       data     extern D:\3.43\pic18-lt\cxx-framework\src\traditional\proc\p18f46k80.asm
                   B5SIDH   0x000ed1       data     extern D:\3.43\pic18-lt\cxx-framework\src\traditional\proc\p18f46k80.asm
               B5SIDHbits   0x000ed1       data     extern D:\3.43\pic18-lt\cxx-framework\src\traditional\proc\p18f46k80.asm
                   B5SIDL   0x000ed2       data     extern D:\3.43\pic18-lt\cxx-framework\src\traditional\proc\p18f46k80.asm
               B5SIDLbits   0x000ed2       data     extern D:\3.43\pic18-lt\cxx-framework\src\traditional\proc\p18f46k80.asm
                 BAUDCON1   0x000fa7       data     extern D:\3.43\pic18-lt\cxx-framework\src\traditional\proc\p18f46k80.asm
             BAUDCON1bits   0x000fa7       data     extern D:\3.43\pic18-lt\cxx-framework\src\traditional\proc\p18f46k80.asm
                 BAUDCON2   0x000fb9       data     extern D:\3.43\pic18-lt\cxx-framework\src\traditional\proc\p18f46k80.asm
             BAUDCON2bits   0x000fb9       data     extern D:\3.43\pic18-lt\cxx-framework\src\traditional\proc\p18f46k80.asm
                     BIE0   0x000e7e       data     extern D:\3.43\pic18-lt\cxx-framework\src\traditional\proc\p18f46k80.asm
                 BIE0bits   0x000e7e       data     extern D:\3.43\pic18-lt\cxx-framework\src\traditional\proc\p18f46k80.asm
                  BRGCON1   0x000e43       data     extern D:\3.43\pic18-lt\cxx-framework\src\traditional\proc\p18f46k80.asm
              BRGCON1bits   0x000e43       data     extern D:\3.43\pic18-lt\cxx-framework\src\traditional\proc\p18f46k80.asm
                  BRGCON2   0x000e44       data     extern D:\3.43\pic18-lt\cxx-framework\src\traditional\proc\p18f46k80.asm
              BRGCON2bits   0x000e44       data     extern D:\3.43\pic18-lt\cxx-framework\src\traditional\proc\p18f46k80.asm
                  BRGCON3   0x000e45       data     extern D:\3.43\pic18-lt\cxx-framework\src\traditional\proc\p18f46k80.asm
              BRGCON3bits   0x000e45       data     extern D:\3.43\pic18-lt\cxx-framework\src\traditional\proc\p18f46k80.asm
                    BSEL0   0x000e7d       data     extern D:\3.43\pic18-lt\cxx-framework\src\traditional\proc\p18f46k80.asm
                BSEL0bits   0x000e7d       data     extern D:\3.43\pic18-lt\cxx-framework\src\traditional\proc\p18f46k80.asm
                      BSR   0x000fe0       data     extern D:\3.43\pic18-lt\cxx-framework\src\traditional\proc\p18f46k80.asm
                  BSRbits   0x000fe0       data     extern D:\3.43\pic18-lt\cxx-framework\src\traditional\proc\p18f46k80.asm
                   CANCON   0x000f6f       data     extern D:\3.43\pic18-lt\cxx-framework\src\traditional\proc\p18f46k80.asm
               CANCON_RO0   0x000f3f       data     extern D:\3.43\pic18-lt\cxx-framework\src\traditional\proc\p18f46k80.asm
           CANCON_RO0bits   0x000f3f       data     extern D:\3.43\pic18-lt\cxx-framework\src\traditional\proc\p18f46k80.asm
               CANCON_RO1   0x000f2f       data     extern D:\3.43\pic18-lt\cxx-framework\src\traditional\proc\p18f46k80.asm
           CANCON_RO1bits   0x000f2f       data     extern D:\3.43\pic18-lt\cxx-framework\src\traditional\proc\p18f46k80.asm
               CANCON_RO2   0x000f1f       data     extern D:\3.43\pic18-lt\cxx-framework\src\traditional\proc\p18f46k80.asm
           CANCON_RO2bits   0x000f1f       data     extern D:\3.43\pic18-lt\cxx-framework\src\traditional\proc\p18f46k80.asm
               CANCON_RO3   0x000f0f       data     extern D:\3.43\pic18-lt\cxx-framework\src\traditional\proc\p18f46k80.asm
           CANCON_RO3bits   0x000f0f       data     extern D:\3.43\pic18-lt\cxx-framework\src\traditional\proc\p18f46k80.asm
               CANCON_RO4   0x000edf       data     extern D:\3.43\pic18-lt\cxx-framework\src\traditional\proc\p18f46k80.asm
           CANCON_RO4bits   0x000edf       data     extern D:\3.43\pic18-lt\cxx-framework\src\traditional\proc\p18f46k80.asm
               CANCON_RO5   0x000ecf       data     extern D:\3.43\pic18-lt\cxx-framework\src\traditional\proc\p18f46k80.asm
           CANCON_RO5bits   0x000ecf       data     extern D:\3.43\pic18-lt\cxx-framework\src\traditional\proc\p18f46k80.asm
               CANCON_RO6   0x000ebf       data     extern D:\3.43\pic18-lt\cxx-framework\src\traditional\proc\p18f46k80.asm
           CANCON_RO6bits   0x000ebf       data     extern D:\3.43\pic18-lt\cxx-framework\src\traditional\proc\p18f46k80.asm
               CANCON_RO7   0x000eaf       data     extern D:\3.43\pic18-lt\cxx-framework\src\traditional\proc\p18f46k80.asm
           CANCON_RO7bits   0x000eaf       data     extern D:\3.43\pic18-lt\cxx-framework\src\traditional\proc\p18f46k80.asm
               CANCON_RO8   0x000e9f       data     extern D:\3.43\pic18-lt\cxx-framework\src\traditional\proc\p18f46k80.asm
           CANCON_RO8bits   0x000e9f       data     extern D:\3.43\pic18-lt\cxx-framework\src\traditional\proc\p18f46k80.asm
               CANCON_RO9   0x000e8f       data     extern D:\3.43\pic18-lt\cxx-framework\src\traditional\proc\p18f46k80.asm
           CANCON_RO9bits   0x000e8f       data     extern D:\3.43\pic18-lt\cxx-framework\src\traditional\proc\p18f46k80.asm
               CANCONbits   0x000f6f       data     extern D:\3.43\pic18-lt\cxx-framework\src\traditional\proc\p18f46k80.asm
                  CANSTAT   0x000f6e       data     extern D:\3.43\pic18-lt\cxx-framework\src\traditional\proc\p18f46k80.asm
              CANSTAT_RO0   0x000f3e       data     extern D:\3.43\pic18-lt\cxx-framework\src\traditional\proc\p18f46k80.asm
          CANSTAT_RO0bits   0x000f3e       data     extern D:\3.43\pic18-lt\cxx-framework\src\traditional\proc\p18f46k80.asm
              CANSTAT_RO1   0x000f2e       data     extern D:\3.43\pic18-lt\cxx-framework\src\traditional\proc\p18f46k80.asm
          CANSTAT_RO1bits   0x000f2e       data     extern D:\3.43\pic18-lt\cxx-framework\src\traditional\proc\p18f46k80.asm
              CANSTAT_RO2   0x000f1e       data     extern D:\3.43\pic18-lt\cxx-framework\src\traditional\proc\p18f46k80.asm
          CANSTAT_RO2bits   0x000f1e       data     extern D:\3.43\pic18-lt\cxx-framework\src\traditional\proc\p18f46k80.asm
              CANSTAT_RO3   0x000f0e       data     extern D:\3.43\pic18-lt\cxx-framework\src\traditional\proc\p18f46k80.asm
          CANSTAT_RO3bits   0x000f0e       data     extern D:\3.43\pic18-lt\cxx-framework\src\traditional\proc\p18f46k80.asm
              CANSTAT_RO4   0x000ede       data     extern D:\3.43\pic18-lt\cxx-framework\src\traditional\proc\p18f46k80.asm
          CANSTAT_RO4bits   0x000ede       data     extern D:\3.43\pic18-lt\cxx-framework\src\traditional\proc\p18f46k80.asm
              CANSTAT_RO5   0x000ece       data     extern D:\3.43\pic18-lt\cxx-framework\src\traditional\proc\p18f46k80.asm
          CANSTAT_RO5bits   0x000ece       data     extern D:\3.43\pic18-lt\cxx-framework\src\traditional\proc\p18f46k80.asm
              CANSTAT_RO6   0x000ebe       data     extern D:\3.43\pic18-lt\cxx-framework\src\traditional\proc\p18f46k80.asm
          CANSTAT_RO6bits   0x000ebe       data     extern D:\3.43\pic18-lt\cxx-framework\src\traditional\proc\p18f46k80.asm
              CANSTAT_RO7   0x000eae       data     extern D:\3.43\pic18-lt\cxx-framework\src\traditional\proc\p18f46k80.asm
          CANSTAT_RO7bits   0x000eae       data     extern D:\3.43\pic18-lt\cxx-framework\src\traditional\proc\p18f46k80.asm
              CANSTAT_RO8   0x000e9e       data     extern D:\3.43\pic18-lt\cxx-framework\src\traditional\proc\p18f46k80.asm
          CANSTAT_RO8bits   0x000e9e       data     extern D:\3.43\pic18-lt\cxx-framework\src\traditional\proc\p18f46k80.asm
              CANSTAT_RO9   0x000e8e       data     extern D:\3.43\pic18-lt\cxx-framework\src\traditional\proc\p18f46k80.asm
          CANSTAT_RO9bits   0x000e8e       data     extern D:\3.43\pic18-lt\cxx-framework\src\traditional\proc\p18f46k80.asm
              CANSTATbits   0x000f6e       data     extern D:\3.43\pic18-lt\cxx-framework\src\traditional\proc\p18f46k80.asm
             CAN_1000kbps   0x000b87       data     extern C:\Users\Luca Lucci\Documents\Scheda_interfaccia_CANBUS\FW\user\can_to_rs232_converter.c
              CAN_125kbps   0x000b96       data     extern C:\Users\Luca Lucci\Documents\Scheda_interfaccia_CANBUS\FW\user\can_to_rs232_converter.c
              CAN_250kbps   0x000b91       data     extern C:\Users\Luca Lucci\Documents\Scheda_interfaccia_CANBUS\FW\user\can_to_rs232_converter.c
              CAN_500kbps   0x000b8c       data     extern C:\Users\Luca Lucci\Documents\Scheda_interfaccia_CANBUS\FW\user\can_to_rs232_converter.c
                  CCP1CON   0x000fbb       data     extern D:\3.43\pic18-lt\cxx-framework\src\traditional\proc\p18f46k80.asm
              CCP1CONbits   0x000fbb       data     extern D:\3.43\pic18-lt\cxx-framework\src\traditional\proc\p18f46k80.asm
                  CCP2CON   0x000f50       data     extern D:\3.43\pic18-lt\cxx-framework\src\traditional\proc\p18f46k80.asm
              CCP2CONbits   0x000f50       data     extern D:\3.43\pic18-lt\cxx-framework\src\traditional\proc\p18f46k80.asm
                  CCP3CON   0x000f4d       data     extern D:\3.43\pic18-lt\cxx-framework\src\traditional\proc\p18f46k80.asm
              CCP3CONbits   0x000f4d       data     extern D:\3.43\pic18-lt\cxx-framework\src\traditional\proc\p18f46k80.asm
                  CCP4CON   0x000f4a       data     extern D:\3.43\pic18-lt\cxx-framework\src\traditional\proc\p18f46k80.asm
              CCP4CONbits   0x000f4a       data     extern D:\3.43\pic18-lt\cxx-framework\src\traditional\proc\p18f46k80.asm
                  CCP5CON   0x000f47       data     extern D:\3.43\pic18-lt\cxx-framework\src\traditional\proc\p18f46k80.asm
              CCP5CONbits   0x000f47       data     extern D:\3.43\pic18-lt\cxx-framework\src\traditional\proc\p18f46k80.asm
                    CCPR1   0x000fbc       data     extern D:\3.43\pic18-lt\cxx-framework\src\traditional\proc\p18f46k80.asm
                   CCPR1H   0x000fbd       data     extern D:\3.43\pic18-lt\cxx-framework\src\traditional\proc\p18f46k80.asm
                   CCPR1L   0x000fbc       data     extern D:\3.43\pic18-lt\cxx-framework\src\traditional\proc\p18f46k80.asm
                    CCPR2   0x000f51       data     extern D:\3.43\pic18-lt\cxx-framework\src\traditional\proc\p18f46k80.asm
                   CCPR2H   0x000f52       data     extern D:\3.43\pic18-lt\cxx-framework\src\traditional\proc\p18f46k80.asm
                   CCPR2L   0x000f51       data     extern D:\3.43\pic18-lt\cxx-framework\src\traditional\proc\p18f46k80.asm
                    CCPR3   0x000f4e       data     extern D:\3.43\pic18-lt\cxx-framework\src\traditional\proc\p18f46k80.asm
                   CCPR3H   0x000f4f       data     extern D:\3.43\pic18-lt\cxx-framework\src\traditional\proc\p18f46k80.asm
                   CCPR3L   0x000f4e       data     extern D:\3.43\pic18-lt\cxx-framework\src\traditional\proc\p18f46k80.asm
                    CCPR4   0x000f4b       data     extern D:\3.43\pic18-lt\cxx-framework\src\traditional\proc\p18f46k80.asm
                   CCPR4H   0x000f4c       data     extern D:\3.43\pic18-lt\cxx-framework\src\traditional\proc\p18f46k80.asm
                   CCPR4L   0x000f4b       data     extern D:\3.43\pic18-lt\cxx-framework\src\traditional\proc\p18f46k80.asm
                    CCPR5   0x000f48       data     extern D:\3.43\pic18-lt\cxx-framework\src\traditional\proc\p18f46k80.asm
                   CCPR5H   0x000f49       data     extern D:\3.43\pic18-lt\cxx-framework\src\traditional\proc\p18f46k80.asm
                   CCPR5L   0x000f48       data     extern D:\3.43\pic18-lt\cxx-framework\src\traditional\proc\p18f46k80.asm
                  CCPTMRS   0x000f99       data     extern D:\3.43\pic18-lt\cxx-framework\src\traditional\proc\p18f46k80.asm
              CCPTMRSbits   0x000f99       data     extern D:\3.43\pic18-lt\cxx-framework\src\traditional\proc\p18f46k80.asm
                   CIOCON   0x000f70       data     extern D:\3.43\pic18-lt\cxx-framework\src\traditional\proc\p18f46k80.asm
               CIOCONbits   0x000f70       data     extern D:\3.43\pic18-lt\cxx-framework\src\traditional\proc\p18f46k80.asm
                   CM1CON   0x000f5f       data     extern D:\3.43\pic18-lt\cxx-framework\src\traditional\proc\p18f46k80.asm
                  CM1CON1   0x000f5f       data     extern D:\3.43\pic18-lt\cxx-framework\src\traditional\proc\p18f46k80.asm
              CM1CON1bits   0x000f5f       data     extern D:\3.43\pic18-lt\cxx-framework\src\traditional\proc\p18f46k80.asm
               CM1CONbits   0x000f5f       data     extern D:\3.43\pic18-lt\cxx-framework\src\traditional\proc\p18f46k80.asm
                   CM2CON   0x000f5e       data     extern D:\3.43\pic18-lt\cxx-framework\src\traditional\proc\p18f46k80.asm
                  CM2CON1   0x000f5e       data     extern D:\3.43\pic18-lt\cxx-framework\src\traditional\proc\p18f46k80.asm
              CM2CON1bits   0x000f5e       data     extern D:\3.43\pic18-lt\cxx-framework\src\traditional\proc\p18f46k80.asm
               CM2CONbits   0x000f5e       data     extern D:\3.43\pic18-lt\cxx-framework\src\traditional\proc\p18f46k80.asm
[...]
                 IPR3bits   0x000fa5       data     extern D:\3.43\pic18-lt\cxx-framework\src\traditional\proc\p18f46k80.asm
                     IPR3   0x000fa5       data     extern D:\3.43\pic18-lt\cxx-framework\src\traditional\proc\p18f46k80.asm
               RCSTA2bits   0x000fa6       data     extern D:\3.43\pic18-lt\cxx-framework\src\traditional\proc\p18f46k80.asm
                   RCSTA2   0x000fa6       data     extern D:\3.43\pic18-lt\cxx-framework\src\traditional\proc\p18f46k80.asm
             BAUDCON1bits   0x000fa7       data     extern D:\3.43\pic18-lt\cxx-framework\src\traditional\proc\p18f46k80.asm
                 BAUDCON1   0x000fa7       data     extern D:\3.43\pic18-lt\cxx-framework\src\traditional\proc\p18f46k80.asm
                  HLVDCON   0x000fa8       data     extern D:\3.43\pic18-lt\cxx-framework\src\traditional\proc\p18f46k80.asm
              HLVDCONbits   0x000fa8       data     extern D:\3.43\pic18-lt\cxx-framework\src\traditional\proc\p18f46k80.asm
                      PR4   0x000fa9       data     extern D:\3.43\pic18-lt\cxx-framework\src\traditional\proc\p18f46k80.asm
                   T1GCON   0x000faa       data     extern D:\3.43\pic18-lt\cxx-framework\src\traditional\proc\p18f46k80.asm
               T1GCONbits   0x000faa       data     extern D:\3.43\pic18-lt\cxx-framework\src\traditional\proc\p18f46k80.asm
                RCSTAbits   0x000fab       data     extern D:\3.43\pic18-lt\cxx-framework\src\traditional\proc\p18f46k80.asm
                    RCSTA   0x000fab       data     extern D:\3.43\pic18-lt\cxx-framework\src\traditional\proc\p18f46k80.asm
                   RCSTA1   0x000fab       data     extern D:\3.43\pic18-lt\cxx-framework\src\traditional\proc\p18f46k80.asm
               RCSTA1bits   0x000fab       data     extern D:\3.43\pic18-lt\cxx-framework\src\traditional\proc\p18f46k80.asm
               TXSTA1bits   0x000fac       data     extern D:\3.43\pic18-lt\cxx-framework\src\traditional\proc\p18f46k80.asm
                TXSTAbits   0x000fac       data     extern D:\3.43\pic18-lt\cxx-framework\src\traditional\proc\p18f46k80.asm
                    TXSTA   0x000fac       data     extern D:\3.43\pic18-lt\cxx-framework\src\traditional\proc\p18f46k80.asm
                   TXSTA1   0x000fac       data     extern D:\3.43\pic18-lt\cxx-framework\src\traditional\proc\p18f46k80.asm
                   TXREG1   0x000fad       data     extern D:\3.43\pic18-lt\cxx-framework\src\traditional\proc\p18f46k80.asm
                    TXREG   0x000fad       data     extern D:\3.43\pic18-lt\cxx-framework\src\traditional\proc\p18f46k80.asm
                   RCREG1   0x000fae       data     extern D:\3.43\pic18-lt\cxx-framework\src\traditional\proc\p18f46k80.asm
                    RCREG   0x000fae       data     extern D:\3.43\pic18-lt\cxx-framework\src\traditional\proc\p18f46k80.asm
                    SPBRG   0x000faf       data     extern D:\3.43\pic18-lt\cxx-framework\src\traditional\proc\p18f46k80.asm
                   SPBRG1   0x000faf       data     extern D:\3.43\pic18-lt\cxx-framework\src\traditional\proc\p18f46k80.asm
                   T3GCON   0x000fb0       data     extern D:\3.43\pic18-lt\cxx-framework\src\traditional\proc\p18f46k80.asm
               T3GCONbits   0x000fb0       data     extern D:\3.43\pic18-lt\cxx-framework\src\traditional\proc\p18f46k80.asm
                    T3CON   0x000fb1       data     extern D:\3.43\pic18-lt\cxx-framework\src\traditional\proc\p18f46k80.asm
                T3CONbits   0x000fb1       data     extern D:\3.43\pic18-lt\cxx-framework\src\traditional\proc\p18f46k80.asm
                    TMR3L   0x000fb2       data     extern D:\3.43\pic18-lt\cxx-framework\src\traditional\proc\p18f46k80.asm
                    TMR3H   0x000fb3       data     extern D:\3.43\pic18-lt\cxx-framework\src\traditional\proc\p18f46k80.asm
               CMSTATbits   0x000fb4       data     extern D:\3.43\pic18-lt\cxx-framework\src\traditional\proc\p18f46k80.asm
             CMSTATUSbits   0x000fb4       data     extern D:\3.43\pic18-lt\cxx-framework\src\traditional\proc\p18f46k80.asm
                 CMSTATUS   0x000fb4       data     extern D:\3.43\pic18-lt\cxx-framework\src\traditional\proc\p18f46k80.asm
                   CMSTAT   0x000fb4       data     extern D:\3.43\pic18-lt\cxx-framework\src\traditional\proc\p18f46k80.asm
                   CVRCON   0x000fb5       data     extern D:\3.43\pic18-lt\cxx-framework\src\traditional\proc\p18f46k80.asm
               CVRCONbits   0x000fb5       data     extern D:\3.43\pic18-lt\cxx-framework\src\traditional\proc\p18f46k80.asm
                     PIE4   0x000fb6       data     extern D:\3.43\pic18-lt\cxx-framework\src\traditional\proc\p18f46k80.asm
                 PIE4bits   0x000fb6       data     extern D:\3.43\pic18-lt\cxx-framework\src\traditional\proc\p18f46k80.asm
                 PIR4bits   0x000fb7       data     extern D:\3.43\pic18-lt\cxx-framework\src\traditional\proc\p18f46k80.asm
                     PIR4   0x000fb7       data     extern D:\3.43\pic18-lt\cxx-framework\src\traditional\proc\p18f46k80.asm
                     IPR4   0x000fb8       data     extern D:\3.43\pic18-lt\cxx-framework\src\traditional\proc\p18f46k80.asm
                 IPR4bits   0x000fb8       data     extern D:\3.43\pic18-lt\cxx-framework\src\traditional\proc\p18f46k80.asm
             BAUDCON2bits   0x000fb9       data     extern D:\3.43\pic18-lt\cxx-framework\src\traditional\proc\p18f46k80.asm
                 BAUDCON2   0x000fb9       data     extern D:\3.43\pic18-lt\cxx-framework\src\traditional\proc\p18f46k80.asm
                   TXSTA2   0x000fba       data     extern D:\3.43\pic18-lt\cxx-framework\src\traditional\proc\p18f46k80.asm
               TXSTA2bits   0x000fba       data     extern D:\3.43\pic18-lt\cxx-framework\src\traditional\proc\p18f46k80.asm
                  CCP1CON   0x000fbb       data     extern D:\3.43\pic18-lt\cxx-framework\src\traditional\proc\p18f46k80.asm
              CCP1CONbits   0x000fbb       data     extern D:\3.43\pic18-lt\cxx-framework\src\traditional\proc\p18f46k80.asm
             ECCP1CONbits   0x000fbb       data     extern D:\3.43\pic18-lt\cxx-framework\src\traditional\proc\p18f46k80.asm
                 ECCP1CON   0x000fbb       data     extern D:\3.43\pic18-lt\cxx-framework\src\traditional\proc\p18f46k80.asm
                    CCPR1   0x000fbc       data     extern D:\3.43\pic18-lt\cxx-framework\src\traditional\proc\p18f46k80.asm
                   CCPR1L   0x000fbc       data     extern D:\3.43\pic18-lt\cxx-framework\src\traditional\proc\p18f46k80.asm
                   CCPR1H   0x000fbd       data     extern D:\3.43\pic18-lt\cxx-framework\src\traditional\proc\p18f46k80.asm
              PWM1CONbits   0x000fbe       data     extern D:\3.43\pic18-lt\cxx-framework\src\traditional\proc\p18f46k80.asm
                  PWM1CON   0x000fbe       data     extern D:\3.43\pic18-lt\cxx-framework\src\traditional\proc\p18f46k80.asm
                 ECCP1DEL   0x000fbe       data     extern D:\3.43\pic18-lt\cxx-framework\src\traditional\proc\p18f46k80.asm
             ECCP1DELbits   0x000fbe       data     extern D:\3.43\pic18-lt\cxx-framework\src\traditional\proc\p18f46k80.asm
                  ECCP1AS   0x000fbf       data     extern D:\3.43\pic18-lt\cxx-framework\src\traditional\proc\p18f46k80.asm
              ECCP1ASbits   0x000fbf       data     extern D:\3.43\pic18-lt\cxx-framework\src\traditional\proc\p18f46k80.asm
               ADCON2bits   0x000fc0       data     extern D:\3.43\pic18-lt\cxx-framework\src\traditional\proc\p18f46k80.asm
                   ADCON2   0x000fc0       data     extern D:\3.43\pic18-lt\cxx-framework\src\traditional\proc\p18f46k80.asm
               ADCON1bits   0x000fc1       data     extern D:\3.43\pic18-lt\cxx-framework\src\traditional\proc\p18f46k80.asm
                   ADCON1   0x000fc1       data     extern D:\3.43\pic18-lt\cxx-framework\src\traditional\proc\p18f46k80.asm
               ADCON0bits   0x000fc2       data     extern D:\3.43\pic18-lt\cxx-framework\src\traditional\proc\p18f46k80.asm
                   ADCON0   0x000fc2       data     extern D:\3.43\pic18-lt\cxx-framework\src\traditional\proc\p18f46k80.asm
                   ADRESL   0x000fc3       data     extern D:\3.43\pic18-lt\cxx-framework\src\traditional\proc\p18f46k80.asm
                    ADRES   0x000fc3       data     extern D:\3.43\pic18-lt\cxx-framework\src\traditional\proc\p18f46k80.asm
                   ADRESH   0x000fc4       data     extern D:\3.43\pic18-lt\cxx-framework\src\traditional\proc\p18f46k80.asm
              SSPCON2bits   0x000fc5       data     extern D:\3.43\pic18-lt\cxx-framework\src\traditional\proc\p18f46k80.asm
                  SSPCON2   0x000fc5       data     extern D:\3.43\pic18-lt\cxx-framework\src\traditional\proc\p18f46k80.asm
              SSPCON1bits   0x000fc6       data     extern D:\3.43\pic18-lt\cxx-framework\src\traditional\proc\p18f46k80.asm
                  SSPCON1   0x000fc6       data     extern D:\3.43\pic18-lt\cxx-framework\src\traditional\proc\p18f46k80.asm
              SSPSTATbits   0x000fc7       data     extern D:\3.43\pic18-lt\cxx-framework\src\traditional\proc\p18f46k80.asm
                  SSPSTAT   0x000fc7       data     extern D:\3.43\pic18-lt\cxx-framework\src\traditional\proc\p18f46k80.asm
                   SSPADD   0x000fc8       data     extern D:\3.43\pic18-lt\cxx-framework\src\traditional\proc\p18f46k80.asm
               SSPADDbits   0x000fc8       data     extern D:\3.43\pic18-lt\cxx-framework\src\traditional\proc\p18f46k80.asm
                   SSPBUF   0x000fc9       data     extern D:\3.43\pic18-lt\cxx-framework\src\traditional\proc\p18f46k80.asm
                T2CONbits   0x000fca       data     extern D:\3.43\pic18-lt\cxx-framework\src\traditional\proc\p18f46k80.asm
                    T2CON   0x000fca       data     extern D:\3.43\pic18-lt\cxx-framework\src\traditional\proc\p18f46k80.asm
                      PR2   0x000fcb       data     extern D:\3.43\pic18-lt\cxx-framework\src\traditional\proc\p18f46k80.asm
                     TMR2   0x000fcc       data     extern D:\3.43\pic18-lt\cxx-framework\src\traditional\proc\p18f46k80.asm
                T1CONbits   0x000fcd       data     extern D:\3.43\pic18-lt\cxx-framework\src\traditional\proc\p18f46k80.asm
                    T1CON   0x000fcd       data     extern D:\3.43\pic18-lt\cxx-framework\src\traditional\proc\p18f46k80.asm
                    TMR1L   0x000fce       data     extern D:\3.43\pic18-lt\cxx-framework\src\traditional\proc\p18f46k80.asm
                    TMR1H   0x000fcf       data     extern D:\3.43\pic18-lt\cxx-framework\src\traditional\proc\p18f46k80.asm
                 RCONbits   0x000fd0       data     extern D:\3.43\pic18-lt\cxx-framework\src\traditional\proc\p18f46k80.asm
                     RCON   0x000fd0       data     extern D:\3.43\pic18-lt\cxx-framework\src\traditional\proc\p18f46k80.asm
               WDTCONbits   0x000fd1       data     extern D:\3.43\pic18-lt\cxx-framework\src\traditional\proc\p18f46k80.asm
                   WDTCON   0x000fd1       data     extern D:\3.43\pic18-lt\cxx-framework\src\traditional\proc\p18f46k80.asm
              OSCCON2bits   0x000fd2       data     extern D:\3.43\pic18-lt\cxx-framework\src\traditional\proc\p18f46k80.asm
                  OSCCON2   0x000fd2       data     extern D:\3.43\pic18-lt\cxx-framework\src\traditional\proc\p18f46k80.asm
               OSCCONbits   0x000fd3       data     extern D:\3.43\pic18-lt\cxx-framework\src\traditional\proc\p18f46k80.asm
                   OSCCON   0x000fd3       data     extern D:\3.43\pic18-lt\cxx-framework\src\traditional\proc\p18f46k80.asm
                T0CONbits   0x000fd5       data     extern D:\3.43\pic18-lt\cxx-framework\src\traditional\proc\p18f46k80.asm
                    T0CON   0x000fd5       data     extern D:\3.43\pic18-lt\cxx-framework\src\traditional\proc\p18f46k80.asm
                    TMR0L   0x000fd6       data     extern D:\3.43\pic18-lt\cxx-framework\src\traditional\proc\p18f46k80.asm
                    TMR0H   0x000fd7       data     extern D:\3.43\pic18-lt\cxx-framework\src\traditional\proc\p18f46k80.asm
                   STATUS   0x000fd8       data     extern D:\3.43\pic18-lt\cxx-framework\src\traditional\proc\p18f46k80.asm
               STATUSbits   0x000fd8       data     extern D:\3.43\pic18-lt\cxx-framework\src\traditional\proc\p18f46k80.asm
                    FSR2L   0x000fd9       data     extern D:\3.43\pic18-lt\cxx-framework\src\traditional\proc\p18f46k80.asm
                     FSR2   0x000fd9       data     extern D:\3.43\pic18-lt\cxx-framework\src\traditional\proc\p18f46k80.asm
                FSR2Hbits   0x000fda       data     extern D:\3.43\pic18-lt\cxx-framework\src\traditional\proc\p18f46k80.asm
                    FSR2H   0x000fda       data     extern D:\3.43\pic18-lt\cxx-framework\src\traditional\proc\p18f46k80.asm
                   PLUSW2   0x000fdb       data     extern D:\3.43\pic18-lt\cxx-framework\src\traditional\proc\p18f46k80.asm
                  PREINC2   0x000fdc       data     extern D:\3.43\pic18-lt\cxx-framework\src\traditional\proc\p18f46k80.asm
                 POSTDEC2   0x000fdd       data     extern D:\3.43\pic18-lt\cxx-framework\src\traditional\proc\p18f46k80.asm
                 POSTINC2   0x000fde       data     extern D:\3.43\pic18-lt\cxx-framework\src\traditional\proc\p18f46k80.asm
                    INDF2   0x000fdf       data     extern D:\3.43\pic18-lt\cxx-framework\src\traditional\proc\p18f46k80.asm
                  BSRbits   0x000fe0       data     extern D:\3.43\pic18-lt\cxx-framework\src\traditional\proc\p18f46k80.asm
                      BSR   0x000fe0       data     extern D:\3.43\pic18-lt\cxx-framework\src\traditional\proc\p18f46k80.asm
                     FSR1   0x000fe1       data     extern D:\3.43\pic18-lt\cxx-framework\src\traditional\proc\p18f46k80.asm
                    FSR1L   0x000fe1       data     extern D:\3.43\pic18-lt\cxx-framework\src\traditional\proc\p18f46k80.asm
                    FSR1H   0x000fe2       data     extern D:\3.43\pic18-lt\cxx-framework\src\traditional\proc\p18f46k80.asm
                FSR1Hbits   0x000fe2       data     extern D:\3.43\pic18-lt\cxx-framework\src\traditional\proc\p18f46k80.asm
                   PLUSW1   0x000fe3       data     extern D:\3.43\pic18-lt\cxx-framework\src\traditional\proc\p18f46k80.asm
                  PREINC1   0x000fe4       data     extern D:\3.43\pic18-lt\cxx-framework\src\traditional\proc\p18f46k80.asm
                 POSTDEC1   0x000fe5       data     extern D:\3.43\pic18-lt\cxx-framework\src\traditional\proc\p18f46k80.asm
                 POSTINC1   0x000fe6       data     extern D:\3.43\pic18-lt\cxx-framework\src\traditional\proc\p18f46k80.asm
                    INDF1   0x000fe7       data     extern D:\3.43\pic18-lt\cxx-framework\src\traditional\proc\p18f46k80.asm
                     WREG   0x000fe8       data     extern D:\3.43\pic18-lt\cxx-framework\src\traditional\proc\p18f46k80.asm
                    FSR0L   0x000fe9       data     extern D:\3.43\pic18-lt\cxx-framework\src\traditional\proc\p18f46k80.asm
                     FSR0   0x000fe9       data     extern D:\3.43\pic18-lt\cxx-framework\src\traditional\proc\p18f46k80.asm
                    FSR0H   0x000fea       data     extern D:\3.43\pic18-lt\cxx-framework\src\traditional\proc\p18f46k80.asm
                FSR0Hbits   0x000fea       data     extern D:\3.43\pic18-lt\cxx-framework\src\traditional\proc\p18f46k80.asm
                   PLUSW0   0x000feb       data     extern D:\3.43\pic18-lt\cxx-framework\src\traditional\proc\p18f46k80.asm
                  PREINC0   0x000fec       data     extern D:\3.43\pic18-lt\cxx-framework\src\traditional\proc\p18f46k80.asm
                 POSTDEC0   0x000fed       data     extern D:\3.43\pic18-lt\cxx-framework\src\traditional\proc\p18f46k80.asm
                 POSTINC0   0x000fee       data     extern D:\3.43\pic18-lt\cxx-framework\src\traditional\proc\p18f46k80.asm
                    INDF0   0x000fef       data     extern D:\3.43\pic18-lt\cxx-framework\src\traditional\proc\p18f46k80.asm
              INTCON3bits   0x000ff0       data     extern D:\3.43\pic18-lt\cxx-framework\src\traditional\proc\p18f46k80.asm
                  INTCON3   0x000ff0       data     extern D:\3.43\pic18-lt\cxx-framework\src\traditional\proc\p18f46k80.asm
              INTCON2bits   0x000ff1       data     extern D:\3.43\pic18-lt\cxx-framework\src\traditional\proc\p18f46k80.asm
                  INTCON2   0x000ff1       data     extern D:\3.43\pic18-lt\cxx-framework\src\traditional\proc\p18f46k80.asm
               INTCONbits   0x000ff2       data     extern D:\3.43\pic18-lt\cxx-framework\src\traditional\proc\p18f46k80.asm
              INTCON1bits   0x000ff2       data     extern D:\3.43\pic18-lt\cxx-framework\src\traditional\proc\p18f46k80.asm
                  INTCON1   0x000ff2       data     extern D:\3.43\pic18-lt\cxx-framework\src\traditional\proc\p18f46k80.asm
                   INTCON   0x000ff2       data     extern D:\3.43\pic18-lt\cxx-framework\src\traditional\proc\p18f46k80.asm
                    PRODL   0x000ff3       data     extern D:\3.43\pic18-lt\cxx-framework\src\traditional\proc\p18f46k80.asm
                     PROD   0x000ff3       data     extern D:\3.43\pic18-lt\cxx-framework\src\traditional\proc\p18f46k80.asm
                    PRODH   0x000ff4       data     extern D:\3.43\pic18-lt\cxx-framework\src\traditional\proc\p18f46k80.asm
                   TABLAT   0x000ff5       data     extern D:\3.43\pic18-lt\cxx-framework\src\traditional\proc\p18f46k80.asm
                   TBLPTR   0x000ff6       data     extern D:\3.43\pic18-lt\cxx-framework\src\traditional\proc\p18f46k80.asm
                  TBLPTRL   0x000ff6       data     extern D:\3.43\pic18-lt\cxx-framework\src\traditional\proc\p18f46k80.asm
                  TBLPTRH   0x000ff7       data     extern D:\3.43\pic18-lt\cxx-framework\src\traditional\proc\p18f46k80.asm
                  TBLPTRU   0x000ff8       data     extern D:\3.43\pic18-lt\cxx-framework\src\traditional\proc\p18f46k80.asm
              TBLPTRUbits   0x000ff8       data     extern D:\3.43\pic18-lt\cxx-framework\src\traditional\proc\p18f46k80.asm
                       PC   0x000ff9       data     extern D:\3.43\pic18-lt\cxx-framework\src\traditional\proc\p18f46k80.asm
                      PCL   0x000ff9       data     extern D:\3.43\pic18-lt\cxx-framework\src\traditional\proc\p18f46k80.asm
                   PCLATH   0x000ffa       data     extern D:\3.43\pic18-lt\cxx-framework\src\traditional\proc\p18f46k80.asm
               PCLATUbits   0x000ffb       data     extern D:\3.43\pic18-lt\cxx-framework\src\traditional\proc\p18f46k80.asm
                   PCLATU   0x000ffb       data     extern D:\3.43\pic18-lt\cxx-framework\src\traditional\proc\p18f46k80.asm
               STKPTRbits   0x000ffc       data     extern D:\3.43\pic18-lt\cxx-framework\src\traditional\proc\p18f46k80.asm
                   STKPTR   0x000ffc       data     extern D:\3.43\pic18-lt\cxx-framework\src\traditional\proc\p18f46k80.asm
                      TOS   0x000ffd       data     extern D:\3.43\pic18-lt\cxx-framework\src\traditional\proc\p18f46k80.asm
                     TOSL   0x000ffd       data     extern D:\3.43\pic18-lt\cxx-framework\src\traditional\proc\p18f46k80.asm
                     TOSH   0x000ffe       data     extern D:\3.43\pic18-lt\cxx-framework\src\traditional\proc\p18f46k80.asm
                 TOSUbits   0x000fff       data     extern D:\3.43\pic18-lt\cxx-framework\src\traditional\proc\p18f46k80.asm
                     TOSU   0x000fff       data     extern D:\3.43\pic18-lt\cxx-framework\src\traditional\proc\p18f46k80.asm


