MPLINK 4.48, Linker
Linker Map File - Created Tue Jul 09 12:07:47 2013

                                 Section Info
                  Section       Type    Address   Location Size(Bytes)
                ---------  ---------  ---------  ---------  ---------
               _entry_scn       code   0x000000    program   0x000006
       .code__user_putc.o       code   0x000006    program   0x000002
              high_vector       code   0x000008    program   0x000006
           .code___init.o       code   0x00000e    program   0x000002
        .idata_u1open.o_i    romdata   0x000010    program   0x000000
        .romdata___init.o    romdata   0x000010    program   0x000000
       .romdata_fxm3232.o    romdata   0x000010    program   0x000000
        .idata_u1baud.o_i    romdata   0x000010    program   0x000000
      .romdata_fxd3232u.o    romdata   0x000010    program   0x000000
        .romdata_u1baud.o    romdata   0x000010    program   0x000000
        .idata_u2baud.o_i    romdata   0x000010    program   0x000000
        .romdata_u2baud.o    romdata   0x000010    program   0x000000
           .idata_pow.o_i    romdata   0x000010    program   0x000000
           .romdata_pow.o    romdata   0x000010    program   0x000000
      .romdata_UnpkMath.o    romdata   0x000010    program   0x000000
.romdata_intermediary\can_interface.o    romdata   0x000010    program   0x000000
         .romdata_fchop.o    romdata   0x000010    program   0x000000
        .romdata_u1open.o    romdata   0x000010    program   0x000000
        .idata_u2open.o_i    romdata   0x000010    program   0x000000
        .romdata_u2open.o    romdata   0x000010    program   0x000000
       .romdata_u2write.o    romdata   0x000010    program   0x000000
        .idata_u1read.o_i    romdata   0x000010    program   0x000000
        .romdata_u1read.o    romdata   0x000010    program   0x000000
       .idata_u2write.o_i    romdata   0x000010    program   0x000000
        .idata_u2read.o_i    romdata   0x000010    program   0x000000
        .romdata_u2read.o    romdata   0x000010    program   0x000000
       .romdata_u1write.o    romdata   0x000010    program   0x000000
        .idata_u1defs.o_i    romdata   0x000010    program   0x000000
        .romdata_u1defs.o    romdata   0x000010    program   0x000000
       .idata_u1write.o_i    romdata   0x000010    program   0x000000
        .idata_u2defs.o_i    romdata   0x000010    program   0x000000
        .romdata_u2defs.o    romdata   0x000010    program   0x000000
         .romdata_c018i.o    romdata   0x000010    program   0x000000
    .romdata__user_putc.o    romdata   0x000010    program   0x000000
          .romdata_putc.o    romdata   0x000010    program   0x000000
.romdata_intermediary\main.o    romdata   0x000010    program   0x000000
          .idata_putc.o_i    romdata   0x000010    program   0x000000
      .idata_vfprintf.o_i    romdata   0x000010    program   0x000000
       .romdata_sprintf.o    romdata   0x000010    program   0x000000
       .idata_sprintf.o_i    romdata   0x000010    program   0x000000
           .romdata_log.o    romdata   0x000010    program   0x000000
           .idata_log.o_i    romdata   0x000010    program   0x000000
         .romdata_ldexp.o    romdata   0x000010    program   0x000000
         .idata_ldexp.o_i    romdata   0x000010    program   0x000000
         .romdata_frexp.o    romdata   0x000010    program   0x000000
          .romdata_fabs.o    romdata   0x000010    program   0x000000
.romdata_intermediary\uart_interface.o    romdata   0x000010    program   0x000000
.idata_intermediary\uart_interface.o_i    romdata   0x000010    program   0x000004
      .romdata_PackMath.o    romdata   0x000010    program   0x000000
.romdata_intermediary\can_to_rs232_converter.o    romdata   0x000010    program   0x000000
         .romdata_errno.o    romdata   0x000010    program   0x000000
.romdata_intermediary\interrupt.o    romdata   0x000010    program   0x000000
           .romdata_exp.o    romdata   0x000010    program   0x000000
.idata_intermediary\main.o_i    romdata   0x000014    program   0x000002
            .code_errno.o       code   0x000016    program   0x000000
           .idata_exp.o_i    romdata   0x000016    program   0x000000
         .idata_errno.o_i    romdata   0x000016    program   0x000000
        .idata___init.o_i    romdata   0x000016    program   0x000000
      .idata_UnpkMath.o_i    romdata   0x000016    program   0x000000
      .idata_PackMath.o_i    romdata   0x000016    program   0x000000
         .idata_frexp.o_i    romdata   0x000016    program   0x000000
    .idata__user_putc.o_i    romdata   0x000016    program   0x000000
         .idata_fchop.o_i    romdata   0x000016    program   0x000000
          .idata_fabs.o_i    romdata   0x000016    program   0x000000
           .code_u2defs.o       code   0x000016    program   0x000000
           .code_u1defs.o       code   0x000016    program   0x000000
         .idata_c018i.o_i    romdata   0x000016    program   0x000000
            .code_c018i.o       code   0x000016    program   0x000000
.idata_intermediary\interrupt.o_i    romdata   0x000016    program   0x000000
.idata_intermediary\can.o_i    romdata   0x000016    program   0x000000
      .idata_fxd3232u.o_i    romdata   0x000016    program   0x000000
       .idata_fxm3232.o_i    romdata   0x000016    program   0x000000
               low_vector       code   0x000018    program   0x000006
                   .cinit    romdata   0x00001e    program   0x000032
.code_intermediary\can_to_rs232_converter.o       code   0x000050    program   0x001c9a
 .code_intermediary\can.o       code   0x001cea    program   0x001374
.code_intermediary\can_interface.o       code   0x00305e    program   0x000df2
         .code_vfprintf.o       code   0x003e50    program   0x000c22
.code_intermediary\uart_interface.o       code   0x004a72    program   0x000bae
              .code_pow.o       code   0x005620    program   0x000b1e
                     PROG       code   0x00613e    program   0x000608
              .code_exp.o       code   0x006746    program   0x0005c6
              .code_log.o       code   0x006d0c    program   0x0004fa
            .code_fchop.o       code   0x007206    program   0x000292
            .code_ldexp.o       code   0x007498    program   0x000138
            .code_frexp.o       code   0x0075d0    program   0x000124
         .code_UnpkMath.o       code   0x0076f4    program   0x00011c
         .code_PackMath.o       code   0x007810    program   0x00011a
             .stringtable    romdata   0x00792a    program   0x000104
.code_intermediary\interrupt.o       code   0x007a2e    program   0x0000d4
                   STRING       code   0x007b02    program   0x0000bc
          .code_sprintf.o       code   0x007bbe    program   0x0000ac
.code_intermediary\main.o       code   0x007c6a    program   0x0000aa
               _cinit_scn       code   0x007d14    program   0x00009e
             .code_putc.o       code   0x007db2    program   0x000084
           .code_u2open.o       code   0x007e36    program   0x000078
           .code_u1open.o       code   0x007eae    program   0x000072
          .code_fxm3232.o       code   0x007f20    program   0x000070
             .code_fabs.o       code   0x007f90    program   0x000066
         .code_fxd3232u.o       code   0x007ff6    program   0x000048
.romdata_intermediary\can.o    romdata   0x00803e    program   0x000042
           .code_u2read.o       code   0x008080    program   0x00003e
           .code_u1read.o       code   0x0080be    program   0x00003e
          .code_u2write.o       code   0x0080fc    program   0x00002e
          .code_u1write.o       code   0x00812a    program   0x00002e
                    CTYPE       code   0x008158    program   0x000024
           .code_u2baud.o       code   0x00817c    program   0x000022
           .code_u1baud.o       code   0x00819e    program   0x000022
                    .code       code   0x0081c0    program   0x000020
             _startup_scn       code   0x0081e0    program   0x00001c
                    STDIO       code   0x0081fc    program   0x00001c
      .romdata_vfprintf.o    romdata   0x008218    program   0x000011
.idata_intermediary\can_to_rs232_converter.o_i    romdata   0x008229    program   0x00001e
.idata_intermediary\can_interface.o_i    romdata   0x008247    program   0x000003
.config_300000_intermediary\main.o    romdata   0x300000    program   0x000001
.config_300001_intermediary\main.o    romdata   0x300001    program   0x000001
.config_300002_intermediary\main.o    romdata   0x300002    program   0x000001
.config_300003_intermediary\main.o    romdata   0x300003    program   0x000001
.config_300005_intermediary\main.o    romdata   0x300005    program   0x000001
.config_300006_intermediary\main.o    romdata   0x300006    program   0x000001
.config_300008_intermediary\main.o    romdata   0x300008    program   0x000001
.config_300009_intermediary\main.o    romdata   0x300009    program   0x000001
.config_30000a_intermediary\main.o    romdata   0x30000a    program   0x000001
.config_30000b_intermediary\main.o    romdata   0x30000b    program   0x000001
.config_30000c_intermediary\main.o    romdata   0x30000c    program   0x000001
.config_30000d_intermediary\main.o    romdata   0x30000d    program   0x000001
                 .tmpdata      udata   0x000000       data   0x000020
                MATH_DATA      udata   0x000020       data   0x000014
                  CAN_REC      udata   0x000100       data   0x000800
.udata_intermediary\can_to_rs232_converter.o      udata   0x000900       data   0x0000a5
.udata_intermediary\uart_interface.o      udata   0x0009a5       data   0x00001a
.idata_intermediary\main.o      idata   0x0009bf       data   0x000002
.udata_intermediary\interrupt.o      udata   0x0009c1       data   0x000001
             .udata_exp.o      udata   0x0009c2       data   0x000000
           .idata_errno.o      idata   0x0009c2       data   0x000000
        .idata_PackMath.o      idata   0x0009c2       data   0x000000
        .udata_PackMath.o      udata   0x0009c2       data   0x000000
           .idata_fchop.o      idata   0x0009c2       data   0x000000
           .udata_fchop.o      udata   0x0009c2       data   0x000000
        .idata_UnpkMath.o      idata   0x0009c2       data   0x000000
        .udata_UnpkMath.o      udata   0x0009c2       data   0x000000
             .idata_pow.o      idata   0x0009c2       data   0x000000
             .udata_pow.o      udata   0x0009c2       data   0x000000
          .idata_u2baud.o      idata   0x0009c2       data   0x000000
          .udata_u2baud.o      udata   0x0009c2       data   0x000000
          .idata_u1baud.o      idata   0x0009c2       data   0x000000
          .udata_u1baud.o      udata   0x0009c2       data   0x000000
          .idata___init.o      idata   0x0009c2       data   0x000000
          .udata___init.o      udata   0x0009c2       data   0x000000
         .idata_u2write.o      idata   0x0009c2       data   0x000000
      .idata__user_putc.o      idata   0x0009c2       data   0x000000
      .udata__user_putc.o      udata   0x0009c2       data   0x000000
            .idata_putc.o      idata   0x0009c2       data   0x000000
            .udata_putc.o      udata   0x0009c2       data   0x000000
        .idata_vfprintf.o      idata   0x0009c2       data   0x000000
        .udata_vfprintf.o      udata   0x0009c2       data   0x000000
         .idata_sprintf.o      idata   0x0009c2       data   0x000000
         .udata_sprintf.o      udata   0x0009c2       data   0x000000
             .idata_log.o      idata   0x0009c2       data   0x000000
             .udata_log.o      udata   0x0009c2       data   0x000000
           .idata_ldexp.o      idata   0x0009c2       data   0x000000
           .udata_ldexp.o      udata   0x0009c2       data   0x000000
           .idata_frexp.o      idata   0x0009c2       data   0x000000
           .udata_frexp.o      udata   0x0009c2       data   0x000000
            .idata_fabs.o      idata   0x0009c2       data   0x000000
            .udata_fabs.o      udata   0x0009c2       data   0x000000
             .idata_exp.o      idata   0x0009c2       data   0x000000
           .idata_c018i.o      idata   0x0009c2       data   0x000000
.udata_intermediary\main.o      udata   0x0009c2       data   0x000000
.idata_intermediary\interrupt.o      idata   0x0009c2       data   0x000000
.udata_intermediary\can.o      udata   0x0009c2       data   0x000000
.idata_intermediary\can.o      idata   0x0009c2       data   0x000000
        .udata_fxd3232u.o      udata   0x0009c2       data   0x000000
        .idata_fxd3232u.o      idata   0x0009c2       data   0x000000
         .udata_fxm3232.o      udata   0x0009c2       data   0x000000
         .idata_fxm3232.o      idata   0x0009c2       data   0x000000
          .udata_u1open.o      udata   0x0009c2       data   0x000000
          .idata_u1open.o      idata   0x0009c2       data   0x000000
          .udata_u2open.o      udata   0x0009c2       data   0x000000
          .idata_u2open.o      idata   0x0009c2       data   0x000000
          .udata_u1read.o      udata   0x0009c2       data   0x000000
          .idata_u1read.o      idata   0x0009c2       data   0x000000
         .udata_u2write.o      udata   0x0009c2       data   0x000000
          .udata_u2read.o      udata   0x0009c2       data   0x000000
          .idata_u2read.o      idata   0x0009c2       data   0x000000
         .idata_u1write.o      idata   0x0009c2       data   0x000000
          .idata_u1defs.o      idata   0x0009c2       data   0x000000
         .udata_u1write.o      udata   0x0009c2       data   0x000000
          .idata_u2defs.o      idata   0x0009c2       data   0x000000
                UART_BUFF      udata   0x000a00       data   0x0001e1
.idata_intermediary\can_to_rs232_converter.o      idata   0x000be1       data   0x00001e
          .udata_u2defs.o      udata   0x000bff       data   0x000001
                   .stack      udata   0x000d00       data   0x000100
.udata_intermediary\can_interface.o      udata   0x000e00       data   0x00002d
           .udata_c018i.o      udata   0x000e2d       data   0x00000a
.idata_intermediary\uart_interface.o      idata   0x000e37       data   0x000004
.idata_intermediary\can_interface.o      idata   0x000e3b       data   0x000003
           .udata_errno.o      udata   0x000e3e       data   0x000002
          .udata_u1defs.o      udata   0x000e40       data   0x000001
              SFR_BANKED0      udata   0x000e41       data   0x0000bf
              SFR_BANKED1      udata   0x000f00       data   0x000040
              SFR_BANKED2      udata   0x000f46       data   0x00001a
            SFR_UNBANKED0      udata   0x000f60       data   0x0000a0



                              Program Memory Usage 
                               Start         End      
                           ---------   ---------      
                            0x000000    0x000015      
                            0x000018    0x008249      
                            0x300000    0x300003      
                            0x300005    0x300006      
                            0x300008    0x30000d      
            33364 out of 66584 program addresses used, program memory utilization is 50%



                              Symbols - Sorted by Name
                     Name    Address   Location    Storage File                     
                ---------  ---------  ---------  --------- ---------                
                 FLO0832S   0x006142    program     extern E:\c18v3.46\pic18-lt\cxx-framework\src\traditional\math\cast08FP.asm
                 FLO0832U   0x00613e    program     extern E:\c18v3.46\pic18-lt\cxx-framework\src\traditional\math\cast08FP.asm
                 FLO1632S   0x0062ce    program     extern E:\c18v3.46\pic18-lt\cxx-framework\src\traditional\math\cast16FP.asm
                 FLO1632U   0x0062ca    program     extern E:\c18v3.46\pic18-lt\cxx-framework\src\traditional\math\cast16FP.asm
                    FPA32   0x0062f6    program     extern E:\c18v3.46\pic18-lt\cxx-framework\src\traditional\math\addFP.asm
                    FPD32   0x006422    program     extern E:\c18v3.46\pic18-lt\cxx-framework\src\traditional\math\divFP.asm
                    FPM32   0x0064c8    program     extern E:\c18v3.46\pic18-lt\cxx-framework\src\traditional\math\mulFP.asm
                    FPS32   0x0062f4    program     extern E:\c18v3.46\pic18-lt\cxx-framework\src\traditional\math\addFP.asm
                 FXD3232U   0x007ff6    program     extern E:\c18v3.46\pic18-lt\cxx-framework\src\traditional\math\fxd3232u.c
                 FXM1616S   0x0065a2    program     extern E:\c18v3.46\pic18-lt\cxx-framework\src\traditional\math\fxm1616s.asm
                  FXM3232   0x007f20    program     extern E:\c18v3.46\pic18-lt\cxx-framework\src\traditional\math\fxm3232.c
                  INT3216   0x006160    program     extern E:\c18v3.46\pic18-lt\cxx-framework\src\traditional\math\castFP16.asm
                  INT3232   0x0065fc    program     extern E:\c18v3.46\pic18-lt\cxx-framework\src\traditional\math\castFP32.asm
               Open1USART   0x007eae    program     extern E:\c18v3.46\pic18-lt\cxx-framework\src\pmc_common\USART\u1open.c
               Open2USART   0x007e36    program     extern E:\c18v3.46\pic18-lt\cxx-framework\src\pmc_common\USART\u2open.c
                RXBn_list   0x00805e    program     extern D:\Documenti\Scheda_interfaccia_CANBUS\FW\user\can.c
                RXFn_list   0x00803e    program     extern D:\Documenti\Scheda_interfaccia_CANBUS\FW\user\can.c
               Read1USART   0x0080be    program     extern E:\c18v3.46\pic18-lt\cxx-framework\src\pmc_common\USART\u1read.c
               Read2USART   0x008080    program     extern E:\c18v3.46\pic18-lt\cxx-framework\src\pmc_common\USART\u2read.c
                  TAEQB32   0x00666a    program     extern E:\c18v3.46\pic18-lt\cxx-framework\src\traditional\math\eqFP.asm
                  TAGTB32   0x006678    program     extern E:\c18v3.46\pic18-lt\cxx-framework\src\traditional\math\gtFP.asm
                  TALTB32   0x00668a    program     extern E:\c18v3.46\pic18-lt\cxx-framework\src\traditional\math\ltFP.asm
               TSIGN1616A   0x0065ee    program     static E:\c18v3.46\pic18-lt\cxx-framework\src\traditional\math\fxm1616s.asm
                TXBn_list   0x00806e    program     extern D:\Documenti\Scheda_interfaccia_CANBUS\FW\user\can.c
              Write1USART   0x00812a    program     extern E:\c18v3.46\pic18-lt\cxx-framework\src\pmc_common\USART\u1write.c
              Write2USART   0x0080fc    program     extern E:\c18v3.46\pic18-lt\cxx-framework\src\pmc_common\USART\u2write.c
                   _2jEnd   0x007ba8    program     static E:\c18v3.46\pic18-lt\cxx-framework\src\traditional\stdclib\slenpgm.asm
              _4jContinue   0x007b36    program     static E:\c18v3.46\pic18-lt\cxx-framework\src\traditional\stdclib\memcpy.asm
                   _5jEnd   0x007b40    program     static E:\c18v3.46\pic18-lt\cxx-framework\src\traditional\stdclib\memcpy.asm
                _PackMath   0x007810    program     extern E:\c18v3.46\pic18-lt\cxx-framework\src\traditional\stdclib\PackMath.c
                _UnpkMath   0x0076f4    program     extern E:\c18v3.46\pic18-lt\cxx-framework\src\traditional\stdclib\UnpkMath.c
              __FpCompare   0x00669c    program     extern E:\c18v3.46\pic18-lt\cxx-framework\src\traditional\math\compFP.asm
                 __FpExit   0x0061ca    program     extern E:\c18v3.46\pic18-lt\cxx-framework\src\traditional\math\packFP.asm
                 __FpPack   0x0061f6    program     extern E:\c18v3.46\pic18-lt\cxx-framework\src\traditional\math\packFP.asm
            __FpReturnNaN   0x0061be    program     extern E:\c18v3.46\pic18-lt\cxx-framework\src\traditional\math\packFP.asm
         __FpReturnNegInf   0x0061d0    program     extern E:\c18v3.46\pic18-lt\cxx-framework\src\traditional\math\packFP.asm
        __FpReturnNegZero   0x0061e8    program     extern E:\c18v3.46\pic18-lt\cxx-framework\src\traditional\math\packFP.asm
         __FpReturnPosInf   0x0061d6    program     extern E:\c18v3.46\pic18-lt\cxx-framework\src\traditional\math\packFP.asm
        __FpReturnPosZero   0x0061f0    program     extern E:\c18v3.46\pic18-lt\cxx-framework\src\traditional\math\packFP.asm
        __FpReturnSignInf   0x0061cc    program     extern E:\c18v3.46\pic18-lt\cxx-framework\src\traditional\math\packFP.asm
       __FpReturnSignZero   0x0061e4    program     extern E:\c18v3.46\pic18-lt\cxx-framework\src\traditional\math\packFP.asm
              __FpReturnW   0x00624e    program     extern E:\c18v3.46\pic18-lt\cxx-framework\src\traditional\math\packFP.asm
              __FpUnPackA   0x00626e    program     extern E:\c18v3.46\pic18-lt\cxx-framework\src\traditional\math\UnpackFP.asm
              __FpUnPackB   0x00629e    program     extern E:\c18v3.46\pic18-lt\cxx-framework\src\traditional\math\UnpackFP.asm
       ___case_0_lbl00177   0x000d54    program     static                          
       ___case_0_lbl00220   0x001160    program     static                          
      ___case_10_lbl00207   0x0010d6    program     static                          
      ___case_10_lbl00217   0x001160    program     static                          
      ___case_11_lbl00208   0x0010da    program     static                          
      ___case_11_lbl00216   0x001160    program     static                          
      ___case_12_lbl00209   0x0010de    program     static                          
      ___case_12_lbl00215   0x001160    program     static                          
      ___case_13_lbl00219   0x001160    program     static                          
      ___case_14_lbl00214   0x001160    program     static                          
      ___case_16_lbl00227   0x00119a    program     static                          
      ___case_17_lbl00213   0x001160    program     static                          
      ___case_17_lbl00232   0x00125c    program     static                          
      ___case_18_lbl00237   0x00131c    program     static                          
      ___case_19_lbl00242   0x0013dc    program     static                          
       ___case_1_lbl00180   0x000d58    program     static                          
       ___case_2_lbl00185   0x000df2    program     static                          
       ___case_3_lbl00190   0x000e88    program     static                          
       ___case_4_lbl00195   0x000f1e    program     static                          
       ___case_4_lbl00222   0x001160    program     static                          
       ___case_5_lbl00200   0x000fb4    program     static                          
       ___case_5_lbl00221   0x001160    program     static                          
       ___case_6_lbl00203   0x00104e    program     static                          
       ___case_7_lbl00204   0x001070    program     static                          
       ___case_8_lbl00205   0x001092    program     static                          
       ___case_8_lbl00211   0x001126    program     static                          
       ___case_8_lbl00224   0x0011a4    program     static                          
       ___case_8_lbl00229   0x001266    program     static                          
       ___case_8_lbl00234   0x001326    program     static                          
       ___case_8_lbl00239   0x0013e6    program     static                          
       ___case_9_lbl00206   0x0010b4    program     static                          
       ___case_9_lbl00218   0x001160    program     static                          
      ___default_lbl00212   0x001160    program     static                          
      ___default_lbl00243   0x00149c    program     static                          
         ___else_lbl00051   0x004ed4    program     static                          
         ___else_lbl00060   0x004f88    program     static                          
         ___else_lbl00179   0x000d6a    program     static                          
         ___else_lbl00182   0x000db6    program     static                          
         ___else_lbl00184   0x000e04    program     static                          
         ___else_lbl00187   0x000e4e    program     static                          
         ___else_lbl00189   0x000e9a    program     static                          
         ___else_lbl00192   0x000ee4    program     static                          
         ___else_lbl00194   0x000f30    program     static                          
         ___else_lbl00197   0x000f7a    program     static                          
         ___else_lbl00199   0x000fc6    program     static                          
         ___else_lbl00202   0x001012    program     static                          
         ___else_lbl00226   0x001218    program     static                          
         ___else_lbl00231   0x0012da    program     static                          
         ___else_lbl00236   0x00139a    program     static                          
         ___else_lbl00241   0x00145a    program     static                          
           ___if_lbl00023   0x004d04    program     static                          
           ___if_lbl00024   0x004d14    program     static                          
           ___if_lbl00025   0x004d38    program     static                          
           ___if_lbl00026   0x004d4c    program     static                          
           ___if_lbl00027   0x004d66    program     static                          
           ___if_lbl00028   0x004d66    program     static                          
           ___if_lbl00043   0x004e38    program     static                          
           ___if_lbl00044   0x004e54    program     static                          
           ___if_lbl00045   0x004e6c    program     static                          
           ___if_lbl00047   0x004e80    program     static                          
           ___if_lbl00048   0x004eb6    program     static                          
           ___if_lbl00049   0x004ed2    program     static                          
           ___if_lbl00050   0x004ed8    program     static                          
           ___if_lbl00053   0x004f0c    program     static                          
           ___if_lbl00054   0x004f24    program     static                          
           ___if_lbl00056   0x004f38    program     static                          
           ___if_lbl00057   0x004f6c    program     static                          
           ___if_lbl00058   0x004f86    program     static                          
           ___if_lbl00059   0x004f90    program     static                          
           ___if_lbl00178   0x000d74    program     static                          
           ___if_lbl00181   0x000df0    program     static                          
           ___if_lbl00183   0x000e0e    program     static                          
           ___if_lbl00186   0x000e86    program     static                          
           ___if_lbl00188   0x000ea4    program     static                          
           ___if_lbl00191   0x000f1c    program     static                          
           ___if_lbl00193   0x000f3a    program     static                          
           ___if_lbl00196   0x000fb2    program     static                          
           ___if_lbl00198   0x000fd0    program     static                          
           ___if_lbl00201   0x00104c    program     static                          
           ___if_lbl00225   0x001256    program     static                          
           ___if_lbl00230   0x001318    program     static                          
           ___if_lbl00235   0x0013d8    program     static                          
           ___if_lbl00240   0x001498    program     static                          
       ___return_lbl00000   0x00803c    program     static                          
       ___return_lbl00000   0x007f8e    program     static                          
       ___return_lbl00000   0x00000c    program     static                          
       ___return_lbl00000   0x000004    program     static                          
       ___return_lbl00001   0x00001c    program     static                          
       ___return_lbl00001   0x0081fa    program     static                          
       ___return_lbl00002   0x007db0    program     static                          
       ___return_lbl00022   0x004d6a    program     static                          
       ___return_lbl00042   0x004edc    program     static                          
       ___return_lbl00052   0x004f94    program     static                          
       ___return_lbl00175   0x00149e    program     static                          
   ___switchexit_lbl00176   0x00149e    program     static                          
   ___switchexit_lbl00210   0x001182    program     static                          
   ___switchexit_lbl00223   0x001258    program     static                          
   ___switchexit_lbl00228   0x00131a    program     static                          
   ___switchexit_lbl00233   0x0013da    program     static                          
   ___switchexit_lbl00238   0x00149a    program     static                          
               __config_0   0x300000    program     static D:\Documenti\Scheda_interfaccia_CANBUS\FW\main.c
               __config_1   0x300001    program     static D:\Documenti\Scheda_interfaccia_CANBUS\FW\main.c
              __config_10   0x30000c    program     static D:\Documenti\Scheda_interfaccia_CANBUS\FW\main.c
              __config_11   0x30000d    program     static D:\Documenti\Scheda_interfaccia_CANBUS\FW\main.c
               __config_2   0x300002    program     static D:\Documenti\Scheda_interfaccia_CANBUS\FW\main.c
               __config_3   0x300003    program     static D:\Documenti\Scheda_interfaccia_CANBUS\FW\main.c
               __config_4   0x300005    program     static D:\Documenti\Scheda_interfaccia_CANBUS\FW\main.c
               __config_5   0x300006    program     static D:\Documenti\Scheda_interfaccia_CANBUS\FW\main.c
               __config_6   0x300008    program     static D:\Documenti\Scheda_interfaccia_CANBUS\FW\main.c
               __config_7   0x300009    program     static D:\Documenti\Scheda_interfaccia_CANBUS\FW\main.c
               __config_8   0x30000a    program     static D:\Documenti\Scheda_interfaccia_CANBUS\FW\main.c
               __config_9   0x30000b    program     static D:\Documenti\Scheda_interfaccia_CANBUS\FW\main.c
                   __init   0x00000e    program     extern E:\c18v3.46\pic18-lt\cxx-framework\src\traditional\stdclib\__init.c
                   __pa_0   0x0070d2    program     static E:\c18v3.46\pic18-lt\cxx-framework\src\traditional\stdclib\log.c
                   __pa_0   0x0075c6    program     static E:\c18v3.46\pic18-lt\cxx-framework\src\traditional\stdclib\ldexp.c
                   __pa_0   0x007480    program     static E:\c18v3.46\pic18-lt\cxx-framework\src\traditional\stdclib\fchop.c
                   __pa_0   0x0076d8    program     static E:\c18v3.46\pic18-lt\cxx-framework\src\traditional\stdclib\frexp.c
                   __pa_0   0x004790    program     static E:\c18v3.46\pic18-lt\cxx-framework\src\traditional\stdclib\vfprintf.c
                   __pa_0   0x007802    program     static E:\c18v3.46\pic18-lt\cxx-framework\src\traditional\stdclib\UnpkMath.c
                   __pa_0   0x006bd6    program     static E:\c18v3.46\pic18-lt\cxx-framework\src\traditional\stdclib\exp.c
                   __pa_0   0x0078d8    program     static E:\c18v3.46\pic18-lt\cxx-framework\src\traditional\stdclib\PackMath.c
                   __pa_0   0x005e48    program     static E:\c18v3.46\pic18-lt\cxx-framework\src\traditional\stdclib\pow.c
                   __pa_1   0x0070de    program     static E:\c18v3.46\pic18-lt\cxx-framework\src\traditional\stdclib\log.c
                   __pa_1   0x006bde    program     static E:\c18v3.46\pic18-lt\cxx-framework\src\traditional\stdclib\exp.c
                   __pa_1   0x005e5e    program     static E:\c18v3.46\pic18-lt\cxx-framework\src\traditional\stdclib\pow.c
                   __pa_1   0x0076e6    program     static E:\c18v3.46\pic18-lt\cxx-framework\src\traditional\stdclib\frexp.c
                   __pa_1   0x0078e8    program     static E:\c18v3.46\pic18-lt\cxx-framework\src\traditional\stdclib\PackMath.c
                   __pa_1   0x004798    program     static E:\c18v3.46\pic18-lt\cxx-framework\src\traditional\stdclib\vfprintf.c
                   __pa_1   0x00748a    program     static E:\c18v3.46\pic18-lt\cxx-framework\src\traditional\stdclib\fchop.c
                  __pa_10   0x005f58    program     static E:\c18v3.46\pic18-lt\cxx-framework\src\traditional\stdclib\pow.c
                  __pa_10   0x00484c    program     static E:\c18v3.46\pic18-lt\cxx-framework\src\traditional\stdclib\vfprintf.c
                  __pa_10   0x007194    program     static E:\c18v3.46\pic18-lt\cxx-framework\src\traditional\stdclib\log.c
                  __pa_10   0x006cbc    program     static E:\c18v3.46\pic18-lt\cxx-framework\src\traditional\stdclib\exp.c
                  __pa_11   0x00485a    program     static E:\c18v3.46\pic18-lt\cxx-framework\src\traditional\stdclib\vfprintf.c
                  __pa_11   0x00719c    program     static E:\c18v3.46\pic18-lt\cxx-framework\src\traditional\stdclib\log.c
                  __pa_11   0x005f7e    program     static E:\c18v3.46\pic18-lt\cxx-framework\src\traditional\stdclib\pow.c
                  __pa_11   0x006cce    program     static E:\c18v3.46\pic18-lt\cxx-framework\src\traditional\stdclib\exp.c
                  __pa_12   0x004870    program     static E:\c18v3.46\pic18-lt\cxx-framework\src\traditional\stdclib\vfprintf.c
                  __pa_12   0x0071ae    program     static E:\c18v3.46\pic18-lt\cxx-framework\src\traditional\stdclib\log.c
                  __pa_12   0x005f90    program     static E:\c18v3.46\pic18-lt\cxx-framework\src\traditional\stdclib\pow.c
                  __pa_12   0x006ce0    program     static E:\c18v3.46\pic18-lt\cxx-framework\src\traditional\stdclib\exp.c
                  __pa_13   0x005fa2    program     static E:\c18v3.46\pic18-lt\cxx-framework\src\traditional\stdclib\pow.c
                  __pa_13   0x006cec    program     static E:\c18v3.46\pic18-lt\cxx-framework\src\traditional\stdclib\exp.c
                  __pa_13   0x00488a    program     static E:\c18v3.46\pic18-lt\cxx-framework\src\traditional\stdclib\vfprintf.c
                  __pa_13   0x0071c8    program     static E:\c18v3.46\pic18-lt\cxx-framework\src\traditional\stdclib\log.c
                  __pa_14   0x006cfa    program     static E:\c18v3.46\pic18-lt\cxx-framework\src\traditional\stdclib\exp.c
                  __pa_14   0x0048a2    program     static E:\c18v3.46\pic18-lt\cxx-framework\src\traditional\stdclib\vfprintf.c
                  __pa_14   0x005fac    program     static E:\c18v3.46\pic18-lt\cxx-framework\src\traditional\stdclib\pow.c
                  __pa_14   0x0071da    program     static E:\c18v3.46\pic18-lt\cxx-framework\src\traditional\stdclib\log.c
                  __pa_15   0x006d04    program     static E:\c18v3.46\pic18-lt\cxx-framework\src\traditional\stdclib\exp.c
                  __pa_15   0x005fc6    program     static E:\c18v3.46\pic18-lt\cxx-framework\src\traditional\stdclib\pow.c
                  __pa_15   0x0048b2    program     static E:\c18v3.46\pic18-lt\cxx-framework\src\traditional\stdclib\vfprintf.c
                  __pa_15   0x0071ec    program     static E:\c18v3.46\pic18-lt\cxx-framework\src\traditional\stdclib\log.c
                  __pa_16   0x005fde    program     static E:\c18v3.46\pic18-lt\cxx-framework\src\traditional\stdclib\pow.c
                  __pa_16   0x0071f8    program     static E:\c18v3.46\pic18-lt\cxx-framework\src\traditional\stdclib\log.c
                  __pa_16   0x0048c8    program     static E:\c18v3.46\pic18-lt\cxx-framework\src\traditional\stdclib\vfprintf.c
                  __pa_17   0x005fec    program     static E:\c18v3.46\pic18-lt\cxx-framework\src\traditional\stdclib\pow.c
                  __pa_17   0x0048da    program     static E:\c18v3.46\pic18-lt\cxx-framework\src\traditional\stdclib\vfprintf.c
                  __pa_18   0x005ffa    program     static E:\c18v3.46\pic18-lt\cxx-framework\src\traditional\stdclib\pow.c
                  __pa_18   0x0048ec    program     static E:\c18v3.46\pic18-lt\cxx-framework\src\traditional\stdclib\vfprintf.c
                  __pa_19   0x006002    program     static E:\c18v3.46\pic18-lt\cxx-framework\src\traditional\stdclib\pow.c
                  __pa_19   0x0048f6    program     static E:\c18v3.46\pic18-lt\cxx-framework\src\traditional\stdclib\vfprintf.c
                   __pa_2   0x005e66    program     static E:\c18v3.46\pic18-lt\cxx-framework\src\traditional\stdclib\pow.c
                   __pa_2   0x006bfe    program     static E:\c18v3.46\pic18-lt\cxx-framework\src\traditional\stdclib\exp.c
                   __pa_2   0x0078f6    program     static E:\c18v3.46\pic18-lt\cxx-framework\src\traditional\stdclib\PackMath.c
                   __pa_2   0x0047a2    program     static E:\c18v3.46\pic18-lt\cxx-framework\src\traditional\stdclib\vfprintf.c
                   __pa_2   0x0070f0    program     static E:\c18v3.46\pic18-lt\cxx-framework\src\traditional\stdclib\log.c
                  __pa_20   0x004906    program     static E:\c18v3.46\pic18-lt\cxx-framework\src\traditional\stdclib\vfprintf.c
                  __pa_20   0x006014    program     static E:\c18v3.46\pic18-lt\cxx-framework\src\traditional\stdclib\pow.c
                  __pa_21   0x004916    program     static E:\c18v3.46\pic18-lt\cxx-framework\src\traditional\stdclib\vfprintf.c
                  __pa_21   0x006020    program     static E:\c18v3.46\pic18-lt\cxx-framework\src\traditional\stdclib\pow.c
                  __pa_22   0x006032    program     static E:\c18v3.46\pic18-lt\cxx-framework\src\traditional\stdclib\pow.c
                  __pa_22   0x004926    program     static E:\c18v3.46\pic18-lt\cxx-framework\src\traditional\stdclib\vfprintf.c
                  __pa_23   0x006044    program     static E:\c18v3.46\pic18-lt\cxx-framework\src\traditional\stdclib\pow.c
                  __pa_23   0x004932    program     static E:\c18v3.46\pic18-lt\cxx-framework\src\traditional\stdclib\vfprintf.c
                  __pa_24   0x006050    program     static E:\c18v3.46\pic18-lt\cxx-framework\src\traditional\stdclib\pow.c
                  __pa_24   0x004940    program     static E:\c18v3.46\pic18-lt\cxx-framework\src\traditional\stdclib\vfprintf.c
                  __pa_25   0x00605c    program     static E:\c18v3.46\pic18-lt\cxx-framework\src\traditional\stdclib\pow.c
                  __pa_25   0x004948    program     static E:\c18v3.46\pic18-lt\cxx-framework\src\traditional\stdclib\vfprintf.c
                  __pa_26   0x004952    program     static E:\c18v3.46\pic18-lt\cxx-framework\src\traditional\stdclib\vfprintf.c
                  __pa_26   0x00606c    program     static E:\c18v3.46\pic18-lt\cxx-framework\src\traditional\stdclib\pow.c
                  __pa_27   0x00495c    program     static E:\c18v3.46\pic18-lt\cxx-framework\src\traditional\stdclib\vfprintf.c
                  __pa_27   0x00607a    program     static E:\c18v3.46\pic18-lt\cxx-framework\src\traditional\stdclib\pow.c
                  __pa_28   0x004964    program     static E:\c18v3.46\pic18-lt\cxx-framework\src\traditional\stdclib\vfprintf.c
                  __pa_28   0x006084    program     static E:\c18v3.46\pic18-lt\cxx-framework\src\traditional\stdclib\pow.c
                  __pa_29   0x004972    program     static E:\c18v3.46\pic18-lt\cxx-framework\src\traditional\stdclib\vfprintf.c
                  __pa_29   0x00608c    program     static E:\c18v3.46\pic18-lt\cxx-framework\src\traditional\stdclib\pow.c
                   __pa_3   0x00710c    program     static E:\c18v3.46\pic18-lt\cxx-framework\src\traditional\stdclib\log.c
                   __pa_3   0x007900    program     static E:\c18v3.46\pic18-lt\cxx-framework\src\traditional\stdclib\PackMath.c
                   __pa_3   0x006c18    program     static E:\c18v3.46\pic18-lt\cxx-framework\src\traditional\stdclib\exp.c
                   __pa_3   0x005e80    program     static E:\c18v3.46\pic18-lt\cxx-framework\src\traditional\stdclib\pow.c
                   __pa_3   0x0047ac    program     static E:\c18v3.46\pic18-lt\cxx-framework\src\traditional\stdclib\vfprintf.c
                  __pa_30   0x00498e    program     static E:\c18v3.46\pic18-lt\cxx-framework\src\traditional\stdclib\vfprintf.c
                  __pa_30   0x006094    program     static E:\c18v3.46\pic18-lt\cxx-framework\src\traditional\stdclib\pow.c
                  __pa_31   0x0060a6    program     static E:\c18v3.46\pic18-lt\cxx-framework\src\traditional\stdclib\pow.c
                  __pa_31   0x0049a8    program     static E:\c18v3.46\pic18-lt\cxx-framework\src\traditional\stdclib\vfprintf.c
                  __pa_32   0x0060b2    program     static E:\c18v3.46\pic18-lt\cxx-framework\src\traditional\stdclib\pow.c
                  __pa_32   0x0049c2    program     static E:\c18v3.46\pic18-lt\cxx-framework\src\traditional\stdclib\vfprintf.c
                  __pa_33   0x0049da    program     static E:\c18v3.46\pic18-lt\cxx-framework\src\traditional\stdclib\vfprintf.c
                  __pa_33   0x0060b8    program     static E:\c18v3.46\pic18-lt\cxx-framework\src\traditional\stdclib\pow.c
                  __pa_34   0x0060c0    program     static E:\c18v3.46\pic18-lt\cxx-framework\src\traditional\stdclib\pow.c
                  __pa_34   0x0049e4    program     static E:\c18v3.46\pic18-lt\cxx-framework\src\traditional\stdclib\vfprintf.c
                  __pa_35   0x0060cc    program     static E:\c18v3.46\pic18-lt\cxx-framework\src\traditional\stdclib\pow.c
                  __pa_35   0x0049f2    program     static E:\c18v3.46\pic18-lt\cxx-framework\src\traditional\stdclib\vfprintf.c
                  __pa_36   0x0060da    program     static E:\c18v3.46\pic18-lt\cxx-framework\src\traditional\stdclib\pow.c
                  __pa_36   0x0049fa    program     static E:\c18v3.46\pic18-lt\cxx-framework\src\traditional\stdclib\vfprintf.c
                  __pa_37   0x0060e2    program     static E:\c18v3.46\pic18-lt\cxx-framework\src\traditional\stdclib\pow.c
                  __pa_37   0x004a04    program     static E:\c18v3.46\pic18-lt\cxx-framework\src\traditional\stdclib\vfprintf.c
                  __pa_38   0x004a14    program     static E:\c18v3.46\pic18-lt\cxx-framework\src\traditional\stdclib\vfprintf.c
                  __pa_38   0x0060ec    program     static E:\c18v3.46\pic18-lt\cxx-framework\src\traditional\stdclib\pow.c
                  __pa_39   0x0060f4    program     static E:\c18v3.46\pic18-lt\cxx-framework\src\traditional\stdclib\pow.c
                  __pa_39   0x004a22    program     static E:\c18v3.46\pic18-lt\cxx-framework\src\traditional\stdclib\vfprintf.c
                   __pa_4   0x00790e    program     static E:\c18v3.46\pic18-lt\cxx-framework\src\traditional\stdclib\PackMath.c
                   __pa_4   0x0047c4    program     static E:\c18v3.46\pic18-lt\cxx-framework\src\traditional\stdclib\vfprintf.c
                   __pa_4   0x005ec4    program     static E:\c18v3.46\pic18-lt\cxx-framework\src\traditional\stdclib\pow.c
                   __pa_4   0x006c28    program     static E:\c18v3.46\pic18-lt\cxx-framework\src\traditional\stdclib\exp.c
                   __pa_4   0x007112    program     static E:\c18v3.46\pic18-lt\cxx-framework\src\traditional\stdclib\log.c
                  __pa_40   0x0060fe    program     static E:\c18v3.46\pic18-lt\cxx-framework\src\traditional\stdclib\pow.c
                  __pa_40   0x004a2e    program     static E:\c18v3.46\pic18-lt\cxx-framework\src\traditional\stdclib\vfprintf.c
                  __pa_41   0x00610c    program     static E:\c18v3.46\pic18-lt\cxx-framework\src\traditional\stdclib\pow.c
                  __pa_41   0x004a3a    program     static E:\c18v3.46\pic18-lt\cxx-framework\src\traditional\stdclib\vfprintf.c
                  __pa_42   0x006114    program     static E:\c18v3.46\pic18-lt\cxx-framework\src\traditional\stdclib\pow.c
                  __pa_42   0x004a42    program     static E:\c18v3.46\pic18-lt\cxx-framework\src\traditional\stdclib\vfprintf.c
                  __pa_43   0x004a4c    program     static E:\c18v3.46\pic18-lt\cxx-framework\src\traditional\stdclib\vfprintf.c
                  __pa_43   0x006120    program     static E:\c18v3.46\pic18-lt\cxx-framework\src\traditional\stdclib\pow.c
                  __pa_44   0x004a52    program     static E:\c18v3.46\pic18-lt\cxx-framework\src\traditional\stdclib\vfprintf.c
                  __pa_44   0x00612e    program     static E:\c18v3.46\pic18-lt\cxx-framework\src\traditional\stdclib\pow.c
                  __pa_45   0x004a5c    program     static E:\c18v3.46\pic18-lt\cxx-framework\src\traditional\stdclib\vfprintf.c
                  __pa_45   0x006138    program     static E:\c18v3.46\pic18-lt\cxx-framework\src\traditional\stdclib\pow.c
                  __pa_46   0x004a68    program     static E:\c18v3.46\pic18-lt\cxx-framework\src\traditional\stdclib\vfprintf.c
                   __pa_5   0x00711c    program     static E:\c18v3.46\pic18-lt\cxx-framework\src\traditional\stdclib\log.c
                   __pa_5   0x0047d8    program     static E:\c18v3.46\pic18-lt\cxx-framework\src\traditional\stdclib\vfprintf.c
                   __pa_5   0x007916    program     static E:\c18v3.46\pic18-lt\cxx-framework\src\traditional\stdclib\PackMath.c
                   __pa_5   0x005ee8    program     static E:\c18v3.46\pic18-lt\cxx-framework\src\traditional\stdclib\pow.c
                   __pa_5   0x006c3a    program     static E:\c18v3.46\pic18-lt\cxx-framework\src\traditional\stdclib\exp.c
                   __pa_6   0x00713a    program     static E:\c18v3.46\pic18-lt\cxx-framework\src\traditional\stdclib\log.c
                   __pa_6   0x006c50    program     static E:\c18v3.46\pic18-lt\cxx-framework\src\traditional\stdclib\exp.c
                   __pa_6   0x005ef6    program     static E:\c18v3.46\pic18-lt\cxx-framework\src\traditional\stdclib\pow.c
                   __pa_6   0x00791e    program     static E:\c18v3.46\pic18-lt\cxx-framework\src\traditional\stdclib\PackMath.c
                   __pa_6   0x0047f4    program     static E:\c18v3.46\pic18-lt\cxx-framework\src\traditional\stdclib\vfprintf.c
                   __pa_7   0x005f0a    program     static E:\c18v3.46\pic18-lt\cxx-framework\src\traditional\stdclib\pow.c
                   __pa_7   0x0047fe    program     static E:\c18v3.46\pic18-lt\cxx-framework\src\traditional\stdclib\vfprintf.c
                   __pa_7   0x006c6e    program     static E:\c18v3.46\pic18-lt\cxx-framework\src\traditional\stdclib\exp.c
                   __pa_7   0x007154    program     static E:\c18v3.46\pic18-lt\cxx-framework\src\traditional\stdclib\log.c
                   __pa_8   0x005f24    program     static E:\c18v3.46\pic18-lt\cxx-framework\src\traditional\stdclib\pow.c
                   __pa_8   0x00716e    program     static E:\c18v3.46\pic18-lt\cxx-framework\src\traditional\stdclib\log.c
                   __pa_8   0x006c8a    program     static E:\c18v3.46\pic18-lt\cxx-framework\src\traditional\stdclib\exp.c
                   __pa_8   0x00480a    program     static E:\c18v3.46\pic18-lt\cxx-framework\src\traditional\stdclib\vfprintf.c
                   __pa_9   0x007184    program     static E:\c18v3.46\pic18-lt\cxx-framework\src\traditional\stdclib\log.c
                   __pa_9   0x00482c    program     static E:\c18v3.46\pic18-lt\cxx-framework\src\traditional\stdclib\vfprintf.c
                   __pa_9   0x005f3e    program     static E:\c18v3.46\pic18-lt\cxx-framework\src\traditional\stdclib\pow.c
                   __pa_9   0x006ca8    program     static E:\c18v3.46\pic18-lt\cxx-framework\src\traditional\stdclib\exp.c
               __string_0   0x007a17    program     static D:\Documenti\Scheda_interfaccia_CANBUS\FW\user\can_interface.c
               __string_0   0x007951    program     static D:\Documenti\Scheda_interfaccia_CANBUS\FW\user\uart_interface.c
               __string_0   0x007939    program     static D:\Documenti\Scheda_interfaccia_CANBUS\FW\user\can_to_rs232_converter.c
               __string_1   0x0079fe    program     static D:\Documenti\Scheda_interfaccia_CANBUS\FW\user\can_interface.c
               __string_1   0x00793e    program     static D:\Documenti\Scheda_interfaccia_CANBUS\FW\user\uart_interface.c
               __string_1   0x007934    program     static D:\Documenti\Scheda_interfaccia_CANBUS\FW\user\can_to_rs232_converter.c
               __string_2   0x00792f    program     static D:\Documenti\Scheda_interfaccia_CANBUS\FW\user\can_to_rs232_converter.c
               __string_2   0x0079e6    program     static D:\Documenti\Scheda_interfaccia_CANBUS\FW\user\can_interface.c
               __string_3   0x00792a    program     static D:\Documenti\Scheda_interfaccia_CANBUS\FW\user\can_to_rs232_converter.c
               __string_3   0x0079ca    program     static D:\Documenti\Scheda_interfaccia_CANBUS\FW\user\can_interface.c
               __string_4   0x0079ae    program     static D:\Documenti\Scheda_interfaccia_CANBUS\FW\user\can_interface.c
               __string_5   0x007996    program     static D:\Documenti\Scheda_interfaccia_CANBUS\FW\user\can_interface.c
               __string_6   0x00797e    program     static D:\Documenti\Scheda_interfaccia_CANBUS\FW\user\can_interface.c
               __string_7   0x007972    program     static D:\Documenti\Scheda_interfaccia_CANBUS\FW\user\can_interface.c
               __string_8   0x007960    program     static D:\Documenti\Scheda_interfaccia_CANBUS\FW\user\can_interface.c
               __tmplbl_0   0x004e78    program     static                          
               __tmplbl_1   0x004e72    program     static                          
               __tmplbl_2   0x004f30    program     static                          
               __tmplbl_3   0x004f2a    program     static                          
              __tmplbl_42   0x004926    program     static                          
              __tmplbl_43   0x00476e    program     static                          
              __tmplbl_44   0x004754    program     static                          
              __tmplbl_85   0x003ea6    program     static                          
            __zero_memory   0x0081c0    program     extern E:\c18v3.46\pic18-lt\cxx-framework\src\traditional\proc\p18f46k80.asm
                _do_cinit   0x007d14    program     extern E:\c18v3.46\pic18-lt\cxx-framework\src\traditional\startup\c018i.c
                   _entry   0x000000    program     extern E:\c18v3.46\pic18-lt\cxx-framework\src\traditional\startup\c018i.c
                   _false   0x008038    program     static                          
                   _fchop   0x007206    program     extern E:\c18v3.46\pic18-lt\cxx-framework\src\traditional\stdclib\fchop.c
                 _startup   0x0081e0    program     extern E:\c18v3.46\pic18-lt\cxx-framework\src\traditional\startup\c018i.c
              _usart_putc   0x0081fc    program     extern E:\c18v3.46\pic18-lt\cxx-framework\src\pmc_common\USART\_usartpc.asm
               _user_putc   0x000006    program     extern E:\c18v3.46\pic18-lt\cxx-framework\src\traditional\stdclib\_user_putc.c
               baud1USART   0x00819e    program     extern E:\c18v3.46\pic18-lt\cxx-framework\src\pmc_common\USART\u1baud.c
               baud2USART   0x00817c    program     extern E:\c18v3.46\pic18-lt\cxx-framework\src\pmc_common\USART\u2baud.c
          can_buffer_read   0x00366c    program     extern D:\Documenti\Scheda_interfaccia_CANBUS\FW\user\can_interface.c
       can_buffer_rx_load   0x003596    program     extern D:\Documenti\Scheda_interfaccia_CANBUS\FW\user\can_interface.c
can_buffer_rx_loaded_update   0x003986    program     extern D:\Documenti\Scheda_interfaccia_CANBUS\FW\user\can_interface.c
    can_buffer_rx_release   0x002d6a    program     extern D:\Documenti\Scheda_interfaccia_CANBUS\FW\user\can.c
          can_buffer_send   0x003440    program     extern D:\Documenti\Scheda_interfaccia_CANBUS\FW\user\can_interface.c
  can_buffer_set_priority   0x003002    program     extern D:\Documenti\Scheda_interfaccia_CANBUS\FW\user\can.c
can_buffer_tx_free_update   0x0038c8    program     extern D:\Documenti\Scheda_interfaccia_CANBUS\FW\user\can_interface.c
       can_buffer_tx_load   0x003270    program     extern D:\Documenti\Scheda_interfaccia_CANBUS\FW\user\can_interface.c
         can_error_handle   0x003b1e    program     extern D:\Documenti\Scheda_interfaccia_CANBUS\FW\user\can_interface.c
      can_error_translate   0x003b90    program     extern D:\Documenti\Scheda_interfaccia_CANBUS\FW\user\can_interface.c
     can_get_rx_data_size   0x003850    program     extern D:\Documenti\Scheda_interfaccia_CANBUS\FW\user\can_interface.c
can_get_tx_buffer_empty_space   0x00357e    program     extern D:\Documenti\Scheda_interfaccia_CANBUS\FW\user\can_interface.c
                 can_init   0x00305e    program     extern D:\Documenti\Scheda_interfaccia_CANBUS\FW\user\can_interface.c
        can_init_auto_rtr   0x00260a    program     extern D:\Documenti\Scheda_interfaccia_CANBUS\FW\user\can.c
    can_init_baudrate_set   0x0024a4    program     extern D:\Documenti\Scheda_interfaccia_CANBUS\FW\user\can.c
   can_init_filter_buffer   0x001f62    program     extern D:\Documenti\Scheda_interfaccia_CANBUS\FW\user\can.c
   can_init_filter_enable   0x001ed4    program     extern D:\Documenti\Scheda_interfaccia_CANBUS\FW\user\can.c
       can_init_filter_id   0x0023fe    program     extern D:\Documenti\Scheda_interfaccia_CANBUS\FW\user\can.c
     can_init_filter_mask   0x0021b0    program     extern D:\Documenti\Scheda_interfaccia_CANBUS\FW\user\can.c
       can_init_interrupt   0x001cea    program     extern D:\Documenti\Scheda_interfaccia_CANBUS\FW\user\can.c
         can_init_mask_id   0x001dfa    program     extern D:\Documenti\Scheda_interfaccia_CANBUS\FW\user\can.c
can_init_prog_buffer_mode   0x001d98    program     extern D:\Documenti\Scheda_interfaccia_CANBUS\FW\user\can.c
                  can_isr   0x003858    program     extern D:\Documenti\Scheda_interfaccia_CANBUS\FW\user\can_interface.c
          can_load_buffer   0x002864    program     extern D:\Documenti\Scheda_interfaccia_CANBUS\FW\user\can.c
          can_mode_select   0x0026fe    program     extern D:\Documenti\Scheda_interfaccia_CANBUS\FW\user\can.c
            can_op_select   0x002740    program     extern D:\Documenti\Scheda_interfaccia_CANBUS\FW\user\can.c
                 can_read   0x002ab8    program     extern D:\Documenti\Scheda_interfaccia_CANBUS\FW\user\can.c
   can_search_buffer_free   0x002784    program     extern D:\Documenti\Scheda_interfaccia_CANBUS\FW\user\can.c
 can_search_buffer_loaded   0x0027f6    program     extern D:\Documenti\Scheda_interfaccia_CANBUS\FW\user\can.c
      can_uart_initialize   0x000050    program     extern D:\Documenti\Scheda_interfaccia_CANBUS\FW\user\can_to_rs232_converter.c
            can_uart_loop   0x000a5e    program     extern D:\Documenti\Scheda_interfaccia_CANBUS\FW\user\can_to_rs232_converter.c
can_uart_message_read_from_can   0x000b96    program     extern D:\Documenti\Scheda_interfaccia_CANBUS\FW\user\can_to_rs232_converter.c
can_uart_message_read_from_uart   0x000ae6    program     extern D:\Documenti\Scheda_interfaccia_CANBUS\FW\user\can_to_rs232_converter.c
can_uart_proc_int_message   0x000ce0    program     extern D:\Documenti\Scheda_interfaccia_CANBUS\FW\user\can_to_rs232_converter.c
                can_write   0x002a5c    program     extern D:\Documenti\Scheda_interfaccia_CANBUS\FW\user\can.c
            canid_to_regs   0x002df8    program     extern D:\Documenti\Scheda_interfaccia_CANBUS\FW\user\can.c
     cbrn_get_can_address   0x0014b2    program     extern D:\Documenti\Scheda_interfaccia_CANBUS\FW\user\can_to_rs232_converter.c
                compare_l   0x0081d6    program     static E:\c18v3.46\pic18-lt\cxx-framework\src\traditional\proc\p18f46k80.asm
                copy_loop   0x007d86    program     static                          
            copy_one_byte   0x007d8c    program     static                          
                     done   0x007db0    program     static                          
             done_copying   0x007d9a    program     static                          
                      exp   0x006746    program     extern E:\c18v3.46\pic18-lt\cxx-framework\src\traditional\stdclib\exp.c
                     fabs   0x007f90    program     extern E:\c18v3.46\pic18-lt\cxx-framework\src\traditional\stdclib\fabs.c
                    frexp   0x0075d0    program     extern E:\c18v3.46\pic18-lt\cxx-framework\src\traditional\stdclib\frexp.c
                 high_isr   0x007a2e    program     extern D:\Documenti\Scheda_interfaccia_CANBUS\FW\system\interrupt\interrupt.c
        initialize_system   0x007caa    program     extern D:\Documenti\Scheda_interfaccia_CANBUS\FW\main.c
 interrupt_at_high_vector   0x000008    program     extern D:\Documenti\Scheda_interfaccia_CANBUS\FW\system\interrupt\interrupt.c
  interrupt_at_low_vector   0x000018    program     extern D:\Documenti\Scheda_interfaccia_CANBUS\FW\system\interrupt\interrupt.c
                  isdigit   0x008158    program     extern E:\c18v3.46\pic18-lt\cxx-framework\src\traditional\stdclib\isdigit.asm
                 jANotInf   0x00631e    program     static E:\c18v3.46\pic18-lt\cxx-framework\src\traditional\math\addFP.asm
                 jANotInf   0x006440    program     static E:\c18v3.46\pic18-lt\cxx-framework\src\traditional\math\divFP.asm
                 jANotInf   0x0064e6    program     static E:\c18v3.46\pic18-lt\cxx-framework\src\traditional\math\mulFP.asm
                 jANotNeg   0x0063b2    program     static E:\c18v3.46\pic18-lt\cxx-framework\src\traditional\math\addFP.asm
                jANotZero   0x006454    program     static E:\c18v3.46\pic18-lt\cxx-framework\src\traditional\math\divFP.asm
              jAandWsetup   0x006382    program     static E:\c18v3.46\pic18-lt\cxx-framework\src\traditional\math\addFP.asm
                  jAisNeg   0x006718    program     static E:\c18v3.46\pic18-lt\cxx-framework\src\traditional\math\compFP.asm
                 jAltBexp   0x006370    program     static E:\c18v3.46\pic18-lt\cxx-framework\src\traditional\math\addFP.asm
                jBANotInf   0x006314    program     static E:\c18v3.46\pic18-lt\cxx-framework\src\traditional\math\addFP.asm
                 jBNotInf   0x00632c    program     static E:\c18v3.46\pic18-lt\cxx-framework\src\traditional\math\addFP.asm
              jBothFinite   0x0064f4    program     static E:\c18v3.46\pic18-lt\cxx-framework\src\traditional\math\mulFP.asm
             jBothNotZero   0x006500    program     static E:\c18v3.46\pic18-lt\cxx-framework\src\traditional\math\mulFP.asm
             jBothNotZero   0x0066ba    program     static E:\c18v3.46\pic18-lt\cxx-framework\src\traditional\math\compFP.asm
            jDifOrPosSign   0x006340    program     static E:\c18v3.46\pic18-lt\cxx-framework\src\traditional\math\addFP.asm
                      jEQ   0x0066d6    program     static E:\c18v3.46\pic18-lt\cxx-framework\src\traditional\math\compFP.asm
                     jEnd   0x007baa    program     static E:\c18v3.46\pic18-lt\cxx-framework\src\traditional\stdclib\slenpgm.asm
                     jEnd   0x007b72    program     static E:\c18v3.46\pic18-lt\cxx-framework\src\traditional\stdclib\strlen.asm
                     jEnd   0x007b46    program     static E:\c18v3.46\pic18-lt\cxx-framework\src\traditional\stdclib\memcpy.asm
                    jExch   0x0066e2    program     static E:\c18v3.46\pic18-lt\cxx-framework\src\traditional\math\compFP.asm
                    jExit   0x006668    program     static E:\c18v3.46\pic18-lt\cxx-framework\src\traditional\math\castFP32.asm
                    jExit   0x0061bc    program     static E:\c18v3.46\pic18-lt\cxx-framework\src\traditional\math\castFP16.asm
                   jExpEQ   0x006728    program     static E:\c18v3.46\pic18-lt\cxx-framework\src\traditional\math\compFP.asm
                   jFinal   0x00670c    program     static E:\c18v3.46\pic18-lt\cxx-framework\src\traditional\math\compFP.asm
               jFinalSign   0x00641a    program     static E:\c18v3.46\pic18-lt\cxx-framework\src\traditional\math\addFP.asm
                jHaveZero   0x0064fc    program     static E:\c18v3.46\pic18-lt\cxx-framework\src\traditional\math\mulFP.asm
                jI2F08Beg   0x00614c    program     static E:\c18v3.46\pic18-lt\cxx-framework\src\traditional\math\cast08FP.asm
                jI2F16Beg   0x0062de    program     static E:\c18v3.46\pic18-lt\cxx-framework\src\traditional\math\cast16FP.asm
                    jLoop   0x00619c    program     static E:\c18v3.46\pic18-lt\cxx-framework\src\traditional\math\castFP16.asm
                    jLoop   0x00663c    program     static E:\c18v3.46\pic18-lt\cxx-framework\src\traditional\math\castFP32.asm
                    jLoop   0x00647c    program     static E:\c18v3.46\pic18-lt\cxx-framework\src\traditional\math\divFP.asm
                    jLoop   0x007b92    program     static E:\c18v3.46\pic18-lt\cxx-framework\src\traditional\stdclib\slenpgm.asm
                    jLoop   0x007b68    program     static E:\c18v3.46\pic18-lt\cxx-framework\src\traditional\stdclib\strlen.asm
                    jLoop   0x007b2a    program     static E:\c18v3.46\pic18-lt\cxx-framework\src\traditional\stdclib\memcpy.asm
                jLoopExit   0x006650    program     static E:\c18v3.46\pic18-lt\cxx-framework\src\traditional\math\castFP32.asm
                jLoopExit   0x0061ac    program     static E:\c18v3.46\pic18-lt\cxx-framework\src\traditional\math\castFP16.asm
                   jMatch   0x008178    program     static E:\c18v3.46\pic18-lt\cxx-framework\src\traditional\stdclib\isdigit.asm
                     jMax   0x00660c    program     static E:\c18v3.46\pic18-lt\cxx-framework\src\traditional\math\castFP32.asm
                     jMax   0x006170    program     static E:\c18v3.46\pic18-lt\cxx-framework\src\traditional\math\castFP16.asm
                  jMaxNeg   0x00661e    program     static E:\c18v3.46\pic18-lt\cxx-framework\src\traditional\math\castFP32.asm
                  jMaxNeg   0x00617e    program     static E:\c18v3.46\pic18-lt\cxx-framework\src\traditional\math\castFP16.asm
                  jMaxPos   0x006610    program     static E:\c18v3.46\pic18-lt\cxx-framework\src\traditional\math\castFP32.asm
                  jMaxPos   0x006174    program     static E:\c18v3.46\pic18-lt\cxx-framework\src\traditional\math\castFP16.asm
                      jNE   0x0066da    program     static E:\c18v3.46\pic18-lt\cxx-framework\src\traditional\math\compFP.asm
                    jNext   0x0064a2    program     static E:\c18v3.46\pic18-lt\cxx-framework\src\traditional\math\divFP.asm
                jNoAdjust   0x0064a0    program     static E:\c18v3.46\pic18-lt\cxx-framework\src\traditional\math\divFP.asm
                  jNoExch   0x006702    program     static E:\c18v3.46\pic18-lt\cxx-framework\src\traditional\math\compFP.asm
                 jNoMatch   0x00817a    program     static E:\c18v3.46\pic18-lt\cxx-framework\src\traditional\stdclib\isdigit.asm
             jNotBothZero   0x006344    program     static E:\c18v3.46\pic18-lt\cxx-framework\src\traditional\math\addFP.asm
                  jNotInf   0x00662a    program     static E:\c18v3.46\pic18-lt\cxx-framework\src\traditional\math\castFP32.asm
                  jNotInf   0x00618c    program     static E:\c18v3.46\pic18-lt\cxx-framework\src\traditional\math\castFP16.asm
                  jPkLoop   0x006204    program     static E:\c18v3.46\pic18-lt\cxx-framework\src\traditional\math\packFP.asm
             jPkRoundDone   0x00624e    program     static E:\c18v3.46\pic18-lt\cxx-framework\src\traditional\math\packFP.asm
               jPkRoundIt   0x006236    program     static E:\c18v3.46\pic18-lt\cxx-framework\src\traditional\math\packFP.asm
             jPkShiftDone   0x006220    program     static E:\c18v3.46\pic18-lt\cxx-framework\src\traditional\math\packFP.asm
           jReturnPosInf0   0x0061da    program     static E:\c18v3.46\pic18-lt\cxx-framework\src\traditional\math\packFP.asm
                  jRotate   0x006734    program     static E:\c18v3.46\pic18-lt\cxx-framework\src\traditional\math\compFP.asm
                   jShift   0x00671e    program     static E:\c18v3.46\pic18-lt\cxx-framework\src\traditional\math\compFP.asm
               jShiftDone   0x0063da    program     static E:\c18v3.46\pic18-lt\cxx-framework\src\traditional\math\addFP.asm
               jShiftLoop   0x0063cc    program     static E:\c18v3.46\pic18-lt\cxx-framework\src\traditional\math\addFP.asm
                jSignDone   0x00640a    program     static E:\c18v3.46\pic18-lt\cxx-framework\src\traditional\math\addFP.asm
              jSignedZero   0x00644a    program     static E:\c18v3.46\pic18-lt\cxx-framework\src\traditional\math\divFP.asm
                 jSignsEQ   0x0066be    program     static E:\c18v3.46\pic18-lt\cxx-framework\src\traditional\math\compFP.asm
                  jUnpkA1   0x006278    program     static E:\c18v3.46\pic18-lt\cxx-framework\src\traditional\math\UnpackFP.asm
                  jUnpkA2   0x006290    program     static E:\c18v3.46\pic18-lt\cxx-framework\src\traditional\math\UnpackFP.asm
                 jUnpkANZ   0x006286    program     static E:\c18v3.46\pic18-lt\cxx-framework\src\traditional\math\UnpackFP.asm
                  jUnpkB1   0x0062a8    program     static E:\c18v3.46\pic18-lt\cxx-framework\src\traditional\math\UnpackFP.asm
                  jUnpkB2   0x0062c0    program     static E:\c18v3.46\pic18-lt\cxx-framework\src\traditional\math\UnpackFP.asm
                 jUnpkBNZ   0x0062b6    program     static E:\c18v3.46\pic18-lt\cxx-framework\src\traditional\math\UnpackFP.asm
                 jUnpkNaN   0x00629a    program     static E:\c18v3.46\pic18-lt\cxx-framework\src\traditional\math\UnpackFP.asm
                 jWNotNeg   0x0063c6    program     static E:\c18v3.46\pic18-lt\cxx-framework\src\traditional\math\addFP.asm
                   jWr123   0x006616    program     static E:\c18v3.46\pic18-lt\cxx-framework\src\traditional\math\castFP32.asm
                  jWrZ123   0x006626    program     static E:\c18v3.46\pic18-lt\cxx-framework\src\traditional\math\castFP32.asm
                    jZero   0x006186    program     static E:\c18v3.46\pic18-lt\cxx-framework\src\traditional\math\castFP16.asm
                    jZero   0x006624    program     static E:\c18v3.46\pic18-lt\cxx-framework\src\traditional\math\castFP32.asm
               jZero1and2   0x0061de    program     static E:\c18v3.46\pic18-lt\cxx-framework\src\traditional\math\packFP.asm
                    ldexp   0x007498    program     extern E:\c18v3.46\pic18-lt\cxx-framework\src\traditional\stdclib\ldexp.c
                      log   0x006d0c    program     extern E:\c18v3.46\pic18-lt\cxx-framework\src\traditional\stdclib\log.c
                     loop   0x0081f0    program     static                          
                     loop   0x00820c    program     static E:\c18v3.46\pic18-lt\cxx-framework\src\pmc_common\USART\_usartpc.asm
                     loop   0x008004    program     static                          
                   loop_h   0x0081ce    program     static E:\c18v3.46\pic18-lt\cxx-framework\src\traditional\proc\p18f46k80.asm
                   loop_l   0x0081d8    program     static E:\c18v3.46\pic18-lt\cxx-framework\src\traditional\proc\p18f46k80.asm
                  low_isr   0x007adc    program     extern D:\Documenti\Scheda_interfaccia_CANBUS\FW\system\interrupt\interrupt.c
                     main   0x007c6a    program     extern D:\Documenti\Scheda_interfaccia_CANBUS\FW\main.c
                   memcpy   0x007b02    program     extern E:\c18v3.46\pic18-lt\cxx-framework\src\traditional\stdclib\memcpy.asm
pc_interface_can_state_machine   0x0015ac    program     extern D:\Documenti\Scheda_interfaccia_CANBUS\FW\user\can_to_rs232_converter.c
pc_interface_uart_state_machine   0x00170e    program     extern D:\Documenti\Scheda_interfaccia_CANBUS\FW\user\can_to_rs232_converter.c
                      pow   0x005620    program     extern E:\c18v3.46\pic18-lt\cxx-framework\src\traditional\stdclib\pow.c
                     putc   0x007db2    program     extern E:\c18v3.46\pic18-lt\cxx-framework\src\traditional\stdclib\putc.c
                 s_digits   0x008218    program     static E:\c18v3.46\pic18-lt\cxx-framework\src\traditional\stdclib\vfprintf.c
            s_put_n_chars   0x003e50    program     static E:\c18v3.46\pic18-lt\cxx-framework\src\traditional\stdclib\vfprintf.c
sens_exp_uart_state_machine   0x001bea    program     extern D:\Documenti\Scheda_interfaccia_CANBUS\FW\user\can_to_rs232_converter.c
                  sprintf   0x007bbe    program     extern E:\c18v3.46\pic18-lt\cxx-framework\src\traditional\stdclib\sprintf.c
                   strlen   0x007b58    program     extern E:\c18v3.46\pic18-lt\cxx-framework\src\traditional\stdclib\strlen.asm
                strlenpgm   0x007b74    program     extern E:\c18v3.46\pic18-lt\cxx-framework\src\traditional\stdclib\slenpgm.asm
                     test   0x007d2e    program     static                          
trasparent_can_state_machine   0x001a60    program     extern D:\Documenti\Scheda_interfaccia_CANBUS\FW\user\can_to_rs232_converter.c
trasparent_uart_state_machine   0x001ad4    program     extern D:\Documenti\Scheda_interfaccia_CANBUS\FW\user\can_to_rs232_converter.c
      uart1_buad_rate_set   0x005088    program     extern D:\Documenti\Scheda_interfaccia_CANBUS\FW\user\uart_interface.c
        uart1_buffer_read   0x004f9e    program     extern D:\Documenti\Scheda_interfaccia_CANBUS\FW\user\uart_interface.c
     uart1_buffer_rx_load   0x004e26    program     extern D:\Documenti\Scheda_interfaccia_CANBUS\FW\user\uart_interface.c
        uart1_buffer_send   0x004cf6    program     extern D:\Documenti\Scheda_interfaccia_CANBUS\FW\user\uart_interface.c
     uart1_buffer_tx_load   0x004b02    program     extern D:\Documenti\Scheda_interfaccia_CANBUS\FW\user\uart_interface.c
 uart1_buffer_tx_seq_load   0x004bb6    program     extern D:\Documenti\Scheda_interfaccia_CANBUS\FW\user\uart_interface.c
       uart1_error_handle   0x005480    program     extern D:\Documenti\Scheda_interfaccia_CANBUS\FW\user\uart_interface.c
    uart1_error_translate   0x00549e    program     extern D:\Documenti\Scheda_interfaccia_CANBUS\FW\user\uart_interface.c
   uart1_get_rx_data_size   0x005078    program     extern D:\Documenti\Scheda_interfaccia_CANBUS\FW\user\uart_interface.c
uart1_get_tx_buffer_empty_space   0x004dc2    program     extern D:\Documenti\Scheda_interfaccia_CANBUS\FW\user\uart_interface.c
               uart1_init   0x004a72    program     extern D:\Documenti\Scheda_interfaccia_CANBUS\FW\user\uart_interface.c
                uart1_isr   0x005454    program     extern D:\Documenti\Scheda_interfaccia_CANBUS\FW\user\uart_interface.c
           uart1_tsr_poll   0x005474    program     extern D:\Documenti\Scheda_interfaccia_CANBUS\FW\user\uart_interface.c
      uart2_buad_rate_set   0x00526e    program     extern D:\Documenti\Scheda_interfaccia_CANBUS\FW\user\uart_interface.c
        uart2_buffer_read   0x00500a    program     extern D:\Documenti\Scheda_interfaccia_CANBUS\FW\user\uart_interface.c
     uart2_buffer_rx_load   0x004ee6    program     extern D:\Documenti\Scheda_interfaccia_CANBUS\FW\user\uart_interface.c
        uart2_buffer_send   0x004d6c    program     extern D:\Documenti\Scheda_interfaccia_CANBUS\FW\user\uart_interface.c
     uart2_buffer_tx_load   0x004b5a    program     extern D:\Documenti\Scheda_interfaccia_CANBUS\FW\user\uart_interface.c
 uart2_buffer_tx_seq_load   0x004c56    program     extern D:\Documenti\Scheda_interfaccia_CANBUS\FW\user\uart_interface.c
       uart2_error_handle   0x005550    program     extern D:\Documenti\Scheda_interfaccia_CANBUS\FW\user\uart_interface.c
    uart2_error_translate   0x00556e    program     extern D:\Documenti\Scheda_interfaccia_CANBUS\FW\user\uart_interface.c
   uart2_get_rx_data_size   0x005080    program     extern D:\Documenti\Scheda_interfaccia_CANBUS\FW\user\uart_interface.c
uart2_get_tx_buffer_empty_space   0x004df4    program     extern D:\Documenti\Scheda_interfaccia_CANBUS\FW\user\uart_interface.c
               uart2_init   0x004aba    program     extern D:\Documenti\Scheda_interfaccia_CANBUS\FW\user\uart_interface.c
                uart2_isr   0x005456    program     extern D:\Documenti\Scheda_interfaccia_CANBUS\FW\user\uart_interface.c
           uart2_tsr_poll   0x00547a    program     extern D:\Documenti\Scheda_interfaccia_CANBUS\FW\user\uart_interface.c
                 vfprintf   0x003e7c    program     extern E:\c18v3.46\pic18-lt\cxx-framework\src\traditional\stdclib\vfprintf.c
               zero_block   0x0081ce    program     static E:\c18v3.46\pic18-lt\cxx-framework\src\traditional\proc\p18f46k80.asm
                   ADCON0   0x000fc2       data     extern E:\c18v3.46\pic18-lt\cxx-framework\src\traditional\proc\p18f46k80.asm
               ADCON0bits   0x000fc2       data     extern E:\c18v3.46\pic18-lt\cxx-framework\src\traditional\proc\p18f46k80.asm
                   ADCON1   0x000fc1       data     extern E:\c18v3.46\pic18-lt\cxx-framework\src\traditional\proc\p18f46k80.asm
               ADCON1bits   0x000fc1       data     extern E:\c18v3.46\pic18-lt\cxx-framework\src\traditional\proc\p18f46k80.asm
                   ADCON2   0x000fc0       data     extern E:\c18v3.46\pic18-lt\cxx-framework\src\traditional\proc\p18f46k80.asm
               ADCON2bits   0x000fc0       data     extern E:\c18v3.46\pic18-lt\cxx-framework\src\traditional\proc\p18f46k80.asm
                    ADRES   0x000fc3       data     extern E:\c18v3.46\pic18-lt\cxx-framework\src\traditional\proc\p18f46k80.asm
                   ADRESH   0x000fc4       data     extern E:\c18v3.46\pic18-lt\cxx-framework\src\traditional\proc\p18f46k80.asm
                   ADRESL   0x000fc3       data     extern E:\c18v3.46\pic18-lt\cxx-framework\src\traditional\proc\p18f46k80.asm
                   ANCON0   0x000f5d       data     extern E:\c18v3.46\pic18-lt\cxx-framework\src\traditional\proc\p18f46k80.asm
               ANCON0bits   0x000f5d       data     extern E:\c18v3.46\pic18-lt\cxx-framework\src\traditional\proc\p18f46k80.asm
                   ANCON1   0x000f5c       data     extern E:\c18v3.46\pic18-lt\cxx-framework\src\traditional\proc\p18f46k80.asm
               ANCON1bits   0x000f5c       data     extern E:\c18v3.46\pic18-lt\cxx-framework\src\traditional\proc\p18f46k80.asm
                    B0CON   0x000e80       data     extern E:\c18v3.46\pic18-lt\cxx-framework\src\traditional\proc\p18f46k80.asm
                B0CONbits   0x000e80       data     extern E:\c18v3.46\pic18-lt\cxx-framework\src\traditional\proc\p18f46k80.asm
                     B0D0   0x000e86       data     extern E:\c18v3.46\pic18-lt\cxx-framework\src\traditional\proc\p18f46k80.asm
                 B0D0bits   0x000e86       data     extern E:\c18v3.46\pic18-lt\cxx-framework\src\traditional\proc\p18f46k80.asm
                     B0D1   0x000e87       data     extern E:\c18v3.46\pic18-lt\cxx-framework\src\traditional\proc\p18f46k80.asm
                 B0D1bits   0x000e87       data     extern E:\c18v3.46\pic18-lt\cxx-framework\src\traditional\proc\p18f46k80.asm
                     B0D2   0x000e88       data     extern E:\c18v3.46\pic18-lt\cxx-framework\src\traditional\proc\p18f46k80.asm
                 B0D2bits   0x000e88       data     extern E:\c18v3.46\pic18-lt\cxx-framework\src\traditional\proc\p18f46k80.asm
                     B0D3   0x000e89       data     extern E:\c18v3.46\pic18-lt\cxx-framework\src\traditional\proc\p18f46k80.asm
                 B0D3bits   0x000e89       data     extern E:\c18v3.46\pic18-lt\cxx-framework\src\traditional\proc\p18f46k80.asm
                     B0D4   0x000e8a       data     extern E:\c18v3.46\pic18-lt\cxx-framework\src\traditional\proc\p18f46k80.asm
                 B0D4bits   0x000e8a       data     extern E:\c18v3.46\pic18-lt\cxx-framework\src\traditional\proc\p18f46k80.asm
                     B0D5   0x000e8b       data     extern E:\c18v3.46\pic18-lt\cxx-framework\src\traditional\proc\p18f46k80.asm
                 B0D5bits   0x000e8b       data     extern E:\c18v3.46\pic18-lt\cxx-framework\src\traditional\proc\p18f46k80.asm
                     B0D6   0x000e8c       data     extern E:\c18v3.46\pic18-lt\cxx-framework\src\traditional\proc\p18f46k80.asm
                 B0D6bits   0x000e8c       data     extern E:\c18v3.46\pic18-lt\cxx-framework\src\traditional\proc\p18f46k80.asm
                     B0D7   0x000e8d       data     extern E:\c18v3.46\pic18-lt\cxx-framework\src\traditional\proc\p18f46k80.asm
                 B0D7bits   0x000e8d       data     extern E:\c18v3.46\pic18-lt\cxx-framework\src\traditional\proc\p18f46k80.asm
                    B0DLC   0x000e85       data     extern E:\c18v3.46\pic18-lt\cxx-framework\src\traditional\proc\p18f46k80.asm
                B0DLCbits   0x000e85       data     extern E:\c18v3.46\pic18-lt\cxx-framework\src\traditional\proc\p18f46k80.asm
                   B0EIDH   0x000e83       data     extern E:\c18v3.46\pic18-lt\cxx-framework\src\traditional\proc\p18f46k80.asm
               B0EIDHbits   0x000e83       data     extern E:\c18v3.46\pic18-lt\cxx-framework\src\traditional\proc\p18f46k80.asm
                   B0EIDL   0x000e84       data     extern E:\c18v3.46\pic18-lt\cxx-framework\src\traditional\proc\p18f46k80.asm
               B0EIDLbits   0x000e84       data     extern E:\c18v3.46\pic18-lt\cxx-framework\src\traditional\proc\p18f46k80.asm
                   B0SIDH   0x000e81       data     extern E:\c18v3.46\pic18-lt\cxx-framework\src\traditional\proc\p18f46k80.asm
               B0SIDHbits   0x000e81       data     extern E:\c18v3.46\pic18-lt\cxx-framework\src\traditional\proc\p18f46k80.asm
                   B0SIDL   0x000e82       data     extern E:\c18v3.46\pic18-lt\cxx-framework\src\traditional\proc\p18f46k80.asm
               B0SIDLbits   0x000e82       data     extern E:\c18v3.46\pic18-lt\cxx-framework\src\traditional\proc\p18f46k80.asm
                    B1CON   0x000e90       data     extern E:\c18v3.46\pic18-lt\cxx-framework\src\traditional\proc\p18f46k80.asm
                B1CONbits   0x000e90       data     extern E:\c18v3.46\pic18-lt\cxx-framework\src\traditional\proc\p18f46k80.asm
                     B1D0   0x000e96       data     extern E:\c18v3.46\pic18-lt\cxx-framework\src\traditional\proc\p18f46k80.asm
                 B1D0bits   0x000e96       data     extern E:\c18v3.46\pic18-lt\cxx-framework\src\traditional\proc\p18f46k80.asm
                     B1D1   0x000e97       data     extern E:\c18v3.46\pic18-lt\cxx-framework\src\traditional\proc\p18f46k80.asm
[...]
             BAUDCON1bits   0x000fa7       data     extern E:\c18v3.46\pic18-lt\cxx-framework\src\traditional\proc\p18f46k80.asm
                 BAUDCON1   0x000fa7       data     extern E:\c18v3.46\pic18-lt\cxx-framework\src\traditional\proc\p18f46k80.asm
              HLVDCONbits   0x000fa8       data     extern E:\c18v3.46\pic18-lt\cxx-framework\src\traditional\proc\p18f46k80.asm
                  HLVDCON   0x000fa8       data     extern E:\c18v3.46\pic18-lt\cxx-framework\src\traditional\proc\p18f46k80.asm
                      PR4   0x000fa9       data     extern E:\c18v3.46\pic18-lt\cxx-framework\src\traditional\proc\p18f46k80.asm
                   T1GCON   0x000faa       data     extern E:\c18v3.46\pic18-lt\cxx-framework\src\traditional\proc\p18f46k80.asm
               T1GCONbits   0x000faa       data     extern E:\c18v3.46\pic18-lt\cxx-framework\src\traditional\proc\p18f46k80.asm
                RCSTAbits   0x000fab       data     extern E:\c18v3.46\pic18-lt\cxx-framework\src\traditional\proc\p18f46k80.asm
               RCSTA1bits   0x000fab       data     extern E:\c18v3.46\pic18-lt\cxx-framework\src\traditional\proc\p18f46k80.asm
                   RCSTA1   0x000fab       data     extern E:\c18v3.46\pic18-lt\cxx-framework\src\traditional\proc\p18f46k80.asm
                    RCSTA   0x000fab       data     extern E:\c18v3.46\pic18-lt\cxx-framework\src\traditional\proc\p18f46k80.asm
                    TXSTA   0x000fac       data     extern E:\c18v3.46\pic18-lt\cxx-framework\src\traditional\proc\p18f46k80.asm
                   TXSTA1   0x000fac       data     extern E:\c18v3.46\pic18-lt\cxx-framework\src\traditional\proc\p18f46k80.asm
               TXSTA1bits   0x000fac       data     extern E:\c18v3.46\pic18-lt\cxx-framework\src\traditional\proc\p18f46k80.asm
                TXSTAbits   0x000fac       data     extern E:\c18v3.46\pic18-lt\cxx-framework\src\traditional\proc\p18f46k80.asm
                   TXREG1   0x000fad       data     extern E:\c18v3.46\pic18-lt\cxx-framework\src\traditional\proc\p18f46k80.asm
                    TXREG   0x000fad       data     extern E:\c18v3.46\pic18-lt\cxx-framework\src\traditional\proc\p18f46k80.asm
                   RCREG1   0x000fae       data     extern E:\c18v3.46\pic18-lt\cxx-framework\src\traditional\proc\p18f46k80.asm
                    RCREG   0x000fae       data     extern E:\c18v3.46\pic18-lt\cxx-framework\src\traditional\proc\p18f46k80.asm
                   SPBRG1   0x000faf       data     extern E:\c18v3.46\pic18-lt\cxx-framework\src\traditional\proc\p18f46k80.asm
                    SPBRG   0x000faf       data     extern E:\c18v3.46\pic18-lt\cxx-framework\src\traditional\proc\p18f46k80.asm
               T3GCONbits   0x000fb0       data     extern E:\c18v3.46\pic18-lt\cxx-framework\src\traditional\proc\p18f46k80.asm
                   T3GCON   0x000fb0       data     extern E:\c18v3.46\pic18-lt\cxx-framework\src\traditional\proc\p18f46k80.asm
                T3CONbits   0x000fb1       data     extern E:\c18v3.46\pic18-lt\cxx-framework\src\traditional\proc\p18f46k80.asm
                    T3CON   0x000fb1       data     extern E:\c18v3.46\pic18-lt\cxx-framework\src\traditional\proc\p18f46k80.asm
                    TMR3L   0x000fb2       data     extern E:\c18v3.46\pic18-lt\cxx-framework\src\traditional\proc\p18f46k80.asm
                    TMR3H   0x000fb3       data     extern E:\c18v3.46\pic18-lt\cxx-framework\src\traditional\proc\p18f46k80.asm
                   CMSTAT   0x000fb4       data     extern E:\c18v3.46\pic18-lt\cxx-framework\src\traditional\proc\p18f46k80.asm
                 CMSTATUS   0x000fb4       data     extern E:\c18v3.46\pic18-lt\cxx-framework\src\traditional\proc\p18f46k80.asm
             CMSTATUSbits   0x000fb4       data     extern E:\c18v3.46\pic18-lt\cxx-framework\src\traditional\proc\p18f46k80.asm
               CMSTATbits   0x000fb4       data     extern E:\c18v3.46\pic18-lt\cxx-framework\src\traditional\proc\p18f46k80.asm
                   CVRCON   0x000fb5       data     extern E:\c18v3.46\pic18-lt\cxx-framework\src\traditional\proc\p18f46k80.asm
               CVRCONbits   0x000fb5       data     extern E:\c18v3.46\pic18-lt\cxx-framework\src\traditional\proc\p18f46k80.asm
                     PIE4   0x000fb6       data     extern E:\c18v3.46\pic18-lt\cxx-framework\src\traditional\proc\p18f46k80.asm
                 PIE4bits   0x000fb6       data     extern E:\c18v3.46\pic18-lt\cxx-framework\src\traditional\proc\p18f46k80.asm
                     PIR4   0x000fb7       data     extern E:\c18v3.46\pic18-lt\cxx-framework\src\traditional\proc\p18f46k80.asm
                 PIR4bits   0x000fb7       data     extern E:\c18v3.46\pic18-lt\cxx-framework\src\traditional\proc\p18f46k80.asm
                     IPR4   0x000fb8       data     extern E:\c18v3.46\pic18-lt\cxx-framework\src\traditional\proc\p18f46k80.asm
                 IPR4bits   0x000fb8       data     extern E:\c18v3.46\pic18-lt\cxx-framework\src\traditional\proc\p18f46k80.asm
                 BAUDCON2   0x000fb9       data     extern E:\c18v3.46\pic18-lt\cxx-framework\src\traditional\proc\p18f46k80.asm
             BAUDCON2bits   0x000fb9       data     extern E:\c18v3.46\pic18-lt\cxx-framework\src\traditional\proc\p18f46k80.asm
                   TXSTA2   0x000fba       data     extern E:\c18v3.46\pic18-lt\cxx-framework\src\traditional\proc\p18f46k80.asm
               TXSTA2bits   0x000fba       data     extern E:\c18v3.46\pic18-lt\cxx-framework\src\traditional\proc\p18f46k80.asm
                  CCP1CON   0x000fbb       data     extern E:\c18v3.46\pic18-lt\cxx-framework\src\traditional\proc\p18f46k80.asm
              CCP1CONbits   0x000fbb       data     extern E:\c18v3.46\pic18-lt\cxx-framework\src\traditional\proc\p18f46k80.asm
             ECCP1CONbits   0x000fbb       data     extern E:\c18v3.46\pic18-lt\cxx-framework\src\traditional\proc\p18f46k80.asm
                 ECCP1CON   0x000fbb       data     extern E:\c18v3.46\pic18-lt\cxx-framework\src\traditional\proc\p18f46k80.asm
                   CCPR1L   0x000fbc       data     extern E:\c18v3.46\pic18-lt\cxx-framework\src\traditional\proc\p18f46k80.asm
                    CCPR1   0x000fbc       data     extern E:\c18v3.46\pic18-lt\cxx-framework\src\traditional\proc\p18f46k80.asm
                   CCPR1H   0x000fbd       data     extern E:\c18v3.46\pic18-lt\cxx-framework\src\traditional\proc\p18f46k80.asm
              PWM1CONbits   0x000fbe       data     extern E:\c18v3.46\pic18-lt\cxx-framework\src\traditional\proc\p18f46k80.asm
                  PWM1CON   0x000fbe       data     extern E:\c18v3.46\pic18-lt\cxx-framework\src\traditional\proc\p18f46k80.asm
                 ECCP1DEL   0x000fbe       data     extern E:\c18v3.46\pic18-lt\cxx-framework\src\traditional\proc\p18f46k80.asm
             ECCP1DELbits   0x000fbe       data     extern E:\c18v3.46\pic18-lt\cxx-framework\src\traditional\proc\p18f46k80.asm
              ECCP1ASbits   0x000fbf       data     extern E:\c18v3.46\pic18-lt\cxx-framework\src\traditional\proc\p18f46k80.asm
                  ECCP1AS   0x000fbf       data     extern E:\c18v3.46\pic18-lt\cxx-framework\src\traditional\proc\p18f46k80.asm
               ADCON2bits   0x000fc0       data     extern E:\c18v3.46\pic18-lt\cxx-framework\src\traditional\proc\p18f46k80.asm
                   ADCON2   0x000fc0       data     extern E:\c18v3.46\pic18-lt\cxx-framework\src\traditional\proc\p18f46k80.asm
               ADCON1bits   0x000fc1       data     extern E:\c18v3.46\pic18-lt\cxx-framework\src\traditional\proc\p18f46k80.asm
                   ADCON1   0x000fc1       data     extern E:\c18v3.46\pic18-lt\cxx-framework\src\traditional\proc\p18f46k80.asm
               ADCON0bits   0x000fc2       data     extern E:\c18v3.46\pic18-lt\cxx-framework\src\traditional\proc\p18f46k80.asm
                   ADCON0   0x000fc2       data     extern E:\c18v3.46\pic18-lt\cxx-framework\src\traditional\proc\p18f46k80.asm
                   ADRESL   0x000fc3       data     extern E:\c18v3.46\pic18-lt\cxx-framework\src\traditional\proc\p18f46k80.asm
                    ADRES   0x000fc3       data     extern E:\c18v3.46\pic18-lt\cxx-framework\src\traditional\proc\p18f46k80.asm
                   ADRESH   0x000fc4       data     extern E:\c18v3.46\pic18-lt\cxx-framework\src\traditional\proc\p18f46k80.asm
                  SSPCON2   0x000fc5       data     extern E:\c18v3.46\pic18-lt\cxx-framework\src\traditional\proc\p18f46k80.asm
              SSPCON2bits   0x000fc5       data     extern E:\c18v3.46\pic18-lt\cxx-framework\src\traditional\proc\p18f46k80.asm
                  SSPCON1   0x000fc6       data     extern E:\c18v3.46\pic18-lt\cxx-framework\src\traditional\proc\p18f46k80.asm
              SSPCON1bits   0x000fc6       data     extern E:\c18v3.46\pic18-lt\cxx-framework\src\traditional\proc\p18f46k80.asm
              SSPSTATbits   0x000fc7       data     extern E:\c18v3.46\pic18-lt\cxx-framework\src\traditional\proc\p18f46k80.asm
                  SSPSTAT   0x000fc7       data     extern E:\c18v3.46\pic18-lt\cxx-framework\src\traditional\proc\p18f46k80.asm
                   SSPADD   0x000fc8       data     extern E:\c18v3.46\pic18-lt\cxx-framework\src\traditional\proc\p18f46k80.asm
               SSPADDbits   0x000fc8       data     extern E:\c18v3.46\pic18-lt\cxx-framework\src\traditional\proc\p18f46k80.asm
                   SSPBUF   0x000fc9       data     extern E:\c18v3.46\pic18-lt\cxx-framework\src\traditional\proc\p18f46k80.asm
                    T2CON   0x000fca       data     extern E:\c18v3.46\pic18-lt\cxx-framework\src\traditional\proc\p18f46k80.asm
                T2CONbits   0x000fca       data     extern E:\c18v3.46\pic18-lt\cxx-framework\src\traditional\proc\p18f46k80.asm
                      PR2   0x000fcb       data     extern E:\c18v3.46\pic18-lt\cxx-framework\src\traditional\proc\p18f46k80.asm
                     TMR2   0x000fcc       data     extern E:\c18v3.46\pic18-lt\cxx-framework\src\traditional\proc\p18f46k80.asm
                    T1CON   0x000fcd       data     extern E:\c18v3.46\pic18-lt\cxx-framework\src\traditional\proc\p18f46k80.asm
                T1CONbits   0x000fcd       data     extern E:\c18v3.46\pic18-lt\cxx-framework\src\traditional\proc\p18f46k80.asm
                    TMR1L   0x000fce       data     extern E:\c18v3.46\pic18-lt\cxx-framework\src\traditional\proc\p18f46k80.asm
                    TMR1H   0x000fcf       data     extern E:\c18v3.46\pic18-lt\cxx-framework\src\traditional\proc\p18f46k80.asm
                 RCONbits   0x000fd0       data     extern E:\c18v3.46\pic18-lt\cxx-framework\src\traditional\proc\p18f46k80.asm
                     RCON   0x000fd0       data     extern E:\c18v3.46\pic18-lt\cxx-framework\src\traditional\proc\p18f46k80.asm
               WDTCONbits   0x000fd1       data     extern E:\c18v3.46\pic18-lt\cxx-framework\src\traditional\proc\p18f46k80.asm
                   WDTCON   0x000fd1       data     extern E:\c18v3.46\pic18-lt\cxx-framework\src\traditional\proc\p18f46k80.asm
              OSCCON2bits   0x000fd2       data     extern E:\c18v3.46\pic18-lt\cxx-framework\src\traditional\proc\p18f46k80.asm
                  OSCCON2   0x000fd2       data     extern E:\c18v3.46\pic18-lt\cxx-framework\src\traditional\proc\p18f46k80.asm
                   OSCCON   0x000fd3       data     extern E:\c18v3.46\pic18-lt\cxx-framework\src\traditional\proc\p18f46k80.asm
               OSCCONbits   0x000fd3       data     extern E:\c18v3.46\pic18-lt\cxx-framework\src\traditional\proc\p18f46k80.asm
                    T0CON   0x000fd5       data     extern E:\c18v3.46\pic18-lt\cxx-framework\src\traditional\proc\p18f46k80.asm
                T0CONbits   0x000fd5       data     extern E:\c18v3.46\pic18-lt\cxx-framework\src\traditional\proc\p18f46k80.asm
                    TMR0L   0x000fd6       data     extern E:\c18v3.46\pic18-lt\cxx-framework\src\traditional\proc\p18f46k80.asm
                    TMR0H   0x000fd7       data     extern E:\c18v3.46\pic18-lt\cxx-framework\src\traditional\proc\p18f46k80.asm
                   STATUS   0x000fd8       data     extern E:\c18v3.46\pic18-lt\cxx-framework\src\traditional\proc\p18f46k80.asm
               STATUSbits   0x000fd8       data     extern E:\c18v3.46\pic18-lt\cxx-framework\src\traditional\proc\p18f46k80.asm
                    FSR2L   0x000fd9       data     extern E:\c18v3.46\pic18-lt\cxx-framework\src\traditional\proc\p18f46k80.asm
                     FSR2   0x000fd9       data     extern E:\c18v3.46\pic18-lt\cxx-framework\src\traditional\proc\p18f46k80.asm
                FSR2Hbits   0x000fda       data     extern E:\c18v3.46\pic18-lt\cxx-framework\src\traditional\proc\p18f46k80.asm
                    FSR2H   0x000fda       data     extern E:\c18v3.46\pic18-lt\cxx-framework\src\traditional\proc\p18f46k80.asm
                   PLUSW2   0x000fdb       data     extern E:\c18v3.46\pic18-lt\cxx-framework\src\traditional\proc\p18f46k80.asm
                  PREINC2   0x000fdc       data     extern E:\c18v3.46\pic18-lt\cxx-framework\src\traditional\proc\p18f46k80.asm
                 POSTDEC2   0x000fdd       data     extern E:\c18v3.46\pic18-lt\cxx-framework\src\traditional\proc\p18f46k80.asm
                 POSTINC2   0x000fde       data     extern E:\c18v3.46\pic18-lt\cxx-framework\src\traditional\proc\p18f46k80.asm
                    INDF2   0x000fdf       data     extern E:\c18v3.46\pic18-lt\cxx-framework\src\traditional\proc\p18f46k80.asm
                      BSR   0x000fe0       data     extern E:\c18v3.46\pic18-lt\cxx-framework\src\traditional\proc\p18f46k80.asm
                  BSRbits   0x000fe0       data     extern E:\c18v3.46\pic18-lt\cxx-framework\src\traditional\proc\p18f46k80.asm
                    FSR1L   0x000fe1       data     extern E:\c18v3.46\pic18-lt\cxx-framework\src\traditional\proc\p18f46k80.asm
                     FSR1   0x000fe1       data     extern E:\c18v3.46\pic18-lt\cxx-framework\src\traditional\proc\p18f46k80.asm
                FSR1Hbits   0x000fe2       data     extern E:\c18v3.46\pic18-lt\cxx-framework\src\traditional\proc\p18f46k80.asm
                    FSR1H   0x000fe2       data     extern E:\c18v3.46\pic18-lt\cxx-framework\src\traditional\proc\p18f46k80.asm
                   PLUSW1   0x000fe3       data     extern E:\c18v3.46\pic18-lt\cxx-framework\src\traditional\proc\p18f46k80.asm
                  PREINC1   0x000fe4       data     extern E:\c18v3.46\pic18-lt\cxx-framework\src\traditional\proc\p18f46k80.asm
                 POSTDEC1   0x000fe5       data     extern E:\c18v3.46\pic18-lt\cxx-framework\src\traditional\proc\p18f46k80.asm
                 POSTINC1   0x000fe6       data     extern E:\c18v3.46\pic18-lt\cxx-framework\src\traditional\proc\p18f46k80.asm
                    INDF1   0x000fe7       data     extern E:\c18v3.46\pic18-lt\cxx-framework\src\traditional\proc\p18f46k80.asm
                     WREG   0x000fe8       data     extern E:\c18v3.46\pic18-lt\cxx-framework\src\traditional\proc\p18f46k80.asm
                    FSR0L   0x000fe9       data     extern E:\c18v3.46\pic18-lt\cxx-framework\src\traditional\proc\p18f46k80.asm
                     FSR0   0x000fe9       data     extern E:\c18v3.46\pic18-lt\cxx-framework\src\traditional\proc\p18f46k80.asm
                    FSR0H   0x000fea       data     extern E:\c18v3.46\pic18-lt\cxx-framework\src\traditional\proc\p18f46k80.asm
                FSR0Hbits   0x000fea       data     extern E:\c18v3.46\pic18-lt\cxx-framework\src\traditional\proc\p18f46k80.asm
                   PLUSW0   0x000feb       data     extern E:\c18v3.46\pic18-lt\cxx-framework\src\traditional\proc\p18f46k80.asm
                  PREINC0   0x000fec       data     extern E:\c18v3.46\pic18-lt\cxx-framework\src\traditional\proc\p18f46k80.asm
                 POSTDEC0   0x000fed       data     extern E:\c18v3.46\pic18-lt\cxx-framework\src\traditional\proc\p18f46k80.asm
                 POSTINC0   0x000fee       data     extern E:\c18v3.46\pic18-lt\cxx-framework\src\traditional\proc\p18f46k80.asm
                    INDF0   0x000fef       data     extern E:\c18v3.46\pic18-lt\cxx-framework\src\traditional\proc\p18f46k80.asm
                  INTCON3   0x000ff0       data     extern E:\c18v3.46\pic18-lt\cxx-framework\src\traditional\proc\p18f46k80.asm
              INTCON3bits   0x000ff0       data     extern E:\c18v3.46\pic18-lt\cxx-framework\src\traditional\proc\p18f46k80.asm
              INTCON2bits   0x000ff1       data     extern E:\c18v3.46\pic18-lt\cxx-framework\src\traditional\proc\p18f46k80.asm
                  INTCON2   0x000ff1       data     extern E:\c18v3.46\pic18-lt\cxx-framework\src\traditional\proc\p18f46k80.asm
                   INTCON   0x000ff2       data     extern E:\c18v3.46\pic18-lt\cxx-framework\src\traditional\proc\p18f46k80.asm
                  INTCON1   0x000ff2       data     extern E:\c18v3.46\pic18-lt\cxx-framework\src\traditional\proc\p18f46k80.asm
              INTCON1bits   0x000ff2       data     extern E:\c18v3.46\pic18-lt\cxx-framework\src\traditional\proc\p18f46k80.asm
               INTCONbits   0x000ff2       data     extern E:\c18v3.46\pic18-lt\cxx-framework\src\traditional\proc\p18f46k80.asm
                    PRODL   0x000ff3       data     extern E:\c18v3.46\pic18-lt\cxx-framework\src\traditional\proc\p18f46k80.asm
                     PROD   0x000ff3       data     extern E:\c18v3.46\pic18-lt\cxx-framework\src\traditional\proc\p18f46k80.asm
                    PRODH   0x000ff4       data     extern E:\c18v3.46\pic18-lt\cxx-framework\src\traditional\proc\p18f46k80.asm
                   TABLAT   0x000ff5       data     extern E:\c18v3.46\pic18-lt\cxx-framework\src\traditional\proc\p18f46k80.asm
                   TBLPTR   0x000ff6       data     extern E:\c18v3.46\pic18-lt\cxx-framework\src\traditional\proc\p18f46k80.asm
                  TBLPTRL   0x000ff6       data     extern E:\c18v3.46\pic18-lt\cxx-framework\src\traditional\proc\p18f46k80.asm
                  TBLPTRH   0x000ff7       data     extern E:\c18v3.46\pic18-lt\cxx-framework\src\traditional\proc\p18f46k80.asm
              TBLPTRUbits   0x000ff8       data     extern E:\c18v3.46\pic18-lt\cxx-framework\src\traditional\proc\p18f46k80.asm
                  TBLPTRU   0x000ff8       data     extern E:\c18v3.46\pic18-lt\cxx-framework\src\traditional\proc\p18f46k80.asm
                      PCL   0x000ff9       data     extern E:\c18v3.46\pic18-lt\cxx-framework\src\traditional\proc\p18f46k80.asm
                       PC   0x000ff9       data     extern E:\c18v3.46\pic18-lt\cxx-framework\src\traditional\proc\p18f46k80.asm
                   PCLATH   0x000ffa       data     extern E:\c18v3.46\pic18-lt\cxx-framework\src\traditional\proc\p18f46k80.asm
               PCLATUbits   0x000ffb       data     extern E:\c18v3.46\pic18-lt\cxx-framework\src\traditional\proc\p18f46k80.asm
                   PCLATU   0x000ffb       data     extern E:\c18v3.46\pic18-lt\cxx-framework\src\traditional\proc\p18f46k80.asm
                   STKPTR   0x000ffc       data     extern E:\c18v3.46\pic18-lt\cxx-framework\src\traditional\proc\p18f46k80.asm
               STKPTRbits   0x000ffc       data     extern E:\c18v3.46\pic18-lt\cxx-framework\src\traditional\proc\p18f46k80.asm
                      TOS   0x000ffd       data     extern E:\c18v3.46\pic18-lt\cxx-framework\src\traditional\proc\p18f46k80.asm
                     TOSL   0x000ffd       data     extern E:\c18v3.46\pic18-lt\cxx-framework\src\traditional\proc\p18f46k80.asm
                     TOSH   0x000ffe       data     extern E:\c18v3.46\pic18-lt\cxx-framework\src\traditional\proc\p18f46k80.asm
                 TOSUbits   0x000fff       data     extern E:\c18v3.46\pic18-lt\cxx-framework\src\traditional\proc\p18f46k80.asm
                     TOSU   0x000fff       data     extern E:\c18v3.46\pic18-lt\cxx-framework\src\traditional\proc\p18f46k80.asm


