MPLINK 4.44, Linker
Linker Map File - Created Tue Jan 21 15:49:37 2014

                                 Section Info
                  Section       Type    Address   Location Size(Bytes)
                ---------  ---------  ---------  ---------  ---------
               _entry_scn       code   0x000000    program   0x000006
       .code__user_putc.o       code   0x000006    program   0x000002
              high_vector       code   0x000008    program   0x000006
           .code___init.o       code   0x00000e    program   0x000002
        .romdata_u2open.o    romdata   0x000010    program   0x000000
        .idata_u2open.o_i    romdata   0x000010    program   0x000000
        .romdata___init.o    romdata   0x000010    program   0x000000
        .romdata_u1open.o    romdata   0x000010    program   0x000000
        .idata_u1open.o_i    romdata   0x000010    program   0x000000
       .romdata_fxm3232.o    romdata   0x000010    program   0x000000
        .idata_u1baud.o_i    romdata   0x000010    program   0x000000
        .romdata_u1baud.o    romdata   0x000010    program   0x000000
      .romdata_fxd3232u.o    romdata   0x000010    program   0x000000
        .idata_u2baud.o_i    romdata   0x000010    program   0x000000
        .romdata_u2baud.o    romdata   0x000010    program   0x000000
           .idata_pow.o_i    romdata   0x000010    program   0x000000
           .romdata_pow.o    romdata   0x000010    program   0x000000
      .romdata_UnpkMath.o    romdata   0x000010    program   0x000000
        .idata_t0open.o_i    romdata   0x000010    program   0x000000
        .romdata_t0open.o    romdata   0x000010    program   0x000000
       .romdata_t0write.o    romdata   0x000010    program   0x000000
        .idata_u1read.o_i    romdata   0x000010    program   0x000000
        .romdata_u1read.o    romdata   0x000010    program   0x000000
       .idata_t0write.o_i    romdata   0x000010    program   0x000000
        .idata_u2read.o_i    romdata   0x000010    program   0x000000
        .romdata_u2read.o    romdata   0x000010    program   0x000000
       .romdata_u2write.o    romdata   0x000010    program   0x000000
        .idata_u1defs.o_i    romdata   0x000010    program   0x000000
        .romdata_u1defs.o    romdata   0x000010    program   0x000000
       .idata_u2write.o_i    romdata   0x000010    program   0x000000
        .idata_u2defs.o_i    romdata   0x000010    program   0x000000
        .romdata_u2defs.o    romdata   0x000010    program   0x000000
       .romdata_u1write.o    romdata   0x000010    program   0x000000
       .idata_u1write.o_i    romdata   0x000010    program   0x000000
         .romdata_c018i.o    romdata   0x000010    program   0x000000
    .romdata__user_putc.o    romdata   0x000010    program   0x000000
          .romdata_putc.o    romdata   0x000010    program   0x000000
.romdata_intermediary\main.o    romdata   0x000010    program   0x000000
          .idata_putc.o_i    romdata   0x000010    program   0x000000
      .idata_vfprintf.o_i    romdata   0x000010    program   0x000000
       .romdata_sprintf.o    romdata   0x000010    program   0x000000
       .idata_sprintf.o_i    romdata   0x000010    program   0x000000
           .romdata_log.o    romdata   0x000010    program   0x000000
           .idata_log.o_i    romdata   0x000010    program   0x000000
         .romdata_ldexp.o    romdata   0x000010    program   0x000000
         .idata_ldexp.o_i    romdata   0x000010    program   0x000000
         .romdata_frexp.o    romdata   0x000010    program   0x000000
          .romdata_fabs.o    romdata   0x000010    program   0x000000
           .romdata_exp.o    romdata   0x000010    program   0x000000
.romdata_intermediary\can_interface.o    romdata   0x000010    program   0x000000
.romdata_intermediary\interrupt.o    romdata   0x000010    program   0x000000
         .romdata_fchop.o    romdata   0x000010    program   0x000000
.romdata_intermediary\uart_interface.o    romdata   0x000010    program   0x000000
         .romdata_errno.o    romdata   0x000010    program   0x000000
.idata_intermediary\uart_interface.o_i    romdata   0x000010    program   0x000004
.romdata_intermediary\can_to_rs232_converter.o    romdata   0x000010    program   0x000000
      .romdata_PackMath.o    romdata   0x000010    program   0x000000
.idata_intermediary\can_interface.o_i    romdata   0x000014    program   0x000003
.idata_intermediary\main.o_i    romdata   0x000014    program   0x000000
.idata_intermediary\interrupt.o_i    romdata   0x000014    program   0x000000
      .idata_PackMath.o_i    romdata   0x000017    program   0x000000
         .idata_errno.o_i    romdata   0x000017    program   0x000000
           .idata_exp.o_i    romdata   0x000017    program   0x000000
         .idata_frexp.o_i    romdata   0x000017    program   0x000000
      .idata_UnpkMath.o_i    romdata   0x000017    program   0x000000
        .idata___init.o_i    romdata   0x000017    program   0x000000
          .idata_fabs.o_i    romdata   0x000017    program   0x000000
    .idata__user_putc.o_i    romdata   0x000017    program   0x000000
         .idata_fchop.o_i    romdata   0x000017    program   0x000000
         .idata_c018i.o_i    romdata   0x000017    program   0x000000
.idata_intermediary\can.o_i    romdata   0x000017    program   0x000000
      .idata_fxd3232u.o_i    romdata   0x000017    program   0x000000
       .idata_fxm3232.o_i    romdata   0x000017    program   0x000000
            .code_c018i.o       code   0x000018    program   0x000000
            .code_errno.o       code   0x000018    program   0x000000
               low_vector       code   0x000018    program   0x000006
           .code_u2defs.o       code   0x000018    program   0x000000
           .code_u1defs.o       code   0x000018    program   0x000000
                   .cinit    romdata   0x00001e    program   0x000026
.code_intermediary\can_to_rs232_converter.o       code   0x000044    program   0x001ce8
 .code_intermediary\can.o       code   0x001d2c    program   0x001374
.code_intermediary\can_interface.o       code   0x0030a0    program   0x000daa
         .code_vfprintf.o       code   0x003e4a    program   0x000c22
.code_intermediary\uart_interface.o       code   0x004a6c    program   0x000bae
              .code_pow.o       code   0x00561a    program   0x000b1e
                     PROG       code   0x006138    program   0x000608
              .code_exp.o       code   0x006740    program   0x0005c6
              .code_log.o       code   0x006d06    program   0x0004fa
            .code_fchop.o       code   0x007200    program   0x000292
            .code_ldexp.o       code   0x007492    program   0x000138
            .code_frexp.o       code   0x0075ca    program   0x000124
         .code_UnpkMath.o       code   0x0076ee    program   0x00011c
         .code_PackMath.o       code   0x00780a    program   0x00011a
             .stringtable    romdata   0x007924    program   0x000110
.code_intermediary\interrupt.o       code   0x007a34    program   0x0000f0
                   STRING       code   0x007b24    program   0x0000bc
          .code_sprintf.o       code   0x007be0    program   0x0000ac
               _cinit_scn       code   0x007c8c    program   0x00009e
.code_intermediary\main.o       code   0x007d2a    program   0x000088
             .code_putc.o       code   0x007db2    program   0x000084
           .code_u2open.o       code   0x007e36    program   0x000078
           .code_u1open.o       code   0x007eae    program   0x000072
          .code_fxm3232.o       code   0x007f20    program   0x000070
             .code_fabs.o       code   0x007f90    program   0x000066
         .code_fxd3232u.o       code   0x007ff6    program   0x000048
.romdata_intermediary\can.o    romdata   0x00803e    program   0x000042
           .code_u2read.o       code   0x008080    program   0x00003e
           .code_u1read.o       code   0x0080be    program   0x00003e
          .code_t0write.o       code   0x0080fc    program   0x000038
           .code_t0open.o       code   0x008134    program   0x000038
          .code_u2write.o       code   0x00816c    program   0x00002e
          .code_u1write.o       code   0x00819a    program   0x00002e
                    CTYPE       code   0x0081c8    program   0x000024
           .code_u2baud.o       code   0x0081ec    program   0x000022
           .code_u1baud.o       code   0x00820e    program   0x000022
                    .code       code   0x008230    program   0x000020
             _startup_scn       code   0x008250    program   0x00001c
                    STDIO       code   0x00826c    program   0x00001c
      .romdata_vfprintf.o    romdata   0x008288    program   0x000011
.idata_intermediary\can_to_rs232_converter.o_i    romdata   0x008299    program   0x00001e
.config_300000_intermediary\main.o    romdata   0x300000    program   0x000001
.config_300001_intermediary\main.o    romdata   0x300001    program   0x000001
.config_300002_intermediary\main.o    romdata   0x300002    program   0x000001
.config_300003_intermediary\main.o    romdata   0x300003    program   0x000001
.config_300005_intermediary\main.o    romdata   0x300005    program   0x000001
.config_300006_intermediary\main.o    romdata   0x300006    program   0x000001
.config_300008_intermediary\main.o    romdata   0x300008    program   0x000001
.config_300009_intermediary\main.o    romdata   0x300009    program   0x000001
.config_30000a_intermediary\main.o    romdata   0x30000a    program   0x000001
.config_30000b_intermediary\main.o    romdata   0x30000b    program   0x000001
.config_30000c_intermediary\main.o    romdata   0x30000c    program   0x000001
.config_30000d_intermediary\main.o    romdata   0x30000d    program   0x000001
                 .tmpdata      udata   0x000000       data   0x000020
                MATH_DATA      udata   0x000020       data   0x000014
                  CAN_REC      udata   0x000100       data   0x000800
.udata_intermediary\can_to_rs232_converter.o      udata   0x000900       data   0x0000a5
.udata_intermediary\uart_interface.o      udata   0x0009a5       data   0x00001a
.udata_intermediary\interrupt.o      udata   0x0009bf       data   0x000001
           .idata_errno.o      idata   0x0009c0       data   0x000000
        .idata_PackMath.o      idata   0x0009c0       data   0x000000
        .udata_PackMath.o      udata   0x0009c0       data   0x000000
           .idata_fchop.o      idata   0x0009c0       data   0x000000
           .udata_fchop.o      udata   0x0009c0       data   0x000000
        .idata_UnpkMath.o      idata   0x0009c0       data   0x000000
        .udata_UnpkMath.o      udata   0x0009c0       data   0x000000
             .idata_pow.o      idata   0x0009c0       data   0x000000
             .udata_pow.o      udata   0x0009c0       data   0x000000
          .idata_u2baud.o      idata   0x0009c0       data   0x000000
          .udata_u2baud.o      udata   0x0009c0       data   0x000000
          .idata_u1baud.o      idata   0x0009c0       data   0x000000
          .udata_u1baud.o      udata   0x0009c0       data   0x000000
          .idata___init.o      idata   0x0009c0       data   0x000000
          .udata___init.o      udata   0x0009c0       data   0x000000
         .idata_t0write.o      idata   0x0009c0       data   0x000000
         .udata_t0write.o      udata   0x0009c0       data   0x000000
         .idata_u2write.o      idata   0x0009c0       data   0x000000
      .idata__user_putc.o      idata   0x0009c0       data   0x000000
      .udata__user_putc.o      udata   0x0009c0       data   0x000000
            .idata_putc.o      idata   0x0009c0       data   0x000000
            .udata_putc.o      udata   0x0009c0       data   0x000000
        .idata_vfprintf.o      idata   0x0009c0       data   0x000000
        .udata_vfprintf.o      udata   0x0009c0       data   0x000000
         .idata_sprintf.o      idata   0x0009c0       data   0x000000
         .udata_sprintf.o      udata   0x0009c0       data   0x000000
             .idata_log.o      idata   0x0009c0       data   0x000000
             .udata_log.o      udata   0x0009c0       data   0x000000
           .idata_ldexp.o      idata   0x0009c0       data   0x000000
           .udata_ldexp.o      udata   0x0009c0       data   0x000000
           .idata_frexp.o      idata   0x0009c0       data   0x000000
           .udata_frexp.o      udata   0x0009c0       data   0x000000
            .idata_fabs.o      idata   0x0009c0       data   0x000000
            .udata_fabs.o      udata   0x0009c0       data   0x000000
             .idata_exp.o      idata   0x0009c0       data   0x000000
             .udata_exp.o      udata   0x0009c0       data   0x000000
           .idata_c018i.o      idata   0x0009c0       data   0x000000
.udata_intermediary\main.o      udata   0x0009c0       data   0x000000
.idata_intermediary\main.o      idata   0x0009c0       data   0x000000
.idata_intermediary\interrupt.o      idata   0x0009c0       data   0x000000
.udata_intermediary\can.o      udata   0x0009c0       data   0x000000
.idata_intermediary\can.o      idata   0x0009c0       data   0x000000
        .udata_fxd3232u.o      udata   0x0009c0       data   0x000000
        .idata_fxd3232u.o      idata   0x0009c0       data   0x000000
         .udata_fxm3232.o      udata   0x0009c0       data   0x000000
         .idata_fxm3232.o      idata   0x0009c0       data   0x000000
          .udata_u1open.o      udata   0x0009c0       data   0x000000
          .idata_u1open.o      idata   0x0009c0       data   0x000000
          .udata_u2open.o      udata   0x0009c0       data   0x000000
         .udata_u2write.o      udata   0x0009c0       data   0x000000
         .idata_u1write.o      idata   0x0009c0       data   0x000000
         .udata_u1write.o      udata   0x0009c0       data   0x000000
          .idata_u2defs.o      idata   0x0009c0       data   0x000000
          .idata_u1defs.o      idata   0x0009c0       data   0x000000
          .idata_u2read.o      idata   0x0009c0       data   0x000000
          .udata_u2read.o      udata   0x0009c0       data   0x000000
          .idata_u2open.o      idata   0x0009c0       data   0x000000
          .udata_t0open.o      udata   0x0009c0       data   0x000000
          .idata_t0open.o      idata   0x0009c0       data   0x000000
          .udata_u1read.o      udata   0x0009c0       data   0x000000
          .idata_u1read.o      idata   0x0009c0       data   0x000000
                UART_BUFF      udata   0x000a00       data   0x0001e1
.idata_intermediary\can_to_rs232_converter.o      idata   0x000be1       data   0x00001e
          .udata_u2defs.o      udata   0x000bff       data   0x000001
                   .stack      udata   0x000d00       data   0x000100
.udata_intermediary\can_interface.o      udata   0x000e00       data   0x00002d
           .udata_c018i.o      udata   0x000e2d       data   0x00000a
.idata_intermediary\uart_interface.o      idata   0x000e37       data   0x000004
.idata_intermediary\can_interface.o      idata   0x000e3b       data   0x000003
           .udata_errno.o      udata   0x000e3e       data   0x000002
          .udata_u1defs.o      udata   0x000e40       data   0x000001
              SFR_BANKED0      udata   0x000e41       data   0x0000bf
              SFR_BANKED1      udata   0x000f00       data   0x000040
              SFR_BANKED2      udata   0x000f46       data   0x00001a
            SFR_UNBANKED0      udata   0x000f60       data   0x0000a0



                              Program Memory Usage 
                               Start         End      
                           ---------   ---------      
                            0x000000    0x000016      
                            0x000018    0x0082b6      
                            0x300000    0x300003      
                            0x300005    0x300006      
                            0x300008    0x30000d      
            33474 out of 66584 program addresses used, program memory utilization is 50%



                              Symbols - Sorted by Name
                     Name    Address   Location    Storage File                     
                ---------  ---------  ---------  --------- ---------                
                 FLO0832S   0x00613c    program     extern D:\3.43\pic18-lt\cxx-framework\src\traditional\math\cast08FP.asm
                 FLO0832U   0x006138    program     extern D:\3.43\pic18-lt\cxx-framework\src\traditional\math\cast08FP.asm
                 FLO1632S   0x0062c8    program     extern D:\3.43\pic18-lt\cxx-framework\src\traditional\math\cast16FP.asm
                 FLO1632U   0x0062c4    program     extern D:\3.43\pic18-lt\cxx-framework\src\traditional\math\cast16FP.asm
                    FPA32   0x0062f0    program     extern D:\3.43\pic18-lt\cxx-framework\src\traditional\math\addFP.asm
                    FPD32   0x00641c    program     extern D:\3.43\pic18-lt\cxx-framework\src\traditional\math\divFP.asm
                    FPM32   0x0064c2    program     extern D:\3.43\pic18-lt\cxx-framework\src\traditional\math\mulFP.asm
                    FPS32   0x0062ee    program     extern D:\3.43\pic18-lt\cxx-framework\src\traditional\math\addFP.asm
                 FXD3232U   0x007ff6    program     extern D:\3.43\pic18-lt\cxx-framework\src\traditional\math\fxd3232u.c
                 FXM1616S   0x00659c    program     extern D:\3.43\pic18-lt\cxx-framework\src\traditional\math\fxm1616s.asm
                  FXM3232   0x007f20    program     extern D:\3.43\pic18-lt\cxx-framework\src\traditional\math\fxm3232.c
                  INT3216   0x00615a    program     extern D:\3.43\pic18-lt\cxx-framework\src\traditional\math\castFP16.asm
                  INT3232   0x0065f6    program     extern D:\3.43\pic18-lt\cxx-framework\src\traditional\math\castFP32.asm
               Open1USART   0x007eae    program     extern D:\3.43\pic18-lt\cxx-framework\src\pmc_common\USART\u1open.c
               Open2USART   0x007e36    program     extern D:\3.43\pic18-lt\cxx-framework\src\pmc_common\USART\u2open.c
               OpenTimer0   0x008134    program     extern D:\3.43\pic18-lt\cxx-framework\src\pmc_common\Timers\t0open.c
                RXBn_list   0x00805e    program     extern C:\Users\Luca Lucci\Documents\scheda_interfaccia_canbus\FW\user\can.c
                RXFn_list   0x00803e    program     extern C:\Users\Luca Lucci\Documents\scheda_interfaccia_canbus\FW\user\can.c
               Read1USART   0x0080be    program     extern D:\3.43\pic18-lt\cxx-framework\src\pmc_common\USART\u1read.c
               Read2USART   0x008080    program     extern D:\3.43\pic18-lt\cxx-framework\src\pmc_common\USART\u2read.c
                  TAEQB32   0x006664    program     extern D:\3.43\pic18-lt\cxx-framework\src\traditional\math\eqFP.asm
                  TAGTB32   0x006672    program     extern D:\3.43\pic18-lt\cxx-framework\src\traditional\math\gtFP.asm
                  TALTB32   0x006684    program     extern D:\3.43\pic18-lt\cxx-framework\src\traditional\math\ltFP.asm
               TSIGN1616A   0x0065e8    program     static D:\3.43\pic18-lt\cxx-framework\src\traditional\math\fxm1616s.asm
                TXBn_list   0x00806e    program     extern C:\Users\Luca Lucci\Documents\scheda_interfaccia_canbus\FW\user\can.c
              Write1USART   0x00819a    program     extern D:\3.43\pic18-lt\cxx-framework\src\pmc_common\USART\u1write.c
              Write2USART   0x00816c    program     extern D:\3.43\pic18-lt\cxx-framework\src\pmc_common\USART\u2write.c
              WriteTimer0   0x0080fc    program     extern D:\3.43\pic18-lt\cxx-framework\src\pmc_common\Timers\t0write.c
                   _2jEnd   0x007bca    program     static D:\3.43\pic18-lt\cxx-framework\src\traditional\stdclib\slenpgm.asm
              _4jContinue   0x007b58    program     static D:\3.43\pic18-lt\cxx-framework\src\traditional\stdclib\memcpy.asm
                   _5jEnd   0x007b62    program     static D:\3.43\pic18-lt\cxx-framework\src\traditional\stdclib\memcpy.asm
                _PackMath   0x00780a    program     extern D:\3.43\pic18-lt\cxx-framework\src\traditional\stdclib\PackMath.c
                _UnpkMath   0x0076ee    program     extern D:\3.43\pic18-lt\cxx-framework\src\traditional\stdclib\UnpkMath.c
              __FpCompare   0x006696    program     extern D:\3.43\pic18-lt\cxx-framework\src\traditional\math\compFP.asm
                 __FpExit   0x0061c4    program     extern D:\3.43\pic18-lt\cxx-framework\src\traditional\math\packFP.asm
                 __FpPack   0x0061f0    program     extern D:\3.43\pic18-lt\cxx-framework\src\traditional\math\packFP.asm
            __FpReturnNaN   0x0061b8    program     extern D:\3.43\pic18-lt\cxx-framework\src\traditional\math\packFP.asm
         __FpReturnNegInf   0x0061ca    program     extern D:\3.43\pic18-lt\cxx-framework\src\traditional\math\packFP.asm
        __FpReturnNegZero   0x0061e2    program     extern D:\3.43\pic18-lt\cxx-framework\src\traditional\math\packFP.asm
         __FpReturnPosInf   0x0061d0    program     extern D:\3.43\pic18-lt\cxx-framework\src\traditional\math\packFP.asm
        __FpReturnPosZero   0x0061ea    program     extern D:\3.43\pic18-lt\cxx-framework\src\traditional\math\packFP.asm
        __FpReturnSignInf   0x0061c6    program     extern D:\3.43\pic18-lt\cxx-framework\src\traditional\math\packFP.asm
       __FpReturnSignZero   0x0061de    program     extern D:\3.43\pic18-lt\cxx-framework\src\traditional\math\packFP.asm
              __FpReturnW   0x006248    program     extern D:\3.43\pic18-lt\cxx-framework\src\traditional\math\packFP.asm
              __FpUnPackA   0x006268    program     extern D:\3.43\pic18-lt\cxx-framework\src\traditional\math\UnpackFP.asm
              __FpUnPackB   0x006298    program     extern D:\3.43\pic18-lt\cxx-framework\src\traditional\math\UnpackFP.asm
       ___case_0_lbl00180   0x000d46    program     static                          
       ___case_0_lbl00224   0x001190    program     static                          
      ___case_10_lbl00210   0x0010c8    program     static                          
      ___case_10_lbl00221   0x001190    program     static                          
      ___case_11_lbl00211   0x0010cc    program     static                          
      ___case_11_lbl00220   0x001190    program     static                          
      ___case_12_lbl00212   0x0010d0    program     static                          
      ___case_12_lbl00219   0x001190    program     static                          
      ___case_13_lbl00223   0x001190    program     static                          
      ___case_14_lbl00218   0x001190    program     static                          
      ___case_16_lbl00232   0x0011d0    program     static                          
      ___case_17_lbl00215   0x00115c    program     static                          
      ___case_17_lbl00228   0x0011de    program     static                          
      ___case_17_lbl00234   0x0012a2    program     static                          
      ___case_17_lbl00238   0x001294    program     static                          
      ___case_18_lbl00217   0x001190    program     static                          
      ___case_18_lbl00243   0x001358    program     static                          
      ___case_19_lbl00248   0x001418    program     static                          
       ___case_1_lbl00183   0x000d4a    program     static                          
       ___case_2_lbl00188   0x000de4    program     static                          
       ___case_3_lbl00193   0x000e7a    program     static                          
       ___case_4_lbl00198   0x000f10    program     static                          
       ___case_4_lbl00226   0x001190    program     static                          
       ___case_5_lbl00203   0x000fa6    program     static                          
       ___case_5_lbl00225   0x001190    program     static                          
       ___case_6_lbl00206   0x001040    program     static                          
       ___case_7_lbl00207   0x001062    program     static                          
       ___case_8_lbl00208   0x001084    program     static                          
       ___case_8_lbl00214   0x00111c    program     static                          
       ___case_8_lbl00229   0x0011de    program     static                          
       ___case_8_lbl00235   0x0012a2    program     static                          
       ___case_8_lbl00240   0x001362    program     static                          
       ___case_8_lbl00245   0x001422    program     static                          
       ___case_9_lbl00209   0x0010a6    program     static                          
       ___case_9_lbl00222   0x001190    program     static                          
      ___default_lbl00216   0x001190    program     static                          
      ___default_lbl00249   0x0014d8    program     static                          
         ___else_lbl00051   0x004ece    program     static                          
         ___else_lbl00060   0x004f82    program     static                          
         ___else_lbl00182   0x000d5c    program     static                          
         ___else_lbl00185   0x000da8    program     static                          
         ___else_lbl00187   0x000df6    program     static                          
         ___else_lbl00190   0x000e40    program     static                          
         ___else_lbl00192   0x000e8c    program     static                          
         ___else_lbl00195   0x000ed6    program     static                          
         ___else_lbl00197   0x000f22    program     static                          
         ___else_lbl00200   0x000f6c    program     static                          
         ___else_lbl00202   0x000fb8    program     static                          
         ___else_lbl00205   0x001004    program     static                          
         ___else_lbl00231   0x001252    program     static                          
         ___else_lbl00237   0x001316    program     static                          
         ___else_lbl00242   0x0013d6    program     static                          
         ___else_lbl00247   0x001496    program     static                          
           ___if_lbl00023   0x004cfe    program     static                          
           ___if_lbl00024   0x004d0e    program     static                          
           ___if_lbl00025   0x004d32    program     static                          
           ___if_lbl00026   0x004d46    program     static                          
           ___if_lbl00027   0x004d60    program     static                          
           ___if_lbl00028   0x004d60    program     static                          
           ___if_lbl00043   0x004e32    program     static                          
           ___if_lbl00044   0x004e4e    program     static                          
           ___if_lbl00045   0x004e66    program     static                          
           ___if_lbl00047   0x004e7a    program     static                          
           ___if_lbl00048   0x004eb0    program     static                          
           ___if_lbl00049   0x004ecc    program     static                          
           ___if_lbl00050   0x004ed2    program     static                          
           ___if_lbl00053   0x004f06    program     static                          
           ___if_lbl00054   0x004f1e    program     static                          
           ___if_lbl00056   0x004f32    program     static                          
           ___if_lbl00057   0x004f66    program     static                          
           ___if_lbl00058   0x004f80    program     static                          
           ___if_lbl00059   0x004f8a    program     static                          
           ___if_lbl00181   0x000d66    program     static                          
           ___if_lbl00184   0x000de2    program     static                          
           ___if_lbl00186   0x000e00    program     static                          
           ___if_lbl00189   0x000e78    program     static                          
           ___if_lbl00191   0x000e96    program     static                          
           ___if_lbl00194   0x000f0e    program     static                          
           ___if_lbl00196   0x000f2c    program     static                          
           ___if_lbl00199   0x000fa4    program     static                          
           ___if_lbl00201   0x000fc2    program     static                          
           ___if_lbl00204   0x00103e    program     static                          
           ___if_lbl00230   0x001290    program     static                          
           ___if_lbl00236   0x001354    program     static                          
           ___if_lbl00241   0x001414    program     static                          
           ___if_lbl00246   0x0014d4    program     static                          
       ___return_lbl00000   0x007f8e    program     static                          
       ___return_lbl00000   0x00803c    program     static                          
       ___return_lbl00000   0x00000c    program     static                          
       ___return_lbl00000   0x000004    program     static                          
       ___return_lbl00001   0x00001c    program     static                          
       ___return_lbl00001   0x00826a    program     static                          
       ___return_lbl00002   0x007d28    program     static                          
       ___return_lbl00022   0x004d64    program     static                          
       ___return_lbl00042   0x004ed6    program     static                          
       ___return_lbl00052   0x004f8e    program     static                          
       ___return_lbl00178   0x0014da    program     static                          
   ___switchexit_lbl00179   0x0014da    program     static                          
   ___switchexit_lbl00213   0x0011b8    program     static                          
   ___switchexit_lbl00227   0x001292    program     static                          
   ___switchexit_lbl00233   0x001356    program     static                          
   ___switchexit_lbl00239   0x001416    program     static                          
   ___switchexit_lbl00244   0x0014d6    program     static                          
               __config_0   0x300000    program     static C:\Users\Luca Lucci\Documents\scheda_interfaccia_canbus\FW\main.c
               __config_1   0x300001    program     static C:\Users\Luca Lucci\Documents\scheda_interfaccia_canbus\FW\main.c
              __config_10   0x30000c    program     static C:\Users\Luca Lucci\Documents\scheda_interfaccia_canbus\FW\main.c
              __config_11   0x30000d    program     static C:\Users\Luca Lucci\Documents\scheda_interfaccia_canbus\FW\main.c
               __config_2   0x300002    program     static C:\Users\Luca Lucci\Documents\scheda_interfaccia_canbus\FW\main.c
               __config_3   0x300003    program     static C:\Users\Luca Lucci\Documents\scheda_interfaccia_canbus\FW\main.c
               __config_4   0x300005    program     static C:\Users\Luca Lucci\Documents\scheda_interfaccia_canbus\FW\main.c
               __config_5   0x300006    program     static C:\Users\Luca Lucci\Documents\scheda_interfaccia_canbus\FW\main.c
               __config_6   0x300008    program     static C:\Users\Luca Lucci\Documents\scheda_interfaccia_canbus\FW\main.c
               __config_7   0x300009    program     static C:\Users\Luca Lucci\Documents\scheda_interfaccia_canbus\FW\main.c
               __config_8   0x30000a    program     static C:\Users\Luca Lucci\Documents\scheda_interfaccia_canbus\FW\main.c
               __config_9   0x30000b    program     static C:\Users\Luca Lucci\Documents\scheda_interfaccia_canbus\FW\main.c
                   __init   0x00000e    program     extern D:\3.43\pic18-lt\cxx-framework\src\traditional\stdclib\__init.c
                   __pa_0   0x005e42    program     static D:\3.43\pic18-lt\cxx-framework\src\traditional\stdclib\pow.c
                   __pa_0   0x0070cc    program     static D:\3.43\pic18-lt\cxx-framework\src\traditional\stdclib\log.c
                   __pa_0   0x00747a    program     static D:\3.43\pic18-lt\cxx-framework\src\traditional\stdclib\fchop.c
                   __pa_0   0x0076d2    program     static D:\3.43\pic18-lt\cxx-framework\src\traditional\stdclib\frexp.c
                   __pa_0   0x0078d2    program     static D:\3.43\pic18-lt\cxx-framework\src\traditional\stdclib\PackMath.c
                   __pa_0   0x006bd0    program     static D:\3.43\pic18-lt\cxx-framework\src\traditional\stdclib\exp.c
                   __pa_0   0x00478a    program     static D:\3.43\pic18-lt\cxx-framework\src\traditional\stdclib\vfprintf.c
                   __pa_0   0x0075c0    program     static D:\3.43\pic18-lt\cxx-framework\src\traditional\stdclib\ldexp.c
                   __pa_0   0x0077fc    program     static D:\3.43\pic18-lt\cxx-framework\src\traditional\stdclib\UnpkMath.c
                   __pa_1   0x007484    program     static D:\3.43\pic18-lt\cxx-framework\src\traditional\stdclib\fchop.c
                   __pa_1   0x004792    program     static D:\3.43\pic18-lt\cxx-framework\src\traditional\stdclib\vfprintf.c
                   __pa_1   0x0076e0    program     static D:\3.43\pic18-lt\cxx-framework\src\traditional\stdclib\frexp.c
                   __pa_1   0x0078e2    program     static D:\3.43\pic18-lt\cxx-framework\src\traditional\stdclib\PackMath.c
                   __pa_1   0x006bd8    program     static D:\3.43\pic18-lt\cxx-framework\src\traditional\stdclib\exp.c
                   __pa_1   0x005e58    program     static D:\3.43\pic18-lt\cxx-framework\src\traditional\stdclib\pow.c
                   __pa_1   0x0070d8    program     static D:\3.43\pic18-lt\cxx-framework\src\traditional\stdclib\log.c
                  __pa_10   0x005f52    program     static D:\3.43\pic18-lt\cxx-framework\src\traditional\stdclib\pow.c
                  __pa_10   0x00718e    program     static D:\3.43\pic18-lt\cxx-framework\src\traditional\stdclib\log.c
                  __pa_10   0x006cb6    program     static D:\3.43\pic18-lt\cxx-framework\src\traditional\stdclib\exp.c
                  __pa_10   0x004846    program     static D:\3.43\pic18-lt\cxx-framework\src\traditional\stdclib\vfprintf.c
                  __pa_11   0x005f78    program     static D:\3.43\pic18-lt\cxx-framework\src\traditional\stdclib\pow.c
                  __pa_11   0x007196    program     static D:\3.43\pic18-lt\cxx-framework\src\traditional\stdclib\log.c
                  __pa_11   0x004854    program     static D:\3.43\pic18-lt\cxx-framework\src\traditional\stdclib\vfprintf.c
                  __pa_11   0x006cc8    program     static D:\3.43\pic18-lt\cxx-framework\src\traditional\stdclib\exp.c
                  __pa_12   0x006cda    program     static D:\3.43\pic18-lt\cxx-framework\src\traditional\stdclib\exp.c
                  __pa_12   0x005f8a    program     static D:\3.43\pic18-lt\cxx-framework\src\traditional\stdclib\pow.c
                  __pa_12   0x00486a    program     static D:\3.43\pic18-lt\cxx-framework\src\traditional\stdclib\vfprintf.c
                  __pa_12   0x0071a8    program     static D:\3.43\pic18-lt\cxx-framework\src\traditional\stdclib\log.c
                  __pa_13   0x006ce6    program     static D:\3.43\pic18-lt\cxx-framework\src\traditional\stdclib\exp.c
                  __pa_13   0x0071c2    program     static D:\3.43\pic18-lt\cxx-framework\src\traditional\stdclib\log.c
                  __pa_13   0x004884    program     static D:\3.43\pic18-lt\cxx-framework\src\traditional\stdclib\vfprintf.c
                  __pa_13   0x005f9c    program     static D:\3.43\pic18-lt\cxx-framework\src\traditional\stdclib\pow.c
                  __pa_14   0x006cf4    program     static D:\3.43\pic18-lt\cxx-framework\src\traditional\stdclib\exp.c
                  __pa_14   0x0071d4    program     static D:\3.43\pic18-lt\cxx-framework\src\traditional\stdclib\log.c
                  __pa_14   0x00489c    program     static D:\3.43\pic18-lt\cxx-framework\src\traditional\stdclib\vfprintf.c
                  __pa_14   0x005fa6    program     static D:\3.43\pic18-lt\cxx-framework\src\traditional\stdclib\pow.c
                  __pa_15   0x005fc0    program     static D:\3.43\pic18-lt\cxx-framework\src\traditional\stdclib\pow.c
                  __pa_15   0x0048ac    program     static D:\3.43\pic18-lt\cxx-framework\src\traditional\stdclib\vfprintf.c
                  __pa_15   0x0071e6    program     static D:\3.43\pic18-lt\cxx-framework\src\traditional\stdclib\log.c
                  __pa_15   0x006cfe    program     static D:\3.43\pic18-lt\cxx-framework\src\traditional\stdclib\exp.c
                  __pa_16   0x005fd8    program     static D:\3.43\pic18-lt\cxx-framework\src\traditional\stdclib\pow.c
                  __pa_16   0x0048c2    program     static D:\3.43\pic18-lt\cxx-framework\src\traditional\stdclib\vfprintf.c
                  __pa_16   0x0071f2    program     static D:\3.43\pic18-lt\cxx-framework\src\traditional\stdclib\log.c
                  __pa_17   0x005fe6    program     static D:\3.43\pic18-lt\cxx-framework\src\traditional\stdclib\pow.c
                  __pa_17   0x0048d4    program     static D:\3.43\pic18-lt\cxx-framework\src\traditional\stdclib\vfprintf.c
                  __pa_18   0x005ff4    program     static D:\3.43\pic18-lt\cxx-framework\src\traditional\stdclib\pow.c
                  __pa_18   0x0048e6    program     static D:\3.43\pic18-lt\cxx-framework\src\traditional\stdclib\vfprintf.c
                  __pa_19   0x005ffc    program     static D:\3.43\pic18-lt\cxx-framework\src\traditional\stdclib\pow.c
                  __pa_19   0x0048f0    program     static D:\3.43\pic18-lt\cxx-framework\src\traditional\stdclib\vfprintf.c
                   __pa_2   0x0078f0    program     static D:\3.43\pic18-lt\cxx-framework\src\traditional\stdclib\PackMath.c
                   __pa_2   0x00479c    program     static D:\3.43\pic18-lt\cxx-framework\src\traditional\stdclib\vfprintf.c
                   __pa_2   0x006bf8    program     static D:\3.43\pic18-lt\cxx-framework\src\traditional\stdclib\exp.c
                   __pa_2   0x005e60    program     static D:\3.43\pic18-lt\cxx-framework\src\traditional\stdclib\pow.c
                   __pa_2   0x0070ea    program     static D:\3.43\pic18-lt\cxx-framework\src\traditional\stdclib\log.c
                  __pa_20   0x00600e    program     static D:\3.43\pic18-lt\cxx-framework\src\traditional\stdclib\pow.c
                  __pa_20   0x004900    program     static D:\3.43\pic18-lt\cxx-framework\src\traditional\stdclib\vfprintf.c
                  __pa_21   0x004910    program     static D:\3.43\pic18-lt\cxx-framework\src\traditional\stdclib\vfprintf.c
                  __pa_21   0x00601a    program     static D:\3.43\pic18-lt\cxx-framework\src\traditional\stdclib\pow.c
                  __pa_22   0x00602c    program     static D:\3.43\pic18-lt\cxx-framework\src\traditional\stdclib\pow.c
                  __pa_22   0x004920    program     static D:\3.43\pic18-lt\cxx-framework\src\traditional\stdclib\vfprintf.c
                  __pa_23   0x00603e    program     static D:\3.43\pic18-lt\cxx-framework\src\traditional\stdclib\pow.c
                  __pa_23   0x00492c    program     static D:\3.43\pic18-lt\cxx-framework\src\traditional\stdclib\vfprintf.c
                  __pa_24   0x00493a    program     static D:\3.43\pic18-lt\cxx-framework\src\traditional\stdclib\vfprintf.c
                  __pa_24   0x00604a    program     static D:\3.43\pic18-lt\cxx-framework\src\traditional\stdclib\pow.c
                  __pa_25   0x004942    program     static D:\3.43\pic18-lt\cxx-framework\src\traditional\stdclib\vfprintf.c
                  __pa_25   0x006056    program     static D:\3.43\pic18-lt\cxx-framework\src\traditional\stdclib\pow.c
                  __pa_26   0x006066    program     static D:\3.43\pic18-lt\cxx-framework\src\traditional\stdclib\pow.c
                  __pa_26   0x00494c    program     static D:\3.43\pic18-lt\cxx-framework\src\traditional\stdclib\vfprintf.c
                  __pa_27   0x004956    program     static D:\3.43\pic18-lt\cxx-framework\src\traditional\stdclib\vfprintf.c
                  __pa_27   0x006074    program     static D:\3.43\pic18-lt\cxx-framework\src\traditional\stdclib\pow.c
                  __pa_28   0x00495e    program     static D:\3.43\pic18-lt\cxx-framework\src\traditional\stdclib\vfprintf.c
                  __pa_28   0x00607e    program     static D:\3.43\pic18-lt\cxx-framework\src\traditional\stdclib\pow.c
                  __pa_29   0x00496c    program     static D:\3.43\pic18-lt\cxx-framework\src\traditional\stdclib\vfprintf.c
                  __pa_29   0x006086    program     static D:\3.43\pic18-lt\cxx-framework\src\traditional\stdclib\pow.c
                   __pa_3   0x0078fa    program     static D:\3.43\pic18-lt\cxx-framework\src\traditional\stdclib\PackMath.c
                   __pa_3   0x0047a6    program     static D:\3.43\pic18-lt\cxx-framework\src\traditional\stdclib\vfprintf.c
                   __pa_3   0x005e7a    program     static D:\3.43\pic18-lt\cxx-framework\src\traditional\stdclib\pow.c
                   __pa_3   0x006c12    program     static D:\3.43\pic18-lt\cxx-framework\src\traditional\stdclib\exp.c
                   __pa_3   0x007106    program     static D:\3.43\pic18-lt\cxx-framework\src\traditional\stdclib\log.c
                  __pa_30   0x004988    program     static D:\3.43\pic18-lt\cxx-framework\src\traditional\stdclib\vfprintf.c
                  __pa_30   0x00608e    program     static D:\3.43\pic18-lt\cxx-framework\src\traditional\stdclib\pow.c
                  __pa_31   0x0049a2    program     static D:\3.43\pic18-lt\cxx-framework\src\traditional\stdclib\vfprintf.c
                  __pa_31   0x0060a0    program     static D:\3.43\pic18-lt\cxx-framework\src\traditional\stdclib\pow.c
                  __pa_32   0x0049bc    program     static D:\3.43\pic18-lt\cxx-framework\src\traditional\stdclib\vfprintf.c
                  __pa_32   0x0060ac    program     static D:\3.43\pic18-lt\cxx-framework\src\traditional\stdclib\pow.c
                  __pa_33   0x0049d4    program     static D:\3.43\pic18-lt\cxx-framework\src\traditional\stdclib\vfprintf.c
                  __pa_33   0x0060b2    program     static D:\3.43\pic18-lt\cxx-framework\src\traditional\stdclib\pow.c
                  __pa_34   0x0060ba    program     static D:\3.43\pic18-lt\cxx-framework\src\traditional\stdclib\pow.c
                  __pa_34   0x0049de    program     static D:\3.43\pic18-lt\cxx-framework\src\traditional\stdclib\vfprintf.c
                  __pa_35   0x0049ec    program     static D:\3.43\pic18-lt\cxx-framework\src\traditional\stdclib\vfprintf.c
                  __pa_35   0x0060c6    program     static D:\3.43\pic18-lt\cxx-framework\src\traditional\stdclib\pow.c
                  __pa_36   0x0049f4    program     static D:\3.43\pic18-lt\cxx-framework\src\traditional\stdclib\vfprintf.c
                  __pa_36   0x0060d4    program     static D:\3.43\pic18-lt\cxx-framework\src\traditional\stdclib\pow.c
                  __pa_37   0x0049fe    program     static D:\3.43\pic18-lt\cxx-framework\src\traditional\stdclib\vfprintf.c
                  __pa_37   0x0060dc    program     static D:\3.43\pic18-lt\cxx-framework\src\traditional\stdclib\pow.c
                  __pa_38   0x004a0e    program     static D:\3.43\pic18-lt\cxx-framework\src\traditional\stdclib\vfprintf.c
                  __pa_38   0x0060e6    program     static D:\3.43\pic18-lt\cxx-framework\src\traditional\stdclib\pow.c
                  __pa_39   0x004a1c    program     static D:\3.43\pic18-lt\cxx-framework\src\traditional\stdclib\vfprintf.c
                  __pa_39   0x0060ee    program     static D:\3.43\pic18-lt\cxx-framework\src\traditional\stdclib\pow.c
                   __pa_4   0x005ebe    program     static D:\3.43\pic18-lt\cxx-framework\src\traditional\stdclib\pow.c
                   __pa_4   0x007908    program     static D:\3.43\pic18-lt\cxx-framework\src\traditional\stdclib\PackMath.c
                   __pa_4   0x0047be    program     static D:\3.43\pic18-lt\cxx-framework\src\traditional\stdclib\vfprintf.c
                   __pa_4   0x00710c    program     static D:\3.43\pic18-lt\cxx-framework\src\traditional\stdclib\log.c
                   __pa_4   0x006c22    program     static D:\3.43\pic18-lt\cxx-framework\src\traditional\stdclib\exp.c
                  __pa_40   0x0060f8    program     static D:\3.43\pic18-lt\cxx-framework\src\traditional\stdclib\pow.c
                  __pa_40   0x004a28    program     static D:\3.43\pic18-lt\cxx-framework\src\traditional\stdclib\vfprintf.c
                  __pa_41   0x006106    program     static D:\3.43\pic18-lt\cxx-framework\src\traditional\stdclib\pow.c
                  __pa_41   0x004a34    program     static D:\3.43\pic18-lt\cxx-framework\src\traditional\stdclib\vfprintf.c
                  __pa_42   0x004a3c    program     static D:\3.43\pic18-lt\cxx-framework\src\traditional\stdclib\vfprintf.c
                  __pa_42   0x00610e    program     static D:\3.43\pic18-lt\cxx-framework\src\traditional\stdclib\pow.c
                  __pa_43   0x00611a    program     static D:\3.43\pic18-lt\cxx-framework\src\traditional\stdclib\pow.c
                  __pa_43   0x004a46    program     static D:\3.43\pic18-lt\cxx-framework\src\traditional\stdclib\vfprintf.c
                  __pa_44   0x006128    program     static D:\3.43\pic18-lt\cxx-framework\src\traditional\stdclib\pow.c
                  __pa_44   0x004a4c    program     static D:\3.43\pic18-lt\cxx-framework\src\traditional\stdclib\vfprintf.c
                  __pa_45   0x006132    program     static D:\3.43\pic18-lt\cxx-framework\src\traditional\stdclib\pow.c
                  __pa_45   0x004a56    program     static D:\3.43\pic18-lt\cxx-framework\src\traditional\stdclib\vfprintf.c
                  __pa_46   0x004a62    program     static D:\3.43\pic18-lt\cxx-framework\src\traditional\stdclib\vfprintf.c
                   __pa_5   0x0047d2    program     static D:\3.43\pic18-lt\cxx-framework\src\traditional\stdclib\vfprintf.c
                   __pa_5   0x007910    program     static D:\3.43\pic18-lt\cxx-framework\src\traditional\stdclib\PackMath.c
                   __pa_5   0x005ee2    program     static D:\3.43\pic18-lt\cxx-framework\src\traditional\stdclib\pow.c
                   __pa_5   0x007116    program     static D:\3.43\pic18-lt\cxx-framework\src\traditional\stdclib\log.c
                   __pa_5   0x006c34    program     static D:\3.43\pic18-lt\cxx-framework\src\traditional\stdclib\exp.c
                   __pa_6   0x005ef0    program     static D:\3.43\pic18-lt\cxx-framework\src\traditional\stdclib\pow.c
                   __pa_6   0x007134    program     static D:\3.43\pic18-lt\cxx-framework\src\traditional\stdclib\log.c
                   __pa_6   0x007918    program     static D:\3.43\pic18-lt\cxx-framework\src\traditional\stdclib\PackMath.c
                   __pa_6   0x0047ee    program     static D:\3.43\pic18-lt\cxx-framework\src\traditional\stdclib\vfprintf.c
                   __pa_6   0x006c4a    program     static D:\3.43\pic18-lt\cxx-framework\src\traditional\stdclib\exp.c
                   __pa_7   0x006c68    program     static D:\3.43\pic18-lt\cxx-framework\src\traditional\stdclib\exp.c
                   __pa_7   0x0047f8    program     static D:\3.43\pic18-lt\cxx-framework\src\traditional\stdclib\vfprintf.c
                   __pa_7   0x005f04    program     static D:\3.43\pic18-lt\cxx-framework\src\traditional\stdclib\pow.c
                   __pa_7   0x00714e    program     static D:\3.43\pic18-lt\cxx-framework\src\traditional\stdclib\log.c
                   __pa_8   0x004804    program     static D:\3.43\pic18-lt\cxx-framework\src\traditional\stdclib\vfprintf.c
                   __pa_8   0x005f1e    program     static D:\3.43\pic18-lt\cxx-framework\src\traditional\stdclib\pow.c
                   __pa_8   0x006c84    program     static D:\3.43\pic18-lt\cxx-framework\src\traditional\stdclib\exp.c
                   __pa_8   0x007168    program     static D:\3.43\pic18-lt\cxx-framework\src\traditional\stdclib\log.c
                   __pa_9   0x006ca2    program     static D:\3.43\pic18-lt\cxx-framework\src\traditional\stdclib\exp.c
                   __pa_9   0x004826    program     static D:\3.43\pic18-lt\cxx-framework\src\traditional\stdclib\vfprintf.c
                   __pa_9   0x005f38    program     static D:\3.43\pic18-lt\cxx-framework\src\traditional\stdclib\pow.c
                   __pa_9   0x00717e    program     static D:\3.43\pic18-lt\cxx-framework\src\traditional\stdclib\log.c
               __string_0   0x007a1d    program     static C:\Users\Luca Lucci\Documents\scheda_interfaccia_canbus\FW\user\can_interface.c
               __string_0   0x007957    program     static C:\Users\Luca Lucci\Documents\scheda_interfaccia_canbus\FW\user\uart_interface.c
               __string_0   0x007938    program     static C:\Users\Luca Lucci\Documents\scheda_interfaccia_canbus\FW\user\can_to_rs232_converter.c
               __string_1   0x007a04    program     static C:\Users\Luca Lucci\Documents\scheda_interfaccia_canbus\FW\user\can_interface.c
               __string_1   0x007933    program     static C:\Users\Luca Lucci\Documents\scheda_interfaccia_canbus\FW\user\can_to_rs232_converter.c
               __string_1   0x007944    program     static C:\Users\Luca Lucci\Documents\scheda_interfaccia_canbus\FW\user\uart_interface.c
               __string_2   0x0079ec    program     static C:\Users\Luca Lucci\Documents\scheda_interfaccia_canbus\FW\user\can_interface.c
               __string_2   0x00792e    program     static C:\Users\Luca Lucci\Documents\scheda_interfaccia_canbus\FW\user\can_to_rs232_converter.c
               __string_3   0x0079d0    program     static C:\Users\Luca Lucci\Documents\scheda_interfaccia_canbus\FW\user\can_interface.c
               __string_3   0x007929    program     static C:\Users\Luca Lucci\Documents\scheda_interfaccia_canbus\FW\user\can_to_rs232_converter.c
               __string_4   0x007924    program     static C:\Users\Luca Lucci\Documents\scheda_interfaccia_canbus\FW\user\can_to_rs232_converter.c
               __string_4   0x0079b4    program     static C:\Users\Luca Lucci\Documents\scheda_interfaccia_canbus\FW\user\can_interface.c
               __string_5   0x00799c    program     static C:\Users\Luca Lucci\Documents\scheda_interfaccia_canbus\FW\user\can_interface.c
               __string_6   0x007984    program     static C:\Users\Luca Lucci\Documents\scheda_interfaccia_canbus\FW\user\can_interface.c
               __string_7   0x007978    program     static C:\Users\Luca Lucci\Documents\scheda_interfaccia_canbus\FW\user\can_interface.c
               __string_8   0x007966    program     static C:\Users\Luca Lucci\Documents\scheda_interfaccia_canbus\FW\user\can_interface.c
               __tmplbl_0   0x004e72    program     static                          
               __tmplbl_1   0x004e6c    program     static                          
               __tmplbl_2   0x004f2a    program     static                          
               __tmplbl_3   0x004f24    program     static                          
              __tmplbl_42   0x004920    program     static                          
              __tmplbl_43   0x004768    program     static                          
              __tmplbl_44   0x00474e    program     static                          
              __tmplbl_85   0x003ea0    program     static                          
            __zero_memory   0x008230    program     extern D:\3.43\pic18-lt\cxx-framework\src\traditional\proc\p18f46k80.asm
                _do_cinit   0x007c8c    program     extern D:\3.43\pic18-lt\cxx-framework\src\traditional\startup\c018i.c
                   _entry   0x000000    program     extern D:\3.43\pic18-lt\cxx-framework\src\traditional\startup\c018i.c
                   _false   0x008038    program     static                          
                   _fchop   0x007200    program     extern D:\3.43\pic18-lt\cxx-framework\src\traditional\stdclib\fchop.c
                 _startup   0x008250    program     extern D:\3.43\pic18-lt\cxx-framework\src\traditional\startup\c018i.c
              _usart_putc   0x00826c    program     extern D:\3.43\pic18-lt\cxx-framework\src\pmc_common\USART\_usartpc.asm
               _user_putc   0x000006    program     extern D:\3.43\pic18-lt\cxx-framework\src\traditional\stdclib\_user_putc.c
               baud1USART   0x00820e    program     extern D:\3.43\pic18-lt\cxx-framework\src\pmc_common\USART\u1baud.c
               baud2USART   0x0081ec    program     extern D:\3.43\pic18-lt\cxx-framework\src\pmc_common\USART\u2baud.c
          can_buffer_read   0x0036ae    program     extern C:\Users\Luca Lucci\Documents\scheda_interfaccia_canbus\FW\user\can_interface.c
       can_buffer_rx_load   0x0035d8    program     extern C:\Users\Luca Lucci\Documents\scheda_interfaccia_canbus\FW\user\can_interface.c
can_buffer_rx_loaded_update   0x0039c8    program     extern C:\Users\Luca Lucci\Documents\scheda_interfaccia_canbus\FW\user\can_interface.c
    can_buffer_rx_release   0x002dac    program     extern C:\Users\Luca Lucci\Documents\scheda_interfaccia_canbus\FW\user\can.c
          can_buffer_send   0x003482    program     extern C:\Users\Luca Lucci\Documents\scheda_interfaccia_canbus\FW\user\can_interface.c
  can_buffer_set_priority   0x003044    program     extern C:\Users\Luca Lucci\Documents\scheda_interfaccia_canbus\FW\user\can.c
can_buffer_tx_free_update   0x00390a    program     extern C:\Users\Luca Lucci\Documents\scheda_interfaccia_canbus\FW\user\can_interface.c
       can_buffer_tx_load   0x0032b2    program     extern C:\Users\Luca Lucci\Documents\scheda_interfaccia_canbus\FW\user\can_interface.c
         can_error_handle   0x003b60    program     extern C:\Users\Luca Lucci\Documents\scheda_interfaccia_canbus\FW\user\can_interface.c
      can_error_translate   0x003b8a    program     extern C:\Users\Luca Lucci\Documents\scheda_interfaccia_canbus\FW\user\can_interface.c
     can_get_rx_data_size   0x003892    program     extern C:\Users\Luca Lucci\Documents\scheda_interfaccia_canbus\FW\user\can_interface.c
can_get_tx_buffer_empty_space   0x0035c0    program     extern C:\Users\Luca Lucci\Documents\scheda_interfaccia_canbus\FW\user\can_interface.c
                 can_init   0x0030a0    program     extern C:\Users\Luca Lucci\Documents\scheda_interfaccia_canbus\FW\user\can_interface.c
        can_init_auto_rtr   0x00264c    program     extern C:\Users\Luca Lucci\Documents\scheda_interfaccia_canbus\FW\user\can.c
    can_init_baudrate_set   0x0024e6    program     extern C:\Users\Luca Lucci\Documents\scheda_interfaccia_canbus\FW\user\can.c
   can_init_filter_buffer   0x001fa4    program     extern C:\Users\Luca Lucci\Documents\scheda_interfaccia_canbus\FW\user\can.c
   can_init_filter_enable   0x001f16    program     extern C:\Users\Luca Lucci\Documents\scheda_interfaccia_canbus\FW\user\can.c
       can_init_filter_id   0x002440    program     extern C:\Users\Luca Lucci\Documents\scheda_interfaccia_canbus\FW\user\can.c
     can_init_filter_mask   0x0021f2    program     extern C:\Users\Luca Lucci\Documents\scheda_interfaccia_canbus\FW\user\can.c
       can_init_interrupt   0x001d2c    program     extern C:\Users\Luca Lucci\Documents\scheda_interfaccia_canbus\FW\user\can.c
         can_init_mask_id   0x001e3c    program     extern C:\Users\Luca Lucci\Documents\scheda_interfaccia_canbus\FW\user\can.c
can_init_prog_buffer_mode   0x001dda    program     extern C:\Users\Luca Lucci\Documents\scheda_interfaccia_canbus\FW\user\can.c
                  can_isr   0x00389a    program     extern C:\Users\Luca Lucci\Documents\scheda_interfaccia_canbus\FW\user\can_interface.c
          can_load_buffer   0x0028a6    program     extern C:\Users\Luca Lucci\Documents\scheda_interfaccia_canbus\FW\user\can.c
          can_mode_select   0x002740    program     extern C:\Users\Luca Lucci\Documents\scheda_interfaccia_canbus\FW\user\can.c
            can_op_select   0x002782    program     extern C:\Users\Luca Lucci\Documents\scheda_interfaccia_canbus\FW\user\can.c
                 can_read   0x002afa    program     extern C:\Users\Luca Lucci\Documents\scheda_interfaccia_canbus\FW\user\can.c
   can_search_buffer_free   0x0027c6    program     extern C:\Users\Luca Lucci\Documents\scheda_interfaccia_canbus\FW\user\can.c
 can_search_buffer_loaded   0x002838    program     extern C:\Users\Luca Lucci\Documents\scheda_interfaccia_canbus\FW\user\can.c
      can_uart_initialize   0x000044    program     extern C:\Users\Luca Lucci\Documents\scheda_interfaccia_canbus\FW\user\can_to_rs232_converter.c
            can_uart_loop   0x000a58    program     extern C:\Users\Luca Lucci\Documents\scheda_interfaccia_canbus\FW\user\can_to_rs232_converter.c
can_uart_message_read_from_can   0x000b82    program     extern C:\Users\Luca Lucci\Documents\scheda_interfaccia_canbus\FW\user\can_to_rs232_converter.c
can_uart_message_read_from_uart   0x000ae0    program     extern C:\Users\Luca Lucci\Documents\scheda_interfaccia_canbus\FW\user\can_to_rs232_converter.c
can_uart_proc_int_message   0x000cd2    program     extern C:\Users\Luca Lucci\Documents\scheda_interfaccia_canbus\FW\user\can_to_rs232_converter.c
                can_write   0x002a9e    program     extern C:\Users\Luca Lucci\Documents\scheda_interfaccia_canbus\FW\user\can.c
            canid_to_regs   0x002e3a    program     extern C:\Users\Luca Lucci\Documents\scheda_interfaccia_canbus\FW\user\can.c
     cbrn_get_can_address   0x0014ee    program     extern C:\Users\Luca Lucci\Documents\scheda_interfaccia_canbus\FW\user\can_to_rs232_converter.c
                compare_l   0x008246    program     static D:\3.43\pic18-lt\cxx-framework\src\traditional\proc\p18f46k80.asm
                copy_loop   0x007cfe    program     static                          
            copy_one_byte   0x007d04    program     static                          
                     done   0x007d28    program     static                          
             done_copying   0x007d12    program     static                          
                      exp   0x006740    program     extern D:\3.43\pic18-lt\cxx-framework\src\traditional\stdclib\exp.c
                     fabs   0x007f90    program     extern D:\3.43\pic18-lt\cxx-framework\src\traditional\stdclib\fabs.c
                    frexp   0x0075ca    program     extern D:\3.43\pic18-lt\cxx-framework\src\traditional\stdclib\frexp.c
                 high_isr   0x007a34    program     extern C:\Users\Luca Lucci\Documents\scheda_interfaccia_canbus\FW\system\interrupt\interrupt.c
        initialize_system   0x007d48    program     extern C:\Users\Luca Lucci\Documents\scheda_interfaccia_canbus\FW\main.c
 interrupt_at_high_vector   0x000008    program     extern C:\Users\Luca Lucci\Documents\scheda_interfaccia_canbus\FW\system\interrupt\interrupt.c
  interrupt_at_low_vector   0x000018    program     extern C:\Users\Luca Lucci\Documents\scheda_interfaccia_canbus\FW\system\interrupt\interrupt.c
                  isdigit   0x0081c8    program     extern D:\3.43\pic18-lt\cxx-framework\src\traditional\stdclib\isdigit.asm
                 jANotInf   0x0064e0    program     static D:\3.43\pic18-lt\cxx-framework\src\traditional\math\mulFP.asm
                 jANotInf   0x00643a    program     static D:\3.43\pic18-lt\cxx-framework\src\traditional\math\divFP.asm
                 jANotInf   0x006318    program     static D:\3.43\pic18-lt\cxx-framework\src\traditional\math\addFP.asm
                 jANotNeg   0x0063ac    program     static D:\3.43\pic18-lt\cxx-framework\src\traditional\math\addFP.asm
                jANotZero   0x00644e    program     static D:\3.43\pic18-lt\cxx-framework\src\traditional\math\divFP.asm
              jAandWsetup   0x00637c    program     static D:\3.43\pic18-lt\cxx-framework\src\traditional\math\addFP.asm
                  jAisNeg   0x006712    program     static D:\3.43\pic18-lt\cxx-framework\src\traditional\math\compFP.asm
                 jAltBexp   0x00636a    program     static D:\3.43\pic18-lt\cxx-framework\src\traditional\math\addFP.asm
                jBANotInf   0x00630e    program     static D:\3.43\pic18-lt\cxx-framework\src\traditional\math\addFP.asm
                 jBNotInf   0x006326    program     static D:\3.43\pic18-lt\cxx-framework\src\traditional\math\addFP.asm
              jBothFinite   0x0064ee    program     static D:\3.43\pic18-lt\cxx-framework\src\traditional\math\mulFP.asm
             jBothNotZero   0x0064fa    program     static D:\3.43\pic18-lt\cxx-framework\src\traditional\math\mulFP.asm
             jBothNotZero   0x0066b4    program     static D:\3.43\pic18-lt\cxx-framework\src\traditional\math\compFP.asm
            jDifOrPosSign   0x00633a    program     static D:\3.43\pic18-lt\cxx-framework\src\traditional\math\addFP.asm
                      jEQ   0x0066d0    program     static D:\3.43\pic18-lt\cxx-framework\src\traditional\math\compFP.asm
                     jEnd   0x007b94    program     static D:\3.43\pic18-lt\cxx-framework\src\traditional\stdclib\strlen.asm
                     jEnd   0x007bcc    program     static D:\3.43\pic18-lt\cxx-framework\src\traditional\stdclib\slenpgm.asm
                     jEnd   0x007b68    program     static D:\3.43\pic18-lt\cxx-framework\src\traditional\stdclib\memcpy.asm
                    jExch   0x0066dc    program     static D:\3.43\pic18-lt\cxx-framework\src\traditional\math\compFP.asm
                    jExit   0x0061b6    program     static D:\3.43\pic18-lt\cxx-framework\src\traditional\math\castFP16.asm
                    jExit   0x006662    program     static D:\3.43\pic18-lt\cxx-framework\src\traditional\math\castFP32.asm
                   jExpEQ   0x006722    program     static D:\3.43\pic18-lt\cxx-framework\src\traditional\math\compFP.asm
                   jFinal   0x006706    program     static D:\3.43\pic18-lt\cxx-framework\src\traditional\math\compFP.asm
               jFinalSign   0x006414    program     static D:\3.43\pic18-lt\cxx-framework\src\traditional\math\addFP.asm
                jHaveZero   0x0064f6    program     static D:\3.43\pic18-lt\cxx-framework\src\traditional\math\mulFP.asm
                jI2F08Beg   0x006146    program     static D:\3.43\pic18-lt\cxx-framework\src\traditional\math\cast08FP.asm
                jI2F16Beg   0x0062d8    program     static D:\3.43\pic18-lt\cxx-framework\src\traditional\math\cast16FP.asm
                    jLoop   0x007b8a    program     static D:\3.43\pic18-lt\cxx-framework\src\traditional\stdclib\strlen.asm
                    jLoop   0x007b4c    program     static D:\3.43\pic18-lt\cxx-framework\src\traditional\stdclib\memcpy.asm
                    jLoop   0x006196    program     static D:\3.43\pic18-lt\cxx-framework\src\traditional\math\castFP16.asm
                    jLoop   0x006476    program     static D:\3.43\pic18-lt\cxx-framework\src\traditional\math\divFP.asm
                    jLoop   0x007bb4    program     static D:\3.43\pic18-lt\cxx-framework\src\traditional\stdclib\slenpgm.asm
                    jLoop   0x006636    program     static D:\3.43\pic18-lt\cxx-framework\src\traditional\math\castFP32.asm
                jLoopExit   0x0061a6    program     static D:\3.43\pic18-lt\cxx-framework\src\traditional\math\castFP16.asm
                jLoopExit   0x00664a    program     static D:\3.43\pic18-lt\cxx-framework\src\traditional\math\castFP32.asm
                   jMatch   0x0081e8    program     static D:\3.43\pic18-lt\cxx-framework\src\traditional\stdclib\isdigit.asm
                     jMax   0x00616a    program     static D:\3.43\pic18-lt\cxx-framework\src\traditional\math\castFP16.asm
                     jMax   0x006606    program     static D:\3.43\pic18-lt\cxx-framework\src\traditional\math\castFP32.asm
                  jMaxNeg   0x006618    program     static D:\3.43\pic18-lt\cxx-framework\src\traditional\math\castFP32.asm
                  jMaxNeg   0x006178    program     static D:\3.43\pic18-lt\cxx-framework\src\traditional\math\castFP16.asm
                  jMaxPos   0x00660a    program     static D:\3.43\pic18-lt\cxx-framework\src\traditional\math\castFP32.asm
                  jMaxPos   0x00616e    program     static D:\3.43\pic18-lt\cxx-framework\src\traditional\math\castFP16.asm
                      jNE   0x0066d4    program     static D:\3.43\pic18-lt\cxx-framework\src\traditional\math\compFP.asm
                    jNext   0x00649c    program     static D:\3.43\pic18-lt\cxx-framework\src\traditional\math\divFP.asm
                jNoAdjust   0x00649a    program     static D:\3.43\pic18-lt\cxx-framework\src\traditional\math\divFP.asm
                  jNoExch   0x0066fc    program     static D:\3.43\pic18-lt\cxx-framework\src\traditional\math\compFP.asm
                 jNoMatch   0x0081ea    program     static D:\3.43\pic18-lt\cxx-framework\src\traditional\stdclib\isdigit.asm
             jNotBothZero   0x00633e    program     static D:\3.43\pic18-lt\cxx-framework\src\traditional\math\addFP.asm
                  jNotInf   0x006186    program     static D:\3.43\pic18-lt\cxx-framework\src\traditional\math\castFP16.asm
                  jNotInf   0x006624    program     static D:\3.43\pic18-lt\cxx-framework\src\traditional\math\castFP32.asm
                  jPkLoop   0x0061fe    program     static D:\3.43\pic18-lt\cxx-framework\src\traditional\math\packFP.asm
             jPkRoundDone   0x006248    program     static D:\3.43\pic18-lt\cxx-framework\src\traditional\math\packFP.asm
               jPkRoundIt   0x006230    program     static D:\3.43\pic18-lt\cxx-framework\src\traditional\math\packFP.asm
             jPkShiftDone   0x00621a    program     static D:\3.43\pic18-lt\cxx-framework\src\traditional\math\packFP.asm
           jReturnPosInf0   0x0061d4    program     static D:\3.43\pic18-lt\cxx-framework\src\traditional\math\packFP.asm
                  jRotate   0x00672e    program     static D:\3.43\pic18-lt\cxx-framework\src\traditional\math\compFP.asm
                   jShift   0x006718    program     static D:\3.43\pic18-lt\cxx-framework\src\traditional\math\compFP.asm
               jShiftDone   0x0063d4    program     static D:\3.43\pic18-lt\cxx-framework\src\traditional\math\addFP.asm
               jShiftLoop   0x0063c6    program     static D:\3.43\pic18-lt\cxx-framework\src\traditional\math\addFP.asm
                jSignDone   0x006404    program     static D:\3.43\pic18-lt\cxx-framework\src\traditional\math\addFP.asm
              jSignedZero   0x006444    program     static D:\3.43\pic18-lt\cxx-framework\src\traditional\math\divFP.asm
                 jSignsEQ   0x0066b8    program     static D:\3.43\pic18-lt\cxx-framework\src\traditional\math\compFP.asm
                  jUnpkA1   0x006272    program     static D:\3.43\pic18-lt\cxx-framework\src\traditional\math\UnpackFP.asm
                  jUnpkA2   0x00628a    program     static D:\3.43\pic18-lt\cxx-framework\src\traditional\math\UnpackFP.asm
                 jUnpkANZ   0x006280    program     static D:\3.43\pic18-lt\cxx-framework\src\traditional\math\UnpackFP.asm
                  jUnpkB1   0x0062a2    program     static D:\3.43\pic18-lt\cxx-framework\src\traditional\math\UnpackFP.asm
                  jUnpkB2   0x0062ba    program     static D:\3.43\pic18-lt\cxx-framework\src\traditional\math\UnpackFP.asm
                 jUnpkBNZ   0x0062b0    program     static D:\3.43\pic18-lt\cxx-framework\src\traditional\math\UnpackFP.asm
                 jUnpkNaN   0x006294    program     static D:\3.43\pic18-lt\cxx-framework\src\traditional\math\UnpackFP.asm
                 jWNotNeg   0x0063c0    program     static D:\3.43\pic18-lt\cxx-framework\src\traditional\math\addFP.asm
                   jWr123   0x006610    program     static D:\3.43\pic18-lt\cxx-framework\src\traditional\math\castFP32.asm
                  jWrZ123   0x006620    program     static D:\3.43\pic18-lt\cxx-framework\src\traditional\math\castFP32.asm
                    jZero   0x006180    program     static D:\3.43\pic18-lt\cxx-framework\src\traditional\math\castFP16.asm
                    jZero   0x00661e    program     static D:\3.43\pic18-lt\cxx-framework\src\traditional\math\castFP32.asm
               jZero1and2   0x0061d8    program     static D:\3.43\pic18-lt\cxx-framework\src\traditional\math\packFP.asm
                    ldexp   0x007492    program     extern D:\3.43\pic18-lt\cxx-framework\src\traditional\stdclib\ldexp.c
                      log   0x006d06    program     extern D:\3.43\pic18-lt\cxx-framework\src\traditional\stdclib\log.c
                     loop   0x008004    program     static                          
                     loop   0x00827c    program     static D:\3.43\pic18-lt\cxx-framework\src\pmc_common\USART\_usartpc.asm
                     loop   0x008260    program     static                          
                   loop_h   0x00823e    program     static D:\3.43\pic18-lt\cxx-framework\src\traditional\proc\p18f46k80.asm
                   loop_l   0x008248    program     static D:\3.43\pic18-lt\cxx-framework\src\traditional\proc\p18f46k80.asm
                  low_isr   0x007afe    program     extern C:\Users\Luca Lucci\Documents\scheda_interfaccia_canbus\FW\system\interrupt\interrupt.c
                     main   0x007d2a    program     extern C:\Users\Luca Lucci\Documents\scheda_interfaccia_canbus\FW\main.c
                   memcpy   0x007b24    program     extern D:\3.43\pic18-lt\cxx-framework\src\traditional\stdclib\memcpy.asm
pc_interface_can_state_machine   0x0015f8    program     extern C:\Users\Luca Lucci\Documents\scheda_interfaccia_canbus\FW\user\can_to_rs232_converter.c
pc_interface_uart_state_machine   0x00175a    program     extern C:\Users\Luca Lucci\Documents\scheda_interfaccia_canbus\FW\user\can_to_rs232_converter.c
                      pow   0x00561a    program     extern D:\3.43\pic18-lt\cxx-framework\src\traditional\stdclib\pow.c
                     putc   0x007db2    program     extern D:\3.43\pic18-lt\cxx-framework\src\traditional\stdclib\putc.c
                 s_digits   0x008288    program     static D:\3.43\pic18-lt\cxx-framework\src\traditional\stdclib\vfprintf.c
            s_put_n_chars   0x003e4a    program     static D:\3.43\pic18-lt\cxx-framework\src\traditional\stdclib\vfprintf.c
sens_exp_uart_state_machine   0x001c32    program     extern C:\Users\Luca Lucci\Documents\scheda_interfaccia_canbus\FW\user\can_to_rs232_converter.c
                  sprintf   0x007be0    program     extern D:\3.43\pic18-lt\cxx-framework\src\traditional\stdclib\sprintf.c
                   strlen   0x007b7a    program     extern D:\3.43\pic18-lt\cxx-framework\src\traditional\stdclib\strlen.asm
                strlenpgm   0x007b96    program     extern D:\3.43\pic18-lt\cxx-framework\src\traditional\stdclib\slenpgm.asm
                     test   0x007ca6    program     static                          
trasparent_can_state_machine   0x001aaa    program     extern C:\Users\Luca Lucci\Documents\scheda_interfaccia_canbus\FW\user\can_to_rs232_converter.c
trasparent_uart_state_machine   0x001b1e    program     extern C:\Users\Luca Lucci\Documents\scheda_interfaccia_canbus\FW\user\can_to_rs232_converter.c
      uart1_buad_rate_set   0x005082    program     extern C:\Users\Luca Lucci\Documents\scheda_interfaccia_canbus\FW\user\uart_interface.c
        uart1_buffer_read   0x004f98    program     extern C:\Users\Luca Lucci\Documents\scheda_interfaccia_canbus\FW\user\uart_interface.c
     uart1_buffer_rx_load   0x004e20    program     extern C:\Users\Luca Lucci\Documents\scheda_interfaccia_canbus\FW\user\uart_interface.c
        uart1_buffer_send   0x004cf0    program     extern C:\Users\Luca Lucci\Documents\scheda_interfaccia_canbus\FW\user\uart_interface.c
     uart1_buffer_tx_load   0x004afc    program     extern C:\Users\Luca Lucci\Documents\scheda_interfaccia_canbus\FW\user\uart_interface.c
 uart1_buffer_tx_seq_load   0x004bb0    program     extern C:\Users\Luca Lucci\Documents\scheda_interfaccia_canbus\FW\user\uart_interface.c
       uart1_error_handle   0x00547a    program     extern C:\Users\Luca Lucci\Documents\scheda_interfaccia_canbus\FW\user\uart_interface.c
    uart1_error_translate   0x005498    program     extern C:\Users\Luca Lucci\Documents\scheda_interfaccia_canbus\FW\user\uart_interface.c
   uart1_get_rx_data_size   0x005072    program     extern C:\Users\Luca Lucci\Documents\scheda_interfaccia_canbus\FW\user\uart_interface.c
uart1_get_tx_buffer_empty_space   0x004dbc    program     extern C:\Users\Luca Lucci\Documents\scheda_interfaccia_canbus\FW\user\uart_interface.c
               uart1_init   0x004a6c    program     extern C:\Users\Luca Lucci\Documents\scheda_interfaccia_canbus\FW\user\uart_interface.c
                uart1_isr   0x00544e    program     extern C:\Users\Luca Lucci\Documents\scheda_interfaccia_canbus\FW\user\uart_interface.c
           uart1_tsr_poll   0x00546e    program     extern C:\Users\Luca Lucci\Documents\scheda_interfaccia_canbus\FW\user\uart_interface.c
      uart2_buad_rate_set   0x005268    program     extern C:\Users\Luca Lucci\Documents\scheda_interfaccia_canbus\FW\user\uart_interface.c
        uart2_buffer_read   0x005004    program     extern C:\Users\Luca Lucci\Documents\scheda_interfaccia_canbus\FW\user\uart_interface.c
     uart2_buffer_rx_load   0x004ee0    program     extern C:\Users\Luca Lucci\Documents\scheda_interfaccia_canbus\FW\user\uart_interface.c
        uart2_buffer_send   0x004d66    program     extern C:\Users\Luca Lucci\Documents\scheda_interfaccia_canbus\FW\user\uart_interface.c
     uart2_buffer_tx_load   0x004b54    program     extern C:\Users\Luca Lucci\Documents\scheda_interfaccia_canbus\FW\user\uart_interface.c
 uart2_buffer_tx_seq_load   0x004c50    program     extern C:\Users\Luca Lucci\Documents\scheda_interfaccia_canbus\FW\user\uart_interface.c
       uart2_error_handle   0x00554a    program     extern C:\Users\Luca Lucci\Documents\scheda_interfaccia_canbus\FW\user\uart_interface.c
    uart2_error_translate   0x005568    program     extern C:\Users\Luca Lucci\Documents\scheda_interfaccia_canbus\FW\user\uart_interface.c
   uart2_get_rx_data_size   0x00507a    program     extern C:\Users\Luca Lucci\Documents\scheda_interfaccia_canbus\FW\user\uart_interface.c
uart2_get_tx_buffer_empty_space   0x004dee    program     extern C:\Users\Luca Lucci\Documents\scheda_interfaccia_canbus\FW\user\uart_interface.c
               uart2_init   0x004ab4    program     extern C:\Users\Luca Lucci\Documents\scheda_interfaccia_canbus\FW\user\uart_interface.c
                uart2_isr   0x005450    program     extern C:\Users\Luca Lucci\Documents\scheda_interfaccia_canbus\FW\user\uart_interface.c
           uart2_tsr_poll   0x005474    program     extern C:\Users\Luca Lucci\Documents\scheda_interfaccia_canbus\FW\user\uart_interface.c
                 vfprintf   0x003e76    program     extern D:\3.43\pic18-lt\cxx-framework\src\traditional\stdclib\vfprintf.c
               zero_block   0x00823e    program     static D:\3.43\pic18-lt\cxx-framework\src\traditional\proc\p18f46k80.asm
                   ADCON0   0x000fc2       data     extern D:\3.43\pic18-lt\cxx-framework\src\traditional\proc\p18f46k80.asm
               ADCON0bits   0x000fc2       data     extern D:\3.43\pic18-lt\cxx-framework\src\traditional\proc\p18f46k80.asm
                   ADCON1   0x000fc1       data     extern D:\3.43\pic18-lt\cxx-framework\src\traditional\proc\p18f46k80.asm
               ADCON1bits   0x000fc1       data     extern D:\3.43\pic18-lt\cxx-framework\src\traditional\proc\p18f46k80.asm
                   ADCON2   0x000fc0       data     extern D:\3.43\pic18-lt\cxx-framework\src\traditional\proc\p18f46k80.asm
               ADCON2bits   0x000fc0       data     extern D:\3.43\pic18-lt\cxx-framework\src\traditional\proc\p18f46k80.asm
                    ADRES   0x000fc3       data     extern D:\3.43\pic18-lt\cxx-framework\src\traditional\proc\p18f46k80.asm
                   ADRESH   0x000fc4       data     extern D:\3.43\pic18-lt\cxx-framework\src\traditional\proc\p18f46k80.asm
                   ADRESL   0x000fc3       data     extern D:\3.43\pic18-lt\cxx-framework\src\traditional\proc\p18f46k80.asm
                   ANCON0   0x000f5d       data     extern D:\3.43\pic18-lt\cxx-framework\src\traditional\proc\p18f46k80.asm
               ANCON0bits   0x000f5d       data     extern D:\3.43\pic18-lt\cxx-framework\src\traditional\proc\p18f46k80.asm
                   ANCON1   0x000f5c       data     extern D:\3.43\pic18-lt\cxx-framework\src\traditional\proc\p18f46k80.asm
               ANCON1bits   0x000f5c       data     extern D:\3.43\pic18-lt\cxx-framework\src\traditional\proc\p18f46k80.asm
                    B0CON   0x000e80       data     extern D:\3.43\pic18-lt\cxx-framework\src\traditional\proc\p18f46k80.asm
                B0CONbits   0x000e80       data     extern D:\3.43\pic18-lt\cxx-framework\src\traditional\proc\p18f46k80.asm
                     B0D0   0x000e86       data     extern D:\3.43\pic18-lt\cxx-framework\src\traditional\proc\p18f46k80.asm
                 B0D0bits   0x000e86       data     extern D:\3.43\pic18-lt\cxx-framework\src\traditional\proc\p18f46k80.asm
                     B0D1   0x000e87       data     extern D:\3.43\pic18-lt\cxx-framework\src\traditional\proc\p18f46k80.asm
                 B0D1bits   0x000e87       data     extern D:\3.43\pic18-lt\cxx-framework\src\traditional\proc\p18f46k80.asm
                     B0D2   0x000e88       data     extern D:\3.43\pic18-lt\cxx-framework\src\traditional\proc\p18f46k80.asm
                 B0D2bits   0x000e88       data     extern D:\3.43\pic18-lt\cxx-framework\src\traditional\proc\p18f46k80.asm
                     B0D3   0x000e89       data     extern D:\3.43\pic18-lt\cxx-framework\src\traditional\proc\p18f46k80.asm
                 B0D3bits   0x000e89       data     extern D:\3.43\pic18-lt\cxx-framework\src\traditional\proc\p18f46k80.asm
                     B0D4   0x000e8a       data     extern D:\3.43\pic18-lt\cxx-framework\src\traditional\proc\p18f46k80.asm
                 B0D4bits   0x000e8a       data     extern D:\3.43\pic18-lt\cxx-framework\src\traditional\proc\p18f46k80.asm
                     B0D5   0x000e8b       data     extern D:\3.43\pic18-lt\cxx-framework\src\traditional\proc\p18f46k80.asm
                 B0D5bits   0x000e8b       data     extern D:\3.43\pic18-lt\cxx-framework\src\traditional\proc\p18f46k80.asm
                     B0D6   0x000e8c       data     extern D:\3.43\pic18-lt\cxx-framework\src\traditional\proc\p18f46k80.asm
                 B0D6bits   0x000e8c       data     extern D:\3.43\pic18-lt\cxx-framework\src\traditional\proc\p18f46k80.asm
                     B0D7   0x000e8d       data     extern D:\3.43\pic18-lt\cxx-framework\src\traditional\proc\p18f46k80.asm
                 B0D7bits   0x000e8d       data     extern D:\3.43\pic18-lt\cxx-framework\src\traditional\proc\p18f46k80.asm
                    B0DLC   0x000e85       data     extern D:\3.43\pic18-lt\cxx-framework\src\traditional\proc\p18f46k80.asm
[...]
                     IPR3   0x000fa5       data     extern D:\3.43\pic18-lt\cxx-framework\src\traditional\proc\p18f46k80.asm
                 IPR3bits   0x000fa5       data     extern D:\3.43\pic18-lt\cxx-framework\src\traditional\proc\p18f46k80.asm
               RCSTA2bits   0x000fa6       data     extern D:\3.43\pic18-lt\cxx-framework\src\traditional\proc\p18f46k80.asm
                   RCSTA2   0x000fa6       data     extern D:\3.43\pic18-lt\cxx-framework\src\traditional\proc\p18f46k80.asm
             BAUDCON1bits   0x000fa7       data     extern D:\3.43\pic18-lt\cxx-framework\src\traditional\proc\p18f46k80.asm
                 BAUDCON1   0x000fa7       data     extern D:\3.43\pic18-lt\cxx-framework\src\traditional\proc\p18f46k80.asm
              HLVDCONbits   0x000fa8       data     extern D:\3.43\pic18-lt\cxx-framework\src\traditional\proc\p18f46k80.asm
                  HLVDCON   0x000fa8       data     extern D:\3.43\pic18-lt\cxx-framework\src\traditional\proc\p18f46k80.asm
                      PR4   0x000fa9       data     extern D:\3.43\pic18-lt\cxx-framework\src\traditional\proc\p18f46k80.asm
                   T1GCON   0x000faa       data     extern D:\3.43\pic18-lt\cxx-framework\src\traditional\proc\p18f46k80.asm
               T1GCONbits   0x000faa       data     extern D:\3.43\pic18-lt\cxx-framework\src\traditional\proc\p18f46k80.asm
                RCSTAbits   0x000fab       data     extern D:\3.43\pic18-lt\cxx-framework\src\traditional\proc\p18f46k80.asm
               RCSTA1bits   0x000fab       data     extern D:\3.43\pic18-lt\cxx-framework\src\traditional\proc\p18f46k80.asm
                   RCSTA1   0x000fab       data     extern D:\3.43\pic18-lt\cxx-framework\src\traditional\proc\p18f46k80.asm
                    RCSTA   0x000fab       data     extern D:\3.43\pic18-lt\cxx-framework\src\traditional\proc\p18f46k80.asm
                    TXSTA   0x000fac       data     extern D:\3.43\pic18-lt\cxx-framework\src\traditional\proc\p18f46k80.asm
                   TXSTA1   0x000fac       data     extern D:\3.43\pic18-lt\cxx-framework\src\traditional\proc\p18f46k80.asm
                TXSTAbits   0x000fac       data     extern D:\3.43\pic18-lt\cxx-framework\src\traditional\proc\p18f46k80.asm
               TXSTA1bits   0x000fac       data     extern D:\3.43\pic18-lt\cxx-framework\src\traditional\proc\p18f46k80.asm
                   TXREG1   0x000fad       data     extern D:\3.43\pic18-lt\cxx-framework\src\traditional\proc\p18f46k80.asm
                    TXREG   0x000fad       data     extern D:\3.43\pic18-lt\cxx-framework\src\traditional\proc\p18f46k80.asm
                   RCREG1   0x000fae       data     extern D:\3.43\pic18-lt\cxx-framework\src\traditional\proc\p18f46k80.asm
                    RCREG   0x000fae       data     extern D:\3.43\pic18-lt\cxx-framework\src\traditional\proc\p18f46k80.asm
                   SPBRG1   0x000faf       data     extern D:\3.43\pic18-lt\cxx-framework\src\traditional\proc\p18f46k80.asm
                    SPBRG   0x000faf       data     extern D:\3.43\pic18-lt\cxx-framework\src\traditional\proc\p18f46k80.asm
                   T3GCON   0x000fb0       data     extern D:\3.43\pic18-lt\cxx-framework\src\traditional\proc\p18f46k80.asm
               T3GCONbits   0x000fb0       data     extern D:\3.43\pic18-lt\cxx-framework\src\traditional\proc\p18f46k80.asm
                T3CONbits   0x000fb1       data     extern D:\3.43\pic18-lt\cxx-framework\src\traditional\proc\p18f46k80.asm
                    T3CON   0x000fb1       data     extern D:\3.43\pic18-lt\cxx-framework\src\traditional\proc\p18f46k80.asm
                    TMR3L   0x000fb2       data     extern D:\3.43\pic18-lt\cxx-framework\src\traditional\proc\p18f46k80.asm
                    TMR3H   0x000fb3       data     extern D:\3.43\pic18-lt\cxx-framework\src\traditional\proc\p18f46k80.asm
                   CMSTAT   0x000fb4       data     extern D:\3.43\pic18-lt\cxx-framework\src\traditional\proc\p18f46k80.asm
                 CMSTATUS   0x000fb4       data     extern D:\3.43\pic18-lt\cxx-framework\src\traditional\proc\p18f46k80.asm
             CMSTATUSbits   0x000fb4       data     extern D:\3.43\pic18-lt\cxx-framework\src\traditional\proc\p18f46k80.asm
               CMSTATbits   0x000fb4       data     extern D:\3.43\pic18-lt\cxx-framework\src\traditional\proc\p18f46k80.asm
                   CVRCON   0x000fb5       data     extern D:\3.43\pic18-lt\cxx-framework\src\traditional\proc\p18f46k80.asm
               CVRCONbits   0x000fb5       data     extern D:\3.43\pic18-lt\cxx-framework\src\traditional\proc\p18f46k80.asm
                     PIE4   0x000fb6       data     extern D:\3.43\pic18-lt\cxx-framework\src\traditional\proc\p18f46k80.asm
                 PIE4bits   0x000fb6       data     extern D:\3.43\pic18-lt\cxx-framework\src\traditional\proc\p18f46k80.asm
                     PIR4   0x000fb7       data     extern D:\3.43\pic18-lt\cxx-framework\src\traditional\proc\p18f46k80.asm
                 PIR4bits   0x000fb7       data     extern D:\3.43\pic18-lt\cxx-framework\src\traditional\proc\p18f46k80.asm
                 IPR4bits   0x000fb8       data     extern D:\3.43\pic18-lt\cxx-framework\src\traditional\proc\p18f46k80.asm
                     IPR4   0x000fb8       data     extern D:\3.43\pic18-lt\cxx-framework\src\traditional\proc\p18f46k80.asm
                 BAUDCON2   0x000fb9       data     extern D:\3.43\pic18-lt\cxx-framework\src\traditional\proc\p18f46k80.asm
             BAUDCON2bits   0x000fb9       data     extern D:\3.43\pic18-lt\cxx-framework\src\traditional\proc\p18f46k80.asm
               TXSTA2bits   0x000fba       data     extern D:\3.43\pic18-lt\cxx-framework\src\traditional\proc\p18f46k80.asm
                   TXSTA2   0x000fba       data     extern D:\3.43\pic18-lt\cxx-framework\src\traditional\proc\p18f46k80.asm
                 ECCP1CON   0x000fbb       data     extern D:\3.43\pic18-lt\cxx-framework\src\traditional\proc\p18f46k80.asm
             ECCP1CONbits   0x000fbb       data     extern D:\3.43\pic18-lt\cxx-framework\src\traditional\proc\p18f46k80.asm
                  CCP1CON   0x000fbb       data     extern D:\3.43\pic18-lt\cxx-framework\src\traditional\proc\p18f46k80.asm
              CCP1CONbits   0x000fbb       data     extern D:\3.43\pic18-lt\cxx-framework\src\traditional\proc\p18f46k80.asm
                    CCPR1   0x000fbc       data     extern D:\3.43\pic18-lt\cxx-framework\src\traditional\proc\p18f46k80.asm
                   CCPR1L   0x000fbc       data     extern D:\3.43\pic18-lt\cxx-framework\src\traditional\proc\p18f46k80.asm
                   CCPR1H   0x000fbd       data     extern D:\3.43\pic18-lt\cxx-framework\src\traditional\proc\p18f46k80.asm
                  PWM1CON   0x000fbe       data     extern D:\3.43\pic18-lt\cxx-framework\src\traditional\proc\p18f46k80.asm
              PWM1CONbits   0x000fbe       data     extern D:\3.43\pic18-lt\cxx-framework\src\traditional\proc\p18f46k80.asm
                 ECCP1DEL   0x000fbe       data     extern D:\3.43\pic18-lt\cxx-framework\src\traditional\proc\p18f46k80.asm
             ECCP1DELbits   0x000fbe       data     extern D:\3.43\pic18-lt\cxx-framework\src\traditional\proc\p18f46k80.asm
              ECCP1ASbits   0x000fbf       data     extern D:\3.43\pic18-lt\cxx-framework\src\traditional\proc\p18f46k80.asm
                  ECCP1AS   0x000fbf       data     extern D:\3.43\pic18-lt\cxx-framework\src\traditional\proc\p18f46k80.asm
               ADCON2bits   0x000fc0       data     extern D:\3.43\pic18-lt\cxx-framework\src\traditional\proc\p18f46k80.asm
                   ADCON2   0x000fc0       data     extern D:\3.43\pic18-lt\cxx-framework\src\traditional\proc\p18f46k80.asm
               ADCON1bits   0x000fc1       data     extern D:\3.43\pic18-lt\cxx-framework\src\traditional\proc\p18f46k80.asm
                   ADCON1   0x000fc1       data     extern D:\3.43\pic18-lt\cxx-framework\src\traditional\proc\p18f46k80.asm
               ADCON0bits   0x000fc2       data     extern D:\3.43\pic18-lt\cxx-framework\src\traditional\proc\p18f46k80.asm
                   ADCON0   0x000fc2       data     extern D:\3.43\pic18-lt\cxx-framework\src\traditional\proc\p18f46k80.asm
                   ADRESL   0x000fc3       data     extern D:\3.43\pic18-lt\cxx-framework\src\traditional\proc\p18f46k80.asm
                    ADRES   0x000fc3       data     extern D:\3.43\pic18-lt\cxx-framework\src\traditional\proc\p18f46k80.asm
                   ADRESH   0x000fc4       data     extern D:\3.43\pic18-lt\cxx-framework\src\traditional\proc\p18f46k80.asm
              SSPCON2bits   0x000fc5       data     extern D:\3.43\pic18-lt\cxx-framework\src\traditional\proc\p18f46k80.asm
                  SSPCON2   0x000fc5       data     extern D:\3.43\pic18-lt\cxx-framework\src\traditional\proc\p18f46k80.asm
                  SSPCON1   0x000fc6       data     extern D:\3.43\pic18-lt\cxx-framework\src\traditional\proc\p18f46k80.asm
              SSPCON1bits   0x000fc6       data     extern D:\3.43\pic18-lt\cxx-framework\src\traditional\proc\p18f46k80.asm
              SSPSTATbits   0x000fc7       data     extern D:\3.43\pic18-lt\cxx-framework\src\traditional\proc\p18f46k80.asm
                  SSPSTAT   0x000fc7       data     extern D:\3.43\pic18-lt\cxx-framework\src\traditional\proc\p18f46k80.asm
               SSPADDbits   0x000fc8       data     extern D:\3.43\pic18-lt\cxx-framework\src\traditional\proc\p18f46k80.asm
                   SSPADD   0x000fc8       data     extern D:\3.43\pic18-lt\cxx-framework\src\traditional\proc\p18f46k80.asm
                   SSPBUF   0x000fc9       data     extern D:\3.43\pic18-lt\cxx-framework\src\traditional\proc\p18f46k80.asm
                T2CONbits   0x000fca       data     extern D:\3.43\pic18-lt\cxx-framework\src\traditional\proc\p18f46k80.asm
                    T2CON   0x000fca       data     extern D:\3.43\pic18-lt\cxx-framework\src\traditional\proc\p18f46k80.asm
                      PR2   0x000fcb       data     extern D:\3.43\pic18-lt\cxx-framework\src\traditional\proc\p18f46k80.asm
                     TMR2   0x000fcc       data     extern D:\3.43\pic18-lt\cxx-framework\src\traditional\proc\p18f46k80.asm
                    T1CON   0x000fcd       data     extern D:\3.43\pic18-lt\cxx-framework\src\traditional\proc\p18f46k80.asm
                T1CONbits   0x000fcd       data     extern D:\3.43\pic18-lt\cxx-framework\src\traditional\proc\p18f46k80.asm
                    TMR1L   0x000fce       data     extern D:\3.43\pic18-lt\cxx-framework\src\traditional\proc\p18f46k80.asm
                    TMR1H   0x000fcf       data     extern D:\3.43\pic18-lt\cxx-framework\src\traditional\proc\p18f46k80.asm
                 RCONbits   0x000fd0       data     extern D:\3.43\pic18-lt\cxx-framework\src\traditional\proc\p18f46k80.asm
                     RCON   0x000fd0       data     extern D:\3.43\pic18-lt\cxx-framework\src\traditional\proc\p18f46k80.asm
                   WDTCON   0x000fd1       data     extern D:\3.43\pic18-lt\cxx-framework\src\traditional\proc\p18f46k80.asm
               WDTCONbits   0x000fd1       data     extern D:\3.43\pic18-lt\cxx-framework\src\traditional\proc\p18f46k80.asm
                  OSCCON2   0x000fd2       data     extern D:\3.43\pic18-lt\cxx-framework\src\traditional\proc\p18f46k80.asm
              OSCCON2bits   0x000fd2       data     extern D:\3.43\pic18-lt\cxx-framework\src\traditional\proc\p18f46k80.asm
                   OSCCON   0x000fd3       data     extern D:\3.43\pic18-lt\cxx-framework\src\traditional\proc\p18f46k80.asm
               OSCCONbits   0x000fd3       data     extern D:\3.43\pic18-lt\cxx-framework\src\traditional\proc\p18f46k80.asm
                    T0CON   0x000fd5       data     extern D:\3.43\pic18-lt\cxx-framework\src\traditional\proc\p18f46k80.asm
                T0CONbits   0x000fd5       data     extern D:\3.43\pic18-lt\cxx-framework\src\traditional\proc\p18f46k80.asm
                    TMR0L   0x000fd6       data     extern D:\3.43\pic18-lt\cxx-framework\src\traditional\proc\p18f46k80.asm
                    TMR0H   0x000fd7       data     extern D:\3.43\pic18-lt\cxx-framework\src\traditional\proc\p18f46k80.asm
                   STATUS   0x000fd8       data     extern D:\3.43\pic18-lt\cxx-framework\src\traditional\proc\p18f46k80.asm
               STATUSbits   0x000fd8       data     extern D:\3.43\pic18-lt\cxx-framework\src\traditional\proc\p18f46k80.asm
                    FSR2L   0x000fd9       data     extern D:\3.43\pic18-lt\cxx-framework\src\traditional\proc\p18f46k80.asm
                     FSR2   0x000fd9       data     extern D:\3.43\pic18-lt\cxx-framework\src\traditional\proc\p18f46k80.asm
                FSR2Hbits   0x000fda       data     extern D:\3.43\pic18-lt\cxx-framework\src\traditional\proc\p18f46k80.asm
                    FSR2H   0x000fda       data     extern D:\3.43\pic18-lt\cxx-framework\src\traditional\proc\p18f46k80.asm
                   PLUSW2   0x000fdb       data     extern D:\3.43\pic18-lt\cxx-framework\src\traditional\proc\p18f46k80.asm
                  PREINC2   0x000fdc       data     extern D:\3.43\pic18-lt\cxx-framework\src\traditional\proc\p18f46k80.asm
                 POSTDEC2   0x000fdd       data     extern D:\3.43\pic18-lt\cxx-framework\src\traditional\proc\p18f46k80.asm
                 POSTINC2   0x000fde       data     extern D:\3.43\pic18-lt\cxx-framework\src\traditional\proc\p18f46k80.asm
                    INDF2   0x000fdf       data     extern D:\3.43\pic18-lt\cxx-framework\src\traditional\proc\p18f46k80.asm
                      BSR   0x000fe0       data     extern D:\3.43\pic18-lt\cxx-framework\src\traditional\proc\p18f46k80.asm
                  BSRbits   0x000fe0       data     extern D:\3.43\pic18-lt\cxx-framework\src\traditional\proc\p18f46k80.asm
                    FSR1L   0x000fe1       data     extern D:\3.43\pic18-lt\cxx-framework\src\traditional\proc\p18f46k80.asm
                     FSR1   0x000fe1       data     extern D:\3.43\pic18-lt\cxx-framework\src\traditional\proc\p18f46k80.asm
                FSR1Hbits   0x000fe2       data     extern D:\3.43\pic18-lt\cxx-framework\src\traditional\proc\p18f46k80.asm
                    FSR1H   0x000fe2       data     extern D:\3.43\pic18-lt\cxx-framework\src\traditional\proc\p18f46k80.asm
                   PLUSW1   0x000fe3       data     extern D:\3.43\pic18-lt\cxx-framework\src\traditional\proc\p18f46k80.asm
                  PREINC1   0x000fe4       data     extern D:\3.43\pic18-lt\cxx-framework\src\traditional\proc\p18f46k80.asm
                 POSTDEC1   0x000fe5       data     extern D:\3.43\pic18-lt\cxx-framework\src\traditional\proc\p18f46k80.asm
                 POSTINC1   0x000fe6       data     extern D:\3.43\pic18-lt\cxx-framework\src\traditional\proc\p18f46k80.asm
                    INDF1   0x000fe7       data     extern D:\3.43\pic18-lt\cxx-framework\src\traditional\proc\p18f46k80.asm
                     WREG   0x000fe8       data     extern D:\3.43\pic18-lt\cxx-framework\src\traditional\proc\p18f46k80.asm
                    FSR0L   0x000fe9       data     extern D:\3.43\pic18-lt\cxx-framework\src\traditional\proc\p18f46k80.asm
                     FSR0   0x000fe9       data     extern D:\3.43\pic18-lt\cxx-framework\src\traditional\proc\p18f46k80.asm
                    FSR0H   0x000fea       data     extern D:\3.43\pic18-lt\cxx-framework\src\traditional\proc\p18f46k80.asm
                FSR0Hbits   0x000fea       data     extern D:\3.43\pic18-lt\cxx-framework\src\traditional\proc\p18f46k80.asm
                   PLUSW0   0x000feb       data     extern D:\3.43\pic18-lt\cxx-framework\src\traditional\proc\p18f46k80.asm
                  PREINC0   0x000fec       data     extern D:\3.43\pic18-lt\cxx-framework\src\traditional\proc\p18f46k80.asm
                 POSTDEC0   0x000fed       data     extern D:\3.43\pic18-lt\cxx-framework\src\traditional\proc\p18f46k80.asm
                 POSTINC0   0x000fee       data     extern D:\3.43\pic18-lt\cxx-framework\src\traditional\proc\p18f46k80.asm
                    INDF0   0x000fef       data     extern D:\3.43\pic18-lt\cxx-framework\src\traditional\proc\p18f46k80.asm
                  INTCON3   0x000ff0       data     extern D:\3.43\pic18-lt\cxx-framework\src\traditional\proc\p18f46k80.asm
              INTCON3bits   0x000ff0       data     extern D:\3.43\pic18-lt\cxx-framework\src\traditional\proc\p18f46k80.asm
              INTCON2bits   0x000ff1       data     extern D:\3.43\pic18-lt\cxx-framework\src\traditional\proc\p18f46k80.asm
                  INTCON2   0x000ff1       data     extern D:\3.43\pic18-lt\cxx-framework\src\traditional\proc\p18f46k80.asm
                   INTCON   0x000ff2       data     extern D:\3.43\pic18-lt\cxx-framework\src\traditional\proc\p18f46k80.asm
               INTCONbits   0x000ff2       data     extern D:\3.43\pic18-lt\cxx-framework\src\traditional\proc\p18f46k80.asm
              INTCON1bits   0x000ff2       data     extern D:\3.43\pic18-lt\cxx-framework\src\traditional\proc\p18f46k80.asm
                  INTCON1   0x000ff2       data     extern D:\3.43\pic18-lt\cxx-framework\src\traditional\proc\p18f46k80.asm
                     PROD   0x000ff3       data     extern D:\3.43\pic18-lt\cxx-framework\src\traditional\proc\p18f46k80.asm
                    PRODL   0x000ff3       data     extern D:\3.43\pic18-lt\cxx-framework\src\traditional\proc\p18f46k80.asm
                    PRODH   0x000ff4       data     extern D:\3.43\pic18-lt\cxx-framework\src\traditional\proc\p18f46k80.asm
                   TABLAT   0x000ff5       data     extern D:\3.43\pic18-lt\cxx-framework\src\traditional\proc\p18f46k80.asm
                   TBLPTR   0x000ff6       data     extern D:\3.43\pic18-lt\cxx-framework\src\traditional\proc\p18f46k80.asm
                  TBLPTRL   0x000ff6       data     extern D:\3.43\pic18-lt\cxx-framework\src\traditional\proc\p18f46k80.asm
                  TBLPTRH   0x000ff7       data     extern D:\3.43\pic18-lt\cxx-framework\src\traditional\proc\p18f46k80.asm
              TBLPTRUbits   0x000ff8       data     extern D:\3.43\pic18-lt\cxx-framework\src\traditional\proc\p18f46k80.asm
                  TBLPTRU   0x000ff8       data     extern D:\3.43\pic18-lt\cxx-framework\src\traditional\proc\p18f46k80.asm
                       PC   0x000ff9       data     extern D:\3.43\pic18-lt\cxx-framework\src\traditional\proc\p18f46k80.asm
                      PCL   0x000ff9       data     extern D:\3.43\pic18-lt\cxx-framework\src\traditional\proc\p18f46k80.asm
                   PCLATH   0x000ffa       data     extern D:\3.43\pic18-lt\cxx-framework\src\traditional\proc\p18f46k80.asm
               PCLATUbits   0x000ffb       data     extern D:\3.43\pic18-lt\cxx-framework\src\traditional\proc\p18f46k80.asm
                   PCLATU   0x000ffb       data     extern D:\3.43\pic18-lt\cxx-framework\src\traditional\proc\p18f46k80.asm
                   STKPTR   0x000ffc       data     extern D:\3.43\pic18-lt\cxx-framework\src\traditional\proc\p18f46k80.asm
               STKPTRbits   0x000ffc       data     extern D:\3.43\pic18-lt\cxx-framework\src\traditional\proc\p18f46k80.asm
                      TOS   0x000ffd       data     extern D:\3.43\pic18-lt\cxx-framework\src\traditional\proc\p18f46k80.asm
                     TOSL   0x000ffd       data     extern D:\3.43\pic18-lt\cxx-framework\src\traditional\proc\p18f46k80.asm
                     TOSH   0x000ffe       data     extern D:\3.43\pic18-lt\cxx-framework\src\traditional\proc\p18f46k80.asm
                     TOSU   0x000fff       data     extern D:\3.43\pic18-lt\cxx-framework\src\traditional\proc\p18f46k80.asm
                 TOSUbits   0x000fff       data     extern D:\3.43\pic18-lt\cxx-framework\src\traditional\proc\p18f46k80.asm


