MPLINK 4.44, Linker
Linker Map File - Created Tue Feb 19 14:40:11 2013

                                 Section Info
                  Section       Type    Address   Location Size(Bytes)
                ---------  ---------  ---------  ---------  ---------
               _entry_scn       code   0x000000    program   0x000006
       .code__user_putc.o       code   0x000006    program   0x000002
              high_vector       code   0x000008    program   0x000006
           .code___init.o       code   0x00000e    program   0x000002
.romdata_ricetrasmettitore.o    romdata   0x000010    program   0x000000
 .romdata_can_interface.o    romdata   0x000010    program   0x000000
 .idata_spi_interface.o_i    romdata   0x000010    program   0x000004
 .romdata_spi_interface.o    romdata   0x000010    program   0x000000
     .romdata_interrupt.o    romdata   0x000010    program   0x000000
        .romdata___init.o    romdata   0x000010    program   0x000000
       .idata_sprintf.o_i    romdata   0x000010    program   0x000000
       .romdata_sprintf.o    romdata   0x000010    program   0x000000
      .idata_vfprintf.o_i    romdata   0x000010    program   0x000000
      .romdata_fxd3232u.o    romdata   0x000010    program   0x000000
       .romdata_fxm3232.o    romdata   0x000010    program   0x000000
          .romdata_putc.o    romdata   0x000010    program   0x000000
    .romdata__user_putc.o    romdata   0x000010    program   0x000000
          .romdata_main.o    romdata   0x000010    program   0x000000
         .romdata_c018i.o    romdata   0x000010    program   0x000000
       .idata_fxm3232.o_i    romdata   0x000014    program   0x000000
      .idata_fxd3232u.o_i    romdata   0x000014    program   0x000000
          .idata_putc.o_i    romdata   0x000014    program   0x000000
     .idata_interrupt.o_i    romdata   0x000014    program   0x000000
          .idata_main.o_i    romdata   0x000014    program   0x000000
 .idata_can_interface.o_i    romdata   0x000014    program   0x000003
         .idata_c018i.o_i    romdata   0x000017    program   0x000000
           .idata_can.o_i    romdata   0x000017    program   0x000000
        .idata___init.o_i    romdata   0x000017    program   0x000000
    .idata__user_putc.o_i    romdata   0x000017    program   0x000000
            .code_c018i.o       code   0x000018    program   0x000000
               low_vector       code   0x000018    program   0x000006
                   .cinit    romdata   0x00001e    program   0x000026
              .code_can.o       code   0x000044    program   0x00121c
    .code_can_interface.o       code   0x001260    program   0x000ccc
         .code_vfprintf.o       code   0x001f2c    program   0x000c22
.code_ricetrasmettitore.o       code   0x002b4e    program   0x000558
    .code_spi_interface.o       code   0x0030a6    program   0x000256
        .code_interrupt.o       code   0x0032fc    program   0x0000de
             .stringtable    romdata   0x0033da    program   0x0000ce
                   STRING       code   0x0034a8    program   0x0000bc
          .code_sprintf.o       code   0x003564    program   0x0000ac
               _cinit_scn       code   0x003610    program   0x00009e
             .code_putc.o       code   0x0036ae    program   0x000084
             .code_main.o       code   0x003732    program   0x000080
          .code_fxm3232.o       code   0x0037b2    program   0x000070
                     PROG       code   0x003822    program   0x00005a
         .code_fxd3232u.o       code   0x00387c    program   0x000048
           .romdata_can.o    romdata   0x0038c4    program   0x000042
                    CTYPE       code   0x003906    program   0x000024
                    .code       code   0x00392a    program   0x000020
             _startup_scn       code   0x00394a    program   0x00001c
                    STDIO       code   0x003966    program   0x00001c
             D100TCYXCODE       code   0x003982    program   0x00001c
      .romdata_vfprintf.o    romdata   0x00399e    program   0x000011
.idata_ricetrasmettitore.o_i    romdata   0x0039af    program   0x000016
    .config_300000_main.o    romdata   0x300000    program   0x000001
    .config_300001_main.o    romdata   0x300001    program   0x000001
    .config_300002_main.o    romdata   0x300002    program   0x000001
    .config_300003_main.o    romdata   0x300003    program   0x000001
    .config_300005_main.o    romdata   0x300005    program   0x000001
    .config_300006_main.o    romdata   0x300006    program   0x000001
    .config_300008_main.o    romdata   0x300008    program   0x000001
    .config_300009_main.o    romdata   0x300009    program   0x000001
    .config_30000a_main.o    romdata   0x30000a    program   0x000001
    .config_30000b_main.o    romdata   0x30000b    program   0x000001
    .config_30000c_main.o    romdata   0x30000c    program   0x000001
    .config_30000d_main.o    romdata   0x30000d    program   0x000001
                MATH_DATA      udata   0x000000       data   0x000014
                 .tmpdata      udata   0x000014       data   0x000008
                DELAYDAT1      udata   0x00001c       data   0x000001
.udata_ricetrasmettitore.o      udata   0x000060       data   0x000086
.idata_ricetrasmettitore.o      idata   0x0000e6       data   0x000016
   .idata_spi_interface.o      idata   0x0000fc       data   0x000004
                  CAN_REC      udata   0x000100       data   0x000800
   .udata_spi_interface.o      udata   0x000900       data   0x00001d
                   .stack      udata   0x000d00       data   0x000100
   .udata_can_interface.o      udata   0x000e00       data   0x00002d
           .udata_c018i.o      udata   0x000e2d       data   0x00000a
   .idata_can_interface.o      idata   0x000e37       data   0x000003
       .udata_interrupt.o      udata   0x000e3a       data   0x000001
      .idata__user_putc.o      idata   0x000e3b       data   0x000000
      .udata__user_putc.o      udata   0x000e3b       data   0x000000
            .idata_putc.o      idata   0x000e3b       data   0x000000
            .udata_putc.o      udata   0x000e3b       data   0x000000
         .idata_fxm3232.o      idata   0x000e3b       data   0x000000
         .udata_fxm3232.o      udata   0x000e3b       data   0x000000
        .idata_fxd3232u.o      idata   0x000e3b       data   0x000000
        .udata_fxd3232u.o      udata   0x000e3b       data   0x000000
        .idata_vfprintf.o      idata   0x000e3b       data   0x000000
        .udata_vfprintf.o      udata   0x000e3b       data   0x000000
         .idata_sprintf.o      idata   0x000e3b       data   0x000000
         .udata_sprintf.o      udata   0x000e3b       data   0x000000
          .idata___init.o      idata   0x000e3b       data   0x000000
          .udata___init.o      udata   0x000e3b       data   0x000000
           .idata_c018i.o      idata   0x000e3b       data   0x000000
            .udata_main.o      udata   0x000e3b       data   0x000000
            .idata_main.o      idata   0x000e3b       data   0x000000
       .idata_interrupt.o      idata   0x000e3b       data   0x000000
             .udata_can.o      udata   0x000e3b       data   0x000000
             .idata_can.o      idata   0x000e3b       data   0x000000
              SFR_BANKED0      udata   0x000e41       data   0x0000bf
              SFR_BANKED1      udata   0x000f00       data   0x000040
              SFR_BANKED2      udata   0x000f46       data   0x00001a
            SFR_UNBANKED0      udata   0x000f60       data   0x0000a0



                              Program Memory Usage 
                               Start         End      
                           ---------   ---------      
                            0x000000    0x000016      
                            0x000018    0x0039c4      
                            0x300000    0x300003      
                            0x300005    0x300006      
                            0x300008    0x30000d      
            14800 out of 66584 program addresses used, program memory utilization is 22%



                              Symbols - Sorted by Name
                     Name    Address   Location    Storage File                     
                ---------  ---------  ---------  --------- ---------                
                   D100_1   0x003990    program     static D:\3.43\pic18-lt\cxx-framework\src\traditional\delays\d100tcyx.asm
                    D100x   0x00398e    program     static D:\3.43\pic18-lt\cxx-framework\src\traditional\delays\d100tcyx.asm
             Delay100TCYx   0x003982    program     extern D:\3.43\pic18-lt\cxx-framework\src\traditional\delays\d100tcyx.asm
                 FXD3232U   0x00387c    program     extern D:\3.43\pic18-lt\cxx-framework\src\traditional\math\fxd3232u.c
                 FXM1616S   0x003822    program     extern D:\3.43\pic18-lt\cxx-framework\src\traditional\math\fxm1616s.asm
                  FXM3232   0x0037b2    program     extern D:\3.43\pic18-lt\cxx-framework\src\traditional\math\fxm3232.c
             InitMRF24J40   0x002e7e    program     extern C:\Users\Luca Lucci\Documents\Scheda_interfaccia_CANBUS\Ricetrasmettitore MRF24j40ma\user\ricetrasmettitore.c
MFR24J40_message_read_long   0x003052    program     extern C:\Users\Luca Lucci\Documents\Scheda_interfaccia_CANBUS\Ricetrasmettitore MRF24j40ma\user\ricetrasmettitore.c
MFR24J40_message_read_short   0x002fca    program     extern C:\Users\Luca Lucci\Documents\Scheda_interfaccia_CANBUS\Ricetrasmettitore MRF24j40ma\user\ricetrasmettitore.c
MFR24J40_message_send_long   0x002ff8    program     extern C:\Users\Luca Lucci\Documents\Scheda_interfaccia_CANBUS\Ricetrasmettitore MRF24j40ma\user\ricetrasmettitore.c
MFR24J40_message_send_short   0x002f90    program     extern C:\Users\Luca Lucci\Documents\Scheda_interfaccia_CANBUS\Ricetrasmettitore MRF24j40ma\user\ricetrasmettitore.c
                RXBn_list   0x0038e4    program     extern C:\Users\Luca Lucci\Documents\Scheda_interfaccia_CANBUS\Ricetrasmettitore MRF24j40ma\user\can.c
                RXFn_list   0x0038c4    program     extern C:\Users\Luca Lucci\Documents\Scheda_interfaccia_CANBUS\Ricetrasmettitore MRF24j40ma\user\can.c
               TSIGN1616A   0x00386e    program     static D:\3.43\pic18-lt\cxx-framework\src\traditional\math\fxm1616s.asm
                TXBn_list   0x0038f4    program     extern C:\Users\Luca Lucci\Documents\Scheda_interfaccia_CANBUS\Ricetrasmettitore MRF24j40ma\user\can.c
                   _2jEnd   0x00354e    program     static D:\3.43\pic18-lt\cxx-framework\src\traditional\stdclib\slenpgm.asm
              _4jContinue   0x0034dc    program     static D:\3.43\pic18-lt\cxx-framework\src\traditional\stdclib\memcpy.asm
                   _5jEnd   0x0034e6    program     static D:\3.43\pic18-lt\cxx-framework\src\traditional\stdclib\memcpy.asm
       _D100TCYXCODE_0008   0x00398a    program     static D:\3.43\pic18-lt\cxx-framework\src\traditional\delays\d100tcyx.asm
       _D100TCYXCODE_0012   0x003994    program     static D:\3.43\pic18-lt\cxx-framework\src\traditional\delays\d100tcyx.asm
       _D100TCYXCODE_0018   0x00399a    program     static D:\3.43\pic18-lt\cxx-framework\src\traditional\delays\d100tcyx.asm
           ___do_lbl00037   0x002fb4    program     static                          
           ___do_lbl00038   0x002fb8    program     static                          
           ___do_lbl00039   0x002fae    program     static                          
           ___do_lbl00044   0x003032    program     static                          
           ___do_lbl00045   0x003036    program     static                          
           ___do_lbl00046   0x00302c    program     static                          
           ___do_lbl00047   0x00303c    program     static                          
           ___do_lbl00048   0x003040    program     static                          
           ___do_lbl00049   0x003036    program     static                          
           ___do_lbl00051   0x00308c    program     static                          
           ___do_lbl00052   0x003090    program     static                          
           ___do_lbl00053   0x003086    program     static                          
          ___for_lbl00006   0x003172    program     static                          
          ___for_lbl00007   0x003176    program     static                          
          ___for_lbl00009   0x00313e    program     static                          
           ___if_lbl00008   0x003172    program     static                          
       ___return_lbl00000   0x000004    program     static                          
       ___return_lbl00000   0x0038c2    program     static                          
       ___return_lbl00000   0x003820    program     static                          
       ___return_lbl00000   0x00000c    program     static                          
       ___return_lbl00001   0x003964    program     static                          
       ___return_lbl00001   0x00001c    program     static                          
       ___return_lbl00002   0x0036ac    program     static                          
       ___return_lbl00005   0x00317e    program     static                          
       ___return_lbl00036   0x002fc0    program     static                          
       ___return_lbl00040   0x002fee    program     static                          
       ___return_lbl00043   0x003048    program     static                          
       ___return_lbl00050   0x00309c    program     static                          
        ___while_lbl00041   0x002fe6    program     static                          
        ___while_lbl00042   0x002fea    program     static                          
        ___while_lbl00054   0x003094    program     static                          
        ___while_lbl00055   0x003098    program     static                          
               __config_0   0x300000    program     static C:\Users\Luca Lucci\Documents\Scheda_interfaccia_CANBUS\Ricetrasmettitore MRF24j40ma\main.c
               __config_1   0x300001    program     static C:\Users\Luca Lucci\Documents\Scheda_interfaccia_CANBUS\Ricetrasmettitore MRF24j40ma\main.c
              __config_10   0x30000c    program     static C:\Users\Luca Lucci\Documents\Scheda_interfaccia_CANBUS\Ricetrasmettitore MRF24j40ma\main.c
              __config_11   0x30000d    program     static C:\Users\Luca Lucci\Documents\Scheda_interfaccia_CANBUS\Ricetrasmettitore MRF24j40ma\main.c
               __config_2   0x300002    program     static C:\Users\Luca Lucci\Documents\Scheda_interfaccia_CANBUS\Ricetrasmettitore MRF24j40ma\main.c
               __config_3   0x300003    program     static C:\Users\Luca Lucci\Documents\Scheda_interfaccia_CANBUS\Ricetrasmettitore MRF24j40ma\main.c
               __config_4   0x300005    program     static C:\Users\Luca Lucci\Documents\Scheda_interfaccia_CANBUS\Ricetrasmettitore MRF24j40ma\main.c
               __config_5   0x300006    program     static C:\Users\Luca Lucci\Documents\Scheda_interfaccia_CANBUS\Ricetrasmettitore MRF24j40ma\main.c
               __config_6   0x300008    program     static C:\Users\Luca Lucci\Documents\Scheda_interfaccia_CANBUS\Ricetrasmettitore MRF24j40ma\main.c
               __config_7   0x300009    program     static C:\Users\Luca Lucci\Documents\Scheda_interfaccia_CANBUS\Ricetrasmettitore MRF24j40ma\main.c
               __config_8   0x30000a    program     static C:\Users\Luca Lucci\Documents\Scheda_interfaccia_CANBUS\Ricetrasmettitore MRF24j40ma\main.c
               __config_9   0x30000b    program     static C:\Users\Luca Lucci\Documents\Scheda_interfaccia_CANBUS\Ricetrasmettitore MRF24j40ma\main.c
                   __init   0x00000e    program     extern D:\3.43\pic18-lt\cxx-framework\src\traditional\stdclib\__init.c
                   __pa_0   0x00286c    program     static D:\3.43\pic18-lt\cxx-framework\src\traditional\stdclib\vfprintf.c
                   __pa_1   0x002874    program     static D:\3.43\pic18-lt\cxx-framework\src\traditional\stdclib\vfprintf.c
                  __pa_10   0x002928    program     static D:\3.43\pic18-lt\cxx-framework\src\traditional\stdclib\vfprintf.c
                  __pa_11   0x002936    program     static D:\3.43\pic18-lt\cxx-framework\src\traditional\stdclib\vfprintf.c
                  __pa_12   0x00294c    program     static D:\3.43\pic18-lt\cxx-framework\src\traditional\stdclib\vfprintf.c
                  __pa_13   0x002966    program     static D:\3.43\pic18-lt\cxx-framework\src\traditional\stdclib\vfprintf.c
                  __pa_14   0x00297e    program     static D:\3.43\pic18-lt\cxx-framework\src\traditional\stdclib\vfprintf.c
                  __pa_15   0x00298e    program     static D:\3.43\pic18-lt\cxx-framework\src\traditional\stdclib\vfprintf.c
                  __pa_16   0x0029a4    program     static D:\3.43\pic18-lt\cxx-framework\src\traditional\stdclib\vfprintf.c
                  __pa_17   0x0029b6    program     static D:\3.43\pic18-lt\cxx-framework\src\traditional\stdclib\vfprintf.c
                  __pa_18   0x0029c8    program     static D:\3.43\pic18-lt\cxx-framework\src\traditional\stdclib\vfprintf.c
                  __pa_19   0x0029d2    program     static D:\3.43\pic18-lt\cxx-framework\src\traditional\stdclib\vfprintf.c
                   __pa_2   0x00287e    program     static D:\3.43\pic18-lt\cxx-framework\src\traditional\stdclib\vfprintf.c
                  __pa_20   0x0029e2    program     static D:\3.43\pic18-lt\cxx-framework\src\traditional\stdclib\vfprintf.c
                  __pa_21   0x0029f2    program     static D:\3.43\pic18-lt\cxx-framework\src\traditional\stdclib\vfprintf.c
                  __pa_22   0x002a02    program     static D:\3.43\pic18-lt\cxx-framework\src\traditional\stdclib\vfprintf.c
                  __pa_23   0x002a0e    program     static D:\3.43\pic18-lt\cxx-framework\src\traditional\stdclib\vfprintf.c
                  __pa_24   0x002a1c    program     static D:\3.43\pic18-lt\cxx-framework\src\traditional\stdclib\vfprintf.c
                  __pa_25   0x002a24    program     static D:\3.43\pic18-lt\cxx-framework\src\traditional\stdclib\vfprintf.c
                  __pa_26   0x002a2e    program     static D:\3.43\pic18-lt\cxx-framework\src\traditional\stdclib\vfprintf.c
                  __pa_27   0x002a38    program     static D:\3.43\pic18-lt\cxx-framework\src\traditional\stdclib\vfprintf.c
                  __pa_28   0x002a40    program     static D:\3.43\pic18-lt\cxx-framework\src\traditional\stdclib\vfprintf.c
                  __pa_29   0x002a4e    program     static D:\3.43\pic18-lt\cxx-framework\src\traditional\stdclib\vfprintf.c
                   __pa_3   0x002888    program     static D:\3.43\pic18-lt\cxx-framework\src\traditional\stdclib\vfprintf.c
                  __pa_30   0x002a6a    program     static D:\3.43\pic18-lt\cxx-framework\src\traditional\stdclib\vfprintf.c
                  __pa_31   0x002a84    program     static D:\3.43\pic18-lt\cxx-framework\src\traditional\stdclib\vfprintf.c
                  __pa_32   0x002a9e    program     static D:\3.43\pic18-lt\cxx-framework\src\traditional\stdclib\vfprintf.c
                  __pa_33   0x002ab6    program     static D:\3.43\pic18-lt\cxx-framework\src\traditional\stdclib\vfprintf.c
                  __pa_34   0x002ac0    program     static D:\3.43\pic18-lt\cxx-framework\src\traditional\stdclib\vfprintf.c
                  __pa_35   0x002ace    program     static D:\3.43\pic18-lt\cxx-framework\src\traditional\stdclib\vfprintf.c
                  __pa_36   0x002ad6    program     static D:\3.43\pic18-lt\cxx-framework\src\traditional\stdclib\vfprintf.c
                  __pa_37   0x002ae0    program     static D:\3.43\pic18-lt\cxx-framework\src\traditional\stdclib\vfprintf.c
                  __pa_38   0x002af0    program     static D:\3.43\pic18-lt\cxx-framework\src\traditional\stdclib\vfprintf.c
                  __pa_39   0x002afe    program     static D:\3.43\pic18-lt\cxx-framework\src\traditional\stdclib\vfprintf.c
                   __pa_4   0x0028a0    program     static D:\3.43\pic18-lt\cxx-framework\src\traditional\stdclib\vfprintf.c
                  __pa_40   0x002b0a    program     static D:\3.43\pic18-lt\cxx-framework\src\traditional\stdclib\vfprintf.c
                  __pa_41   0x002b16    program     static D:\3.43\pic18-lt\cxx-framework\src\traditional\stdclib\vfprintf.c
                  __pa_42   0x002b1e    program     static D:\3.43\pic18-lt\cxx-framework\src\traditional\stdclib\vfprintf.c
                  __pa_43   0x002b28    program     static D:\3.43\pic18-lt\cxx-framework\src\traditional\stdclib\vfprintf.c
                  __pa_44   0x002b2e    program     static D:\3.43\pic18-lt\cxx-framework\src\traditional\stdclib\vfprintf.c
                  __pa_45   0x002b38    program     static D:\3.43\pic18-lt\cxx-framework\src\traditional\stdclib\vfprintf.c
                  __pa_46   0x002b44    program     static D:\3.43\pic18-lt\cxx-framework\src\traditional\stdclib\vfprintf.c
                   __pa_5   0x0028b4    program     static D:\3.43\pic18-lt\cxx-framework\src\traditional\stdclib\vfprintf.c
                   __pa_6   0x0028d0    program     static D:\3.43\pic18-lt\cxx-framework\src\traditional\stdclib\vfprintf.c
                   __pa_7   0x0028da    program     static D:\3.43\pic18-lt\cxx-framework\src\traditional\stdclib\vfprintf.c
                   __pa_8   0x0028e6    program     static D:\3.43\pic18-lt\cxx-framework\src\traditional\stdclib\vfprintf.c
                   __pa_9   0x002908    program     static D:\3.43\pic18-lt\cxx-framework\src\traditional\stdclib\vfprintf.c
               __string_0   0x003491    program     static C:\Users\Luca Lucci\Documents\Scheda_interfaccia_CANBUS\Ricetrasmettitore MRF24j40ma\user\can_interface.c
               __string_1   0x003478    program     static C:\Users\Luca Lucci\Documents\Scheda_interfaccia_CANBUS\Ricetrasmettitore MRF24j40ma\user\can_interface.c
               __string_2   0x003460    program     static C:\Users\Luca Lucci\Documents\Scheda_interfaccia_CANBUS\Ricetrasmettitore MRF24j40ma\user\can_interface.c
               __string_3   0x003444    program     static C:\Users\Luca Lucci\Documents\Scheda_interfaccia_CANBUS\Ricetrasmettitore MRF24j40ma\user\can_interface.c
               __string_4   0x003428    program     static C:\Users\Luca Lucci\Documents\Scheda_interfaccia_CANBUS\Ricetrasmettitore MRF24j40ma\user\can_interface.c
               __string_5   0x003410    program     static C:\Users\Luca Lucci\Documents\Scheda_interfaccia_CANBUS\Ricetrasmettitore MRF24j40ma\user\can_interface.c
               __string_6   0x0033f8    program     static C:\Users\Luca Lucci\Documents\Scheda_interfaccia_CANBUS\Ricetrasmettitore MRF24j40ma\user\can_interface.c
               __string_7   0x0033ec    program     static C:\Users\Luca Lucci\Documents\Scheda_interfaccia_CANBUS\Ricetrasmettitore MRF24j40ma\user\can_interface.c
               __string_8   0x0033da    program     static C:\Users\Luca Lucci\Documents\Scheda_interfaccia_CANBUS\Ricetrasmettitore MRF24j40ma\user\can_interface.c
              __tmplbl_42   0x002a02    program     static                          
              __tmplbl_43   0x00284a    program     static                          
              __tmplbl_44   0x002830    program     static                          
              __tmplbl_85   0x001f82    program     static                          
            __zero_memory   0x00392a    program     extern D:\3.43\pic18-lt\cxx-framework\src\traditional\proc\p18f46k80.asm
                _do_cinit   0x003610    program     extern D:\3.43\pic18-lt\cxx-framework\src\traditional\startup\c018i.c
                   _entry   0x000000    program     extern D:\3.43\pic18-lt\cxx-framework\src\traditional\startup\c018i.c
                   _false   0x0038be    program     static                          
                 _startup   0x00394a    program     extern D:\3.43\pic18-lt\cxx-framework\src\traditional\startup\c018i.c
              _usart_putc   0x003966    program     extern D:\3.43\pic18-lt\cxx-framework\src\pmc_common\USART\_usartpc.asm
               _user_putc   0x000006    program     extern D:\3.43\pic18-lt\cxx-framework\src\traditional\stdclib\_user_putc.c
          can_buffer_read   0x001880    program     extern C:\Users\Luca Lucci\Documents\Scheda_interfaccia_CANBUS\Ricetrasmettitore MRF24j40ma\user\can_interface.c
       can_buffer_rx_load   0x001784    program     extern C:\Users\Luca Lucci\Documents\Scheda_interfaccia_CANBUS\Ricetrasmettitore MRF24j40ma\user\can_interface.c
can_buffer_rx_loaded_update   0x001b9a    program     extern C:\Users\Luca Lucci\Documents\Scheda_interfaccia_CANBUS\Ricetrasmettitore MRF24j40ma\user\can_interface.c
          can_buffer_send   0x00162e    program     extern C:\Users\Luca Lucci\Documents\Scheda_interfaccia_CANBUS\Ricetrasmettitore MRF24j40ma\user\can_interface.c
  can_buffer_set_priority   0x001204    program     extern C:\Users\Luca Lucci\Documents\Scheda_interfaccia_CANBUS\Ricetrasmettitore MRF24j40ma\user\can.c
can_buffer_tx_free_update   0x001adc    program     extern C:\Users\Luca Lucci\Documents\Scheda_interfaccia_CANBUS\Ricetrasmettitore MRF24j40ma\user\can_interface.c
       can_buffer_tx_load   0x00145e    program     extern C:\Users\Luca Lucci\Documents\Scheda_interfaccia_CANBUS\Ricetrasmettitore MRF24j40ma\user\can_interface.c
         can_error_handle   0x001c54    program     extern C:\Users\Luca Lucci\Documents\Scheda_interfaccia_CANBUS\Ricetrasmettitore MRF24j40ma\user\can_interface.c
     can_get_rx_data_size   0x001a64    program     extern C:\Users\Luca Lucci\Documents\Scheda_interfaccia_CANBUS\Ricetrasmettitore MRF24j40ma\user\can_interface.c
can_get_tx_buffer_empty_space   0x00176c    program     extern C:\Users\Luca Lucci\Documents\Scheda_interfaccia_CANBUS\Ricetrasmettitore MRF24j40ma\user\can_interface.c
                 can_init   0x001260    program     extern C:\Users\Luca Lucci\Documents\Scheda_interfaccia_CANBUS\Ricetrasmettitore MRF24j40ma\user\can_interface.c
        can_init_auto_rtr   0x00092e    program     extern C:\Users\Luca Lucci\Documents\Scheda_interfaccia_CANBUS\Ricetrasmettitore MRF24j40ma\user\can.c
    can_init_baudrate_set   0x0007c8    program     extern C:\Users\Luca Lucci\Documents\Scheda_interfaccia_CANBUS\Ricetrasmettitore MRF24j40ma\user\can.c
   can_init_filter_buffer   0x000286    program     extern C:\Users\Luca Lucci\Documents\Scheda_interfaccia_CANBUS\Ricetrasmettitore MRF24j40ma\user\can.c
   can_init_filter_enable   0x0001fc    program     extern C:\Users\Luca Lucci\Documents\Scheda_interfaccia_CANBUS\Ricetrasmettitore MRF24j40ma\user\can.c
       can_init_filter_id   0x000722    program     extern C:\Users\Luca Lucci\Documents\Scheda_interfaccia_CANBUS\Ricetrasmettitore MRF24j40ma\user\can.c
     can_init_filter_mask   0x0004d4    program     extern C:\Users\Luca Lucci\Documents\Scheda_interfaccia_CANBUS\Ricetrasmettitore MRF24j40ma\user\can.c
       can_init_interrupt   0x000044    program     extern C:\Users\Luca Lucci\Documents\Scheda_interfaccia_CANBUS\Ricetrasmettitore MRF24j40ma\user\can.c
         can_init_mask_id   0x000122    program     extern C:\Users\Luca Lucci\Documents\Scheda_interfaccia_CANBUS\Ricetrasmettitore MRF24j40ma\user\can.c
can_init_prog_buffer_mode   0x0000c0    program     extern C:\Users\Luca Lucci\Documents\Scheda_interfaccia_CANBUS\Ricetrasmettitore MRF24j40ma\user\can.c
                  can_isr   0x001a6c    program     extern C:\Users\Luca Lucci\Documents\Scheda_interfaccia_CANBUS\Ricetrasmettitore MRF24j40ma\user\can_interface.c
          can_load_buffer   0x000afa    program     extern C:\Users\Luca Lucci\Documents\Scheda_interfaccia_CANBUS\Ricetrasmettitore MRF24j40ma\user\can.c
          can_mode_select   0x00099c    program     extern C:\Users\Luca Lucci\Documents\Scheda_interfaccia_CANBUS\Ricetrasmettitore MRF24j40ma\user\can.c
            can_op_select   0x0009d6    program     extern C:\Users\Luca Lucci\Documents\Scheda_interfaccia_CANBUS\Ricetrasmettitore MRF24j40ma\user\can.c
                 can_read   0x000d4e    program     extern C:\Users\Luca Lucci\Documents\Scheda_interfaccia_CANBUS\Ricetrasmettitore MRF24j40ma\user\can.c
   can_search_buffer_free   0x000a1a    program     extern C:\Users\Luca Lucci\Documents\Scheda_interfaccia_CANBUS\Ricetrasmettitore MRF24j40ma\user\can.c
 can_search_buffer_loaded   0x000a8c    program     extern C:\Users\Luca Lucci\Documents\Scheda_interfaccia_CANBUS\Ricetrasmettitore MRF24j40ma\user\can.c
       can_spi_initialize   0x002b4e    program     extern C:\Users\Luca Lucci\Documents\Scheda_interfaccia_CANBUS\Ricetrasmettitore MRF24j40ma\user\ricetrasmettitore.c
             can_spi_loop   0x002d0a    program     extern C:\Users\Luca Lucci\Documents\Scheda_interfaccia_CANBUS\Ricetrasmettitore MRF24j40ma\user\ricetrasmettitore.c
can_spi_message_read_from_can   0x002d4c    program     extern C:\Users\Luca Lucci\Documents\Scheda_interfaccia_CANBUS\Ricetrasmettitore MRF24j40ma\user\ricetrasmettitore.c
can_spi_message_read_from_spi   0x002d90    program     extern C:\Users\Luca Lucci\Documents\Scheda_interfaccia_CANBUS\Ricetrasmettitore MRF24j40ma\user\ricetrasmettitore.c
                can_write   0x000cf2    program     extern C:\Users\Luca Lucci\Documents\Scheda_interfaccia_CANBUS\Ricetrasmettitore MRF24j40ma\user\can.c
            canid_to_regs   0x000ffa    program     extern C:\Users\Luca Lucci\Documents\Scheda_interfaccia_CANBUS\Ricetrasmettitore MRF24j40ma\user\can.c
                compare_l   0x003940    program     static D:\3.43\pic18-lt\cxx-framework\src\traditional\proc\p18f46k80.asm
                copy_loop   0x003682    program     static                          
            copy_one_byte   0x003688    program     static                          
                     done   0x0036ac    program     static                          
             done_copying   0x003696    program     static                          
                 high_isr   0x0032fc    program     extern C:\Users\Luca Lucci\Documents\Scheda_interfaccia_CANBUS\Ricetrasmettitore MRF24j40ma\system\interrupt\interrupt.c
        initialize_system   0x00374a    program     extern C:\Users\Luca Lucci\Documents\Scheda_interfaccia_CANBUS\Ricetrasmettitore MRF24j40ma\main.c
 interrupt_at_high_vector   0x000008    program     extern C:\Users\Luca Lucci\Documents\Scheda_interfaccia_CANBUS\Ricetrasmettitore MRF24j40ma\system\interrupt\interrupt.c
  interrupt_at_low_vector   0x000018    program     extern C:\Users\Luca Lucci\Documents\Scheda_interfaccia_CANBUS\Ricetrasmettitore MRF24j40ma\system\interrupt\interrupt.c
                  isdigit   0x003906    program     extern D:\3.43\pic18-lt\cxx-framework\src\traditional\stdclib\isdigit.asm
                     jEnd   0x003518    program     static D:\3.43\pic18-lt\cxx-framework\src\traditional\stdclib\strlen.asm
                     jEnd   0x003550    program     static D:\3.43\pic18-lt\cxx-framework\src\traditional\stdclib\slenpgm.asm
                     jEnd   0x0034ec    program     static D:\3.43\pic18-lt\cxx-framework\src\traditional\stdclib\memcpy.asm
                    jLoop   0x00350e    program     static D:\3.43\pic18-lt\cxx-framework\src\traditional\stdclib\strlen.asm
                    jLoop   0x0034d0    program     static D:\3.43\pic18-lt\cxx-framework\src\traditional\stdclib\memcpy.asm
                    jLoop   0x003538    program     static D:\3.43\pic18-lt\cxx-framework\src\traditional\stdclib\slenpgm.asm
                   jMatch   0x003926    program     static D:\3.43\pic18-lt\cxx-framework\src\traditional\stdclib\isdigit.asm
                 jNoMatch   0x003928    program     static D:\3.43\pic18-lt\cxx-framework\src\traditional\stdclib\isdigit.asm
                     loop   0x00388a    program     static                          
                     loop   0x003976    program     static D:\3.43\pic18-lt\cxx-framework\src\pmc_common\USART\_usartpc.asm
                     loop   0x00395a    program     static                          
                   loop_h   0x003938    program     static D:\3.43\pic18-lt\cxx-framework\src\traditional\proc\p18f46k80.asm
                   loop_l   0x003942    program     static D:\3.43\pic18-lt\cxx-framework\src\traditional\proc\p18f46k80.asm
                  low_isr   0x0033b4    program     extern C:\Users\Luca Lucci\Documents\Scheda_interfaccia_CANBUS\Ricetrasmettitore MRF24j40ma\system\interrupt\interrupt.c
                     main   0x003732    program     extern C:\Users\Luca Lucci\Documents\Scheda_interfaccia_CANBUS\Ricetrasmettitore MRF24j40ma\main.c
                   memcpy   0x0034a8    program     extern D:\3.43\pic18-lt\cxx-framework\src\traditional\stdclib\memcpy.asm
                     putc   0x0036ae    program     extern D:\3.43\pic18-lt\cxx-framework\src\traditional\stdclib\putc.c
                 s_digits   0x00399e    program     static D:\3.43\pic18-lt\cxx-framework\src\traditional\stdclib\vfprintf.c
            s_put_n_chars   0x001f2c    program     static D:\3.43\pic18-lt\cxx-framework\src\traditional\stdclib\vfprintf.c
          spi_buffer_read   0x00328a    program     extern C:\Users\Luca Lucci\Documents\Scheda_interfaccia_CANBUS\Ricetrasmettitore MRF24j40ma\user\spi_interface.c
       spi_buffer_rx_load   0x00320c    program     extern C:\Users\Luca Lucci\Documents\Scheda_interfaccia_CANBUS\Ricetrasmettitore MRF24j40ma\user\spi_interface.c
          spi_buffer_send   0x003188    program     extern C:\Users\Luca Lucci\Documents\Scheda_interfaccia_CANBUS\Ricetrasmettitore MRF24j40ma\user\spi_interface.c
       spi_buffer_tx_load   0x0030d6    program     extern C:\Users\Luca Lucci\Documents\Scheda_interfaccia_CANBUS\Ricetrasmettitore MRF24j40ma\user\spi_interface.c
   spi_buffer_tx_seq_load   0x00312e    program     extern C:\Users\Luca Lucci\Documents\Scheda_interfaccia_CANBUS\Ricetrasmettitore MRF24j40ma\user\spi_interface.c
     spi_get_rx_data_size   0x0032f4    program     extern C:\Users\Luca Lucci\Documents\Scheda_interfaccia_CANBUS\Ricetrasmettitore MRF24j40ma\user\spi_interface.c
spi_get_tx_buffer_empty_space   0x0031da    program     extern C:\Users\Luca Lucci\Documents\Scheda_interfaccia_CANBUS\Ricetrasmettitore MRF24j40ma\user\spi_interface.c
                 spi_init   0x0030a6    program     extern C:\Users\Luca Lucci\Documents\Scheda_interfaccia_CANBUS\Ricetrasmettitore MRF24j40ma\user\spi_interface.c
                  sprintf   0x003564    program     extern D:\3.43\pic18-lt\cxx-framework\src\traditional\stdclib\sprintf.c
                   strlen   0x0034fe    program     extern D:\3.43\pic18-lt\cxx-framework\src\traditional\stdclib\strlen.asm
                strlenpgm   0x00351a    program     extern D:\3.43\pic18-lt\cxx-framework\src\traditional\stdclib\slenpgm.asm
                     test   0x00362a    program     static                          
trasparent_can_state_machine   0x002daa    program     extern C:\Users\Luca Lucci\Documents\Scheda_interfaccia_CANBUS\Ricetrasmettitore MRF24j40ma\user\ricetrasmettitore.c
trasparent_spi_state_machine   0x002df4    program     extern C:\Users\Luca Lucci\Documents\Scheda_interfaccia_CANBUS\Ricetrasmettitore MRF24j40ma\user\ricetrasmettitore.c
                 vfprintf   0x001f58    program     extern D:\3.43\pic18-lt\cxx-framework\src\traditional\stdclib\vfprintf.c
               zero_block   0x003938    program     static D:\3.43\pic18-lt\cxx-framework\src\traditional\proc\p18f46k80.asm
                   ADCON0   0x000fc2       data     extern D:\3.43\pic18-lt\cxx-framework\src\traditional\proc\p18f46k80.asm
               ADCON0bits   0x000fc2       data     extern D:\3.43\pic18-lt\cxx-framework\src\traditional\proc\p18f46k80.asm
                   ADCON1   0x000fc1       data     extern D:\3.43\pic18-lt\cxx-framework\src\traditional\proc\p18f46k80.asm
               ADCON1bits   0x000fc1       data     extern D:\3.43\pic18-lt\cxx-framework\src\traditional\proc\p18f46k80.asm
                   ADCON2   0x000fc0       data     extern D:\3.43\pic18-lt\cxx-framework\src\traditional\proc\p18f46k80.asm
               ADCON2bits   0x000fc0       data     extern D:\3.43\pic18-lt\cxx-framework\src\traditional\proc\p18f46k80.asm
                    ADRES   0x000fc3       data     extern D:\3.43\pic18-lt\cxx-framework\src\traditional\proc\p18f46k80.asm
                   ADRESH   0x000fc4       data     extern D:\3.43\pic18-lt\cxx-framework\src\traditional\proc\p18f46k80.asm
                   ADRESL   0x000fc3       data     extern D:\3.43\pic18-lt\cxx-framework\src\traditional\proc\p18f46k80.asm
                   ANCON0   0x000f5d       data     extern D:\3.43\pic18-lt\cxx-framework\src\traditional\proc\p18f46k80.asm
               ANCON0bits   0x000f5d       data     extern D:\3.43\pic18-lt\cxx-framework\src\traditional\proc\p18f46k80.asm
                   ANCON1   0x000f5c       data     extern D:\3.43\pic18-lt\cxx-framework\src\traditional\proc\p18f46k80.asm
               ANCON1bits   0x000f5c       data     extern D:\3.43\pic18-lt\cxx-framework\src\traditional\proc\p18f46k80.asm
                    B0CON   0x000e80       data     extern D:\3.43\pic18-lt\cxx-framework\src\traditional\proc\p18f46k80.asm
                B0CONbits   0x000e80       data     extern D:\3.43\pic18-lt\cxx-framework\src\traditional\proc\p18f46k80.asm
                     B0D0   0x000e86       data     extern D:\3.43\pic18-lt\cxx-framework\src\traditional\proc\p18f46k80.asm
                 B0D0bits   0x000e86       data     extern D:\3.43\pic18-lt\cxx-framework\src\traditional\proc\p18f46k80.asm
                     B0D1   0x000e87       data     extern D:\3.43\pic18-lt\cxx-framework\src\traditional\proc\p18f46k80.asm
                 B0D1bits   0x000e87       data     extern D:\3.43\pic18-lt\cxx-framework\src\traditional\proc\p18f46k80.asm
                     B0D2   0x000e88       data     extern D:\3.43\pic18-lt\cxx-framework\src\traditional\proc\p18f46k80.asm
                 B0D2bits   0x000e88       data     extern D:\3.43\pic18-lt\cxx-framework\src\traditional\proc\p18f46k80.asm
                     B0D3   0x000e89       data     extern D:\3.43\pic18-lt\cxx-framework\src\traditional\proc\p18f46k80.asm
                 B0D3bits   0x000e89       data     extern D:\3.43\pic18-lt\cxx-framework\src\traditional\proc\p18f46k80.asm
                     B0D4   0x000e8a       data     extern D:\3.43\pic18-lt\cxx-framework\src\traditional\proc\p18f46k80.asm
                 B0D4bits   0x000e8a       data     extern D:\3.43\pic18-lt\cxx-framework\src\traditional\proc\p18f46k80.asm
                     B0D5   0x000e8b       data     extern D:\3.43\pic18-lt\cxx-framework\src\traditional\proc\p18f46k80.asm
                 B0D5bits   0x000e8b       data     extern D:\3.43\pic18-lt\cxx-framework\src\traditional\proc\p18f46k80.asm
                     B0D6   0x000e8c       data     extern D:\3.43\pic18-lt\cxx-framework\src\traditional\proc\p18f46k80.asm
                 B0D6bits   0x000e8c       data     extern D:\3.43\pic18-lt\cxx-framework\src\traditional\proc\p18f46k80.asm
                     B0D7   0x000e8d       data     extern D:\3.43\pic18-lt\cxx-framework\src\traditional\proc\p18f46k80.asm
                 B0D7bits   0x000e8d       data     extern D:\3.43\pic18-lt\cxx-framework\src\traditional\proc\p18f46k80.asm
                    B0DLC   0x000e85       data     extern D:\3.43\pic18-lt\cxx-framework\src\traditional\proc\p18f46k80.asm
                B0DLCbits   0x000e85       data     extern D:\3.43\pic18-lt\cxx-framework\src\traditional\proc\p18f46k80.asm
                   B0EIDH   0x000e83       data     extern D:\3.43\pic18-lt\cxx-framework\src\traditional\proc\p18f46k80.asm
               B0EIDHbits   0x000e83       data     extern D:\3.43\pic18-lt\cxx-framework\src\traditional\proc\p18f46k80.asm
                   B0EIDL   0x000e84       data     extern D:\3.43\pic18-lt\cxx-framework\src\traditional\proc\p18f46k80.asm
               B0EIDLbits   0x000e84       data     extern D:\3.43\pic18-lt\cxx-framework\src\traditional\proc\p18f46k80.asm
                   B0SIDH   0x000e81       data     extern D:\3.43\pic18-lt\cxx-framework\src\traditional\proc\p18f46k80.asm
               B0SIDHbits   0x000e81       data     extern D:\3.43\pic18-lt\cxx-framework\src\traditional\proc\p18f46k80.asm
                   B0SIDL   0x000e82       data     extern D:\3.43\pic18-lt\cxx-framework\src\traditional\proc\p18f46k80.asm
               B0SIDLbits   0x000e82       data     extern D:\3.43\pic18-lt\cxx-framework\src\traditional\proc\p18f46k80.asm
                    B1CON   0x000e90       data     extern D:\3.43\pic18-lt\cxx-framework\src\traditional\proc\p18f46k80.asm
                B1CONbits   0x000e90       data     extern D:\3.43\pic18-lt\cxx-framework\src\traditional\proc\p18f46k80.asm
                     B1D0   0x000e96       data     extern D:\3.43\pic18-lt\cxx-framework\src\traditional\proc\p18f46k80.asm
                 B1D0bits   0x000e96       data     extern D:\3.43\pic18-lt\cxx-framework\src\traditional\proc\p18f46k80.asm
                     B1D1   0x000e97       data     extern D:\3.43\pic18-lt\cxx-framework\src\traditional\proc\p18f46k80.asm
                 B1D1bits   0x000e97       data     extern D:\3.43\pic18-lt\cxx-framework\src\traditional\proc\p18f46k80.asm
                     B1D2   0x000e98       data     extern D:\3.43\pic18-lt\cxx-framework\src\traditional\proc\p18f46k80.asm
                 B1D2bits   0x000e98       data     extern D:\3.43\pic18-lt\cxx-framework\src\traditional\proc\p18f46k80.asm
                     B1D3   0x000e99       data     extern D:\3.43\pic18-lt\cxx-framework\src\traditional\proc\p18f46k80.asm
                 B1D3bits   0x000e99       data     extern D:\3.43\pic18-lt\cxx-framework\src\traditional\proc\p18f46k80.asm
                     B1D4   0x000e9a       data     extern D:\3.43\pic18-lt\cxx-framework\src\traditional\proc\p18f46k80.asm
                 B1D4bits   0x000e9a       data     extern D:\3.43\pic18-lt\cxx-framework\src\traditional\proc\p18f46k80.asm
                     B1D5   0x000e9b       data     extern D:\3.43\pic18-lt\cxx-framework\src\traditional\proc\p18f46k80.asm
                 B1D5bits   0x000e9b       data     extern D:\3.43\pic18-lt\cxx-framework\src\traditional\proc\p18f46k80.asm
                     B1D6   0x000e9c       data     extern D:\3.43\pic18-lt\cxx-framework\src\traditional\proc\p18f46k80.asm
                 B1D6bits   0x000e9c       data     extern D:\3.43\pic18-lt\cxx-framework\src\traditional\proc\p18f46k80.asm
                     B1D7   0x000e9d       data     extern D:\3.43\pic18-lt\cxx-framework\src\traditional\proc\p18f46k80.asm
                 B1D7bits   0x000e9d       data     extern D:\3.43\pic18-lt\cxx-framework\src\traditional\proc\p18f46k80.asm
                    B1DLC   0x000e95       data     extern D:\3.43\pic18-lt\cxx-framework\src\traditional\proc\p18f46k80.asm
                B1DLCbits   0x000e95       data     extern D:\3.43\pic18-lt\cxx-framework\src\traditional\proc\p18f46k80.asm
                   B1EIDH   0x000e93       data     extern D:\3.43\pic18-lt\cxx-framework\src\traditional\proc\p18f46k80.asm
               B1EIDHbits   0x000e93       data     extern D:\3.43\pic18-lt\cxx-framework\src\traditional\proc\p18f46k80.asm
                   B1EIDL   0x000e94       data     extern D:\3.43\pic18-lt\cxx-framework\src\traditional\proc\p18f46k80.asm
               B1EIDLbits   0x000e94       data     extern D:\3.43\pic18-lt\cxx-framework\src\traditional\proc\p18f46k80.asm
                   B1SIDH   0x000e91       data     extern D:\3.43\pic18-lt\cxx-framework\src\traditional\proc\p18f46k80.asm
               B1SIDHbits   0x000e91       data     extern D:\3.43\pic18-lt\cxx-framework\src\traditional\proc\p18f46k80.asm
                   B1SIDL   0x000e92       data     extern D:\3.43\pic18-lt\cxx-framework\src\traditional\proc\p18f46k80.asm
               B1SIDLbits   0x000e92       data     extern D:\3.43\pic18-lt\cxx-framework\src\traditional\proc\p18f46k80.asm
                    B2CON   0x000ea0       data     extern D:\3.43\pic18-lt\cxx-framework\src\traditional\proc\p18f46k80.asm
                B2CONbits   0x000ea0       data     extern D:\3.43\pic18-lt\cxx-framework\src\traditional\proc\p18f46k80.asm
                     B2D0   0x000ea6       data     extern D:\3.43\pic18-lt\cxx-framework\src\traditional\proc\p18f46k80.asm
                 B2D0bits   0x000ea6       data     extern D:\3.43\pic18-lt\cxx-framework\src\traditional\proc\p18f46k80.asm
                     B2D1   0x000ea7       data     extern D:\3.43\pic18-lt\cxx-framework\src\traditional\proc\p18f46k80.asm
                 B2D1bits   0x000ea7       data     extern D:\3.43\pic18-lt\cxx-framework\src\traditional\proc\p18f46k80.asm
                     B2D2   0x000ea8       data     extern D:\3.43\pic18-lt\cxx-framework\src\traditional\proc\p18f46k80.asm
                 B2D2bits   0x000ea8       data     extern D:\3.43\pic18-lt\cxx-framework\src\traditional\proc\p18f46k80.asm
                     B2D3   0x000ea9       data     extern D:\3.43\pic18-lt\cxx-framework\src\traditional\proc\p18f46k80.asm
                 B2D3bits   0x000ea9       data     extern D:\3.43\pic18-lt\cxx-framework\src\traditional\proc\p18f46k80.asm
                     B2D4   0x000eaa       data     extern D:\3.43\pic18-lt\cxx-framework\src\traditional\proc\p18f46k80.asm
                 B2D4bits   0x000eaa       data     extern D:\3.43\pic18-lt\cxx-framework\src\traditional\proc\p18f46k80.asm
                     B2D5   0x000eab       data     extern D:\3.43\pic18-lt\cxx-framework\src\traditional\proc\p18f46k80.asm
                 B2D5bits   0x000eab       data     extern D:\3.43\pic18-lt\cxx-framework\src\traditional\proc\p18f46k80.asm
                     B2D6   0x000eac       data     extern D:\3.43\pic18-lt\cxx-framework\src\traditional\proc\p18f46k80.asm
                 B2D6bits   0x000eac       data     extern D:\3.43\pic18-lt\cxx-framework\src\traditional\proc\p18f46k80.asm
                     B2D7   0x000ead       data     extern D:\3.43\pic18-lt\cxx-framework\src\traditional\proc\p18f46k80.asm
                 B2D7bits   0x000ead       data     extern D:\3.43\pic18-lt\cxx-framework\src\traditional\proc\p18f46k80.asm
                    B2DLC   0x000ea5       data     extern D:\3.43\pic18-lt\cxx-framework\src\traditional\proc\p18f46k80.asm
                B2DLCbits   0x000ea5       data     extern D:\3.43\pic18-lt\cxx-framework\src\traditional\proc\p18f46k80.asm
                   B2EIDH   0x000ea3       data     extern D:\3.43\pic18-lt\cxx-framework\src\traditional\proc\p18f46k80.asm
               B2EIDHbits   0x000ea3       data     extern D:\3.43\pic18-lt\cxx-framework\src\traditional\proc\p18f46k80.asm
                   B2EIDL   0x000ea4       data     extern D:\3.43\pic18-lt\cxx-framework\src\traditional\proc\p18f46k80.asm
               B2EIDLbits   0x000ea4       data     extern D:\3.43\pic18-lt\cxx-framework\src\traditional\proc\p18f46k80.asm
                   B2SIDH   0x000ea1       data     extern D:\3.43\pic18-lt\cxx-framework\src\traditional\proc\p18f46k80.asm
               B2SIDHbits   0x000ea1       data     extern D:\3.43\pic18-lt\cxx-framework\src\traditional\proc\p18f46k80.asm
                   B2SIDL   0x000ea2       data     extern D:\3.43\pic18-lt\cxx-framework\src\traditional\proc\p18f46k80.asm
               B2SIDLbits   0x000ea2       data     extern D:\3.43\pic18-lt\cxx-framework\src\traditional\proc\p18f46k80.asm
                    B3CON   0x000eb0       data     extern D:\3.43\pic18-lt\cxx-framework\src\traditional\proc\p18f46k80.asm
                B3CONbits   0x000eb0       data     extern D:\3.43\pic18-lt\cxx-framework\src\traditional\proc\p18f46k80.asm
                     B3D0   0x000eb6       data     extern D:\3.43\pic18-lt\cxx-framework\src\traditional\proc\p18f46k80.asm
                 B3D0bits   0x000eb6       data     extern D:\3.43\pic18-lt\cxx-framework\src\traditional\proc\p18f46k80.asm
                     B3D1   0x000eb7       data     extern D:\3.43\pic18-lt\cxx-framework\src\traditional\proc\p18f46k80.asm
                 B3D1bits   0x000eb7       data     extern D:\3.43\pic18-lt\cxx-framework\src\traditional\proc\p18f46k80.asm
                     B3D2   0x000eb8       data     extern D:\3.43\pic18-lt\cxx-framework\src\traditional\proc\p18f46k80.asm
                 B3D2bits   0x000eb8       data     extern D:\3.43\pic18-lt\cxx-framework\src\traditional\proc\p18f46k80.asm
                     B3D3   0x000eb9       data     extern D:\3.43\pic18-lt\cxx-framework\src\traditional\proc\p18f46k80.asm
                 B3D3bits   0x000eb9       data     extern D:\3.43\pic18-lt\cxx-framework\src\traditional\proc\p18f46k80.asm
                     B3D4   0x000eba       data     extern D:\3.43\pic18-lt\cxx-framework\src\traditional\proc\p18f46k80.asm
                 B3D4bits   0x000eba       data     extern D:\3.43\pic18-lt\cxx-framework\src\traditional\proc\p18f46k80.asm
                     B3D5   0x000ebb       data     extern D:\3.43\pic18-lt\cxx-framework\src\traditional\proc\p18f46k80.asm
                 B3D5bits   0x000ebb       data     extern D:\3.43\pic18-lt\cxx-framework\src\traditional\proc\p18f46k80.asm
                     B3D6   0x000ebc       data     extern D:\3.43\pic18-lt\cxx-framework\src\traditional\proc\p18f46k80.asm
                 B3D6bits   0x000ebc       data     extern D:\3.43\pic18-lt\cxx-framework\src\traditional\proc\p18f46k80.asm
                     B3D7   0x000ebd       data     extern D:\3.43\pic18-lt\cxx-framework\src\traditional\proc\p18f46k80.asm
                 B3D7bits   0x000ebd       data     extern D:\3.43\pic18-lt\cxx-framework\src\traditional\proc\p18f46k80.asm
                    B3DLC   0x000eb5       data     extern D:\3.43\pic18-lt\cxx-framework\src\traditional\proc\p18f46k80.asm
                B3DLCbits   0x000eb5       data     extern D:\3.43\pic18-lt\cxx-framework\src\traditional\proc\p18f46k80.asm
                   B3EIDH   0x000eb3       data     extern D:\3.43\pic18-lt\cxx-framework\src\traditional\proc\p18f46k80.asm
               B3EIDHbits   0x000eb3       data     extern D:\3.43\pic18-lt\cxx-framework\src\traditional\proc\p18f46k80.asm
                   B3EIDL   0x000eb4       data     extern D:\3.43\pic18-lt\cxx-framework\src\traditional\proc\p18f46k80.asm
               B3EIDLbits   0x000eb4       data     extern D:\3.43\pic18-lt\cxx-framework\src\traditional\proc\p18f46k80.asm
                   B3SIDH   0x000eb1       data     extern D:\3.43\pic18-lt\cxx-framework\src\traditional\proc\p18f46k80.asm
               B3SIDHbits   0x000eb1       data     extern D:\3.43\pic18-lt\cxx-framework\src\traditional\proc\p18f46k80.asm
                   B3SIDL   0x000eb2       data     extern D:\3.43\pic18-lt\cxx-framework\src\traditional\proc\p18f46k80.asm
               B3SIDLbits   0x000eb2       data     extern D:\3.43\pic18-lt\cxx-framework\src\traditional\proc\p18f46k80.asm
                    B4CON   0x000ec0       data     extern D:\3.43\pic18-lt\cxx-framework\src\traditional\proc\p18f46k80.asm
                B4CONbits   0x000ec0       data     extern D:\3.43\pic18-lt\cxx-framework\src\traditional\proc\p18f46k80.asm
                     B4D0   0x000ec6       data     extern D:\3.43\pic18-lt\cxx-framework\src\traditional\proc\p18f46k80.asm
                 B4D0bits   0x000ec6       data     extern D:\3.43\pic18-lt\cxx-framework\src\traditional\proc\p18f46k80.asm
                     B4D1   0x000ec7       data     extern D:\3.43\pic18-lt\cxx-framework\src\traditional\proc\p18f46k80.asm
                 B4D1bits   0x000ec7       data     extern D:\3.43\pic18-lt\cxx-framework\src\traditional\proc\p18f46k80.asm
                     B4D2   0x000ec8       data     extern D:\3.43\pic18-lt\cxx-framework\src\traditional\proc\p18f46k80.asm
                 B4D2bits   0x000ec8       data     extern D:\3.43\pic18-lt\cxx-framework\src\traditional\proc\p18f46k80.asm
                     B4D3   0x000ec9       data     extern D:\3.43\pic18-lt\cxx-framework\src\traditional\proc\p18f46k80.asm
                 B4D3bits   0x000ec9       data     extern D:\3.43\pic18-lt\cxx-framework\src\traditional\proc\p18f46k80.asm
                     B4D4   0x000eca       data     extern D:\3.43\pic18-lt\cxx-framework\src\traditional\proc\p18f46k80.asm
                 B4D4bits   0x000eca       data     extern D:\3.43\pic18-lt\cxx-framework\src\traditional\proc\p18f46k80.asm
                     B4D5   0x000ecb       data     extern D:\3.43\pic18-lt\cxx-framework\src\traditional\proc\p18f46k80.asm
                 B4D5bits   0x000ecb       data     extern D:\3.43\pic18-lt\cxx-framework\src\traditional\proc\p18f46k80.asm
                     B4D6   0x000ecc       data     extern D:\3.43\pic18-lt\cxx-framework\src\traditional\proc\p18f46k80.asm
                 B4D6bits   0x000ecc       data     extern D:\3.43\pic18-lt\cxx-framework\src\traditional\proc\p18f46k80.asm
                     B4D7   0x000ecd       data     extern D:\3.43\pic18-lt\cxx-framework\src\traditional\proc\p18f46k80.asm
                 B4D7bits   0x000ecd       data     extern D:\3.43\pic18-lt\cxx-framework\src\traditional\proc\p18f46k80.asm
                    B4DLC   0x000ec5       data     extern D:\3.43\pic18-lt\cxx-framework\src\traditional\proc\p18f46k80.asm
                B4DLCbits   0x000ec5       data     extern D:\3.43\pic18-lt\cxx-framework\src\traditional\proc\p18f46k80.asm
                   B4EIDH   0x000ec3       data     extern D:\3.43\pic18-lt\cxx-framework\src\traditional\proc\p18f46k80.asm
               B4EIDHbits   0x000ec3       data     extern D:\3.43\pic18-lt\cxx-framework\src\traditional\proc\p18f46k80.asm
                   B4EIDL   0x000ec4       data     extern D:\3.43\pic18-lt\cxx-framework\src\traditional\proc\p18f46k80.asm
               B4EIDLbits   0x000ec4       data     extern D:\3.43\pic18-lt\cxx-framework\src\traditional\proc\p18f46k80.asm
                   B4SIDH   0x000ec1       data     extern D:\3.43\pic18-lt\cxx-framework\src\traditional\proc\p18f46k80.asm
               B4SIDHbits   0x000ec1       data     extern D:\3.43\pic18-lt\cxx-framework\src\traditional\proc\p18f46k80.asm
                   B4SIDL   0x000ec2       data     extern D:\3.43\pic18-lt\cxx-framework\src\traditional\proc\p18f46k80.asm
               B4SIDLbits   0x000ec2       data     extern D:\3.43\pic18-lt\cxx-framework\src\traditional\proc\p18f46k80.asm
                    B5CON   0x000ed0       data     extern D:\3.43\pic18-lt\cxx-framework\src\traditional\proc\p18f46k80.asm
                B5CONbits   0x000ed0       data     extern D:\3.43\pic18-lt\cxx-framework\src\traditional\proc\p18f46k80.asm
                     B5D0   0x000ed6       data     extern D:\3.43\pic18-lt\cxx-framework\src\traditional\proc\p18f46k80.asm
                 B5D0bits   0x000ed6       data     extern D:\3.43\pic18-lt\cxx-framework\src\traditional\proc\p18f46k80.asm
                     B5D1   0x000ed7       data     extern D:\3.43\pic18-lt\cxx-framework\src\traditional\proc\p18f46k80.asm
                 B5D1bits   0x000ed7       data     extern D:\3.43\pic18-lt\cxx-framework\src\traditional\proc\p18f46k80.asm
                     B5D2   0x000ed8       data     extern D:\3.43\pic18-lt\cxx-framework\src\traditional\proc\p18f46k80.asm
                 B5D2bits   0x000ed8       data     extern D:\3.43\pic18-lt\cxx-framework\src\traditional\proc\p18f46k80.asm
                     B5D3   0x000ed9       data     extern D:\3.43\pic18-lt\cxx-framework\src\traditional\proc\p18f46k80.asm
                 B5D3bits   0x000ed9       data     extern D:\3.43\pic18-lt\cxx-framework\src\traditional\proc\p18f46k80.asm
                     B5D4   0x000eda       data     extern D:\3.43\pic18-lt\cxx-framework\src\traditional\proc\p18f46k80.asm
                 B5D4bits   0x000eda       data     extern D:\3.43\pic18-lt\cxx-framework\src\traditional\proc\p18f46k80.asm
                     B5D5   0x000edb       data     extern D:\3.43\pic18-lt\cxx-framework\src\traditional\proc\p18f46k80.asm
                 B5D5bits   0x000edb       data     extern D:\3.43\pic18-lt\cxx-framework\src\traditional\proc\p18f46k80.asm
                     B5D6   0x000edc       data     extern D:\3.43\pic18-lt\cxx-framework\src\traditional\proc\p18f46k80.asm
                 B5D6bits   0x000edc       data     extern D:\3.43\pic18-lt\cxx-framework\src\traditional\proc\p18f46k80.asm
                     B5D7   0x000edd       data     extern D:\3.43\pic18-lt\cxx-framework\src\traditional\proc\p18f46k80.asm
                 B5D7bits   0x000edd       data     extern D:\3.43\pic18-lt\cxx-framework\src\traditional\proc\p18f46k80.asm
                    B5DLC   0x000ed5       data     extern D:\3.43\pic18-lt\cxx-framework\src\traditional\proc\p18f46k80.asm
                B5DLCbits   0x000ed5       data     extern D:\3.43\pic18-lt\cxx-framework\src\traditional\proc\p18f46k80.asm
                   B5EIDH   0x000ed3       data     extern D:\3.43\pic18-lt\cxx-framework\src\traditional\proc\p18f46k80.asm
               B5EIDHbits   0x000ed3       data     extern D:\3.43\pic18-lt\cxx-framework\src\traditional\proc\p18f46k80.asm
                   B5EIDL   0x000ed4       data     extern D:\3.43\pic18-lt\cxx-framework\src\traditional\proc\p18f46k80.asm
               B5EIDLbits   0x000ed4       data     extern D:\3.43\pic18-lt\cxx-framework\src\traditional\proc\p18f46k80.asm
                   B5SIDH   0x000ed1       data     extern D:\3.43\pic18-lt\cxx-framework\src\traditional\proc\p18f46k80.asm
               B5SIDHbits   0x000ed1       data     extern D:\3.43\pic18-lt\cxx-framework\src\traditional\proc\p18f46k80.asm
                   B5SIDL   0x000ed2       data     extern D:\3.43\pic18-lt\cxx-framework\src\traditional\proc\p18f46k80.asm
               B5SIDLbits   0x000ed2       data     extern D:\3.43\pic18-lt\cxx-framework\src\traditional\proc\p18f46k80.asm
                 BAUDCON1   0x000fa7       data     extern D:\3.43\pic18-lt\cxx-framework\src\traditional\proc\p18f46k80.asm
             BAUDCON1bits   0x000fa7       data     extern D:\3.43\pic18-lt\cxx-framework\src\traditional\proc\p18f46k80.asm
                 BAUDCON2   0x000fb9       data     extern D:\3.43\pic18-lt\cxx-framework\src\traditional\proc\p18f46k80.asm
             BAUDCON2bits   0x000fb9       data     extern D:\3.43\pic18-lt\cxx-framework\src\traditional\proc\p18f46k80.asm
                     BIE0   0x000e7e       data     extern D:\3.43\pic18-lt\cxx-framework\src\traditional\proc\p18f46k80.asm
                 BIE0bits   0x000e7e       data     extern D:\3.43\pic18-lt\cxx-framework\src\traditional\proc\p18f46k80.asm
                  BRGCON1   0x000e43       data     extern D:\3.43\pic18-lt\cxx-framework\src\traditional\proc\p18f46k80.asm
              BRGCON1bits   0x000e43       data     extern D:\3.43\pic18-lt\cxx-framework\src\traditional\proc\p18f46k80.asm
                  BRGCON2   0x000e44       data     extern D:\3.43\pic18-lt\cxx-framework\src\traditional\proc\p18f46k80.asm
              BRGCON2bits   0x000e44       data     extern D:\3.43\pic18-lt\cxx-framework\src\traditional\proc\p18f46k80.asm
                  BRGCON3   0x000e45       data     extern D:\3.43\pic18-lt\cxx-framework\src\traditional\proc\p18f46k80.asm
              BRGCON3bits   0x000e45       data     extern D:\3.43\pic18-lt\cxx-framework\src\traditional\proc\p18f46k80.asm
                    BSEL0   0x000e7d       data     extern D:\3.43\pic18-lt\cxx-framework\src\traditional\proc\p18f46k80.asm
                BSEL0bits   0x000e7d       data     extern D:\3.43\pic18-lt\cxx-framework\src\traditional\proc\p18f46k80.asm
                      BSR   0x000fe0       data     extern D:\3.43\pic18-lt\cxx-framework\src\traditional\proc\p18f46k80.asm
                  BSRbits   0x000fe0       data     extern D:\3.43\pic18-lt\cxx-framework\src\traditional\proc\p18f46k80.asm
                   CANCON   0x000f6f       data     extern D:\3.43\pic18-lt\cxx-framework\src\traditional\proc\p18f46k80.asm
               CANCON_RO0   0x000f3f       data     extern D:\3.43\pic18-lt\cxx-framework\src\traditional\proc\p18f46k80.asm
           CANCON_RO0bits   0x000f3f       data     extern D:\3.43\pic18-lt\cxx-framework\src\traditional\proc\p18f46k80.asm
               CANCON_RO1   0x000f2f       data     extern D:\3.43\pic18-lt\cxx-framework\src\traditional\proc\p18f46k80.asm
           CANCON_RO1bits   0x000f2f       data     extern D:\3.43\pic18-lt\cxx-framework\src\traditional\proc\p18f46k80.asm
               CANCON_RO2   0x000f1f       data     extern D:\3.43\pic18-lt\cxx-framework\src\traditional\proc\p18f46k80.asm
           CANCON_RO2bits   0x000f1f       data     extern D:\3.43\pic18-lt\cxx-framework\src\traditional\proc\p18f46k80.asm
               CANCON_RO3   0x000f0f       data     extern D:\3.43\pic18-lt\cxx-framework\src\traditional\proc\p18f46k80.asm
           CANCON_RO3bits   0x000f0f       data     extern D:\3.43\pic18-lt\cxx-framework\src\traditional\proc\p18f46k80.asm
               CANCON_RO4   0x000edf       data     extern D:\3.43\pic18-lt\cxx-framework\src\traditional\proc\p18f46k80.asm
           CANCON_RO4bits   0x000edf       data     extern D:\3.43\pic18-lt\cxx-framework\src\traditional\proc\p18f46k80.asm
               CANCON_RO5   0x000ecf       data     extern D:\3.43\pic18-lt\cxx-framework\src\traditional\proc\p18f46k80.asm
           CANCON_RO5bits   0x000ecf       data     extern D:\3.43\pic18-lt\cxx-framework\src\traditional\proc\p18f46k80.asm
               CANCON_RO6   0x000ebf       data     extern D:\3.43\pic18-lt\cxx-framework\src\traditional\proc\p18f46k80.asm
           CANCON_RO6bits   0x000ebf       data     extern D:\3.43\pic18-lt\cxx-framework\src\traditional\proc\p18f46k80.asm
               CANCON_RO7   0x000eaf       data     extern D:\3.43\pic18-lt\cxx-framework\src\traditional\proc\p18f46k80.asm
           CANCON_RO7bits   0x000eaf       data     extern D:\3.43\pic18-lt\cxx-framework\src\traditional\proc\p18f46k80.asm
               CANCON_RO8   0x000e9f       data     extern D:\3.43\pic18-lt\cxx-framework\src\traditional\proc\p18f46k80.asm
           CANCON_RO8bits   0x000e9f       data     extern D:\3.43\pic18-lt\cxx-framework\src\traditional\proc\p18f46k80.asm
               CANCON_RO9   0x000e8f       data     extern D:\3.43\pic18-lt\cxx-framework\src\traditional\proc\p18f46k80.asm
           CANCON_RO9bits   0x000e8f       data     extern D:\3.43\pic18-lt\cxx-framework\src\traditional\proc\p18f46k80.asm
               CANCONbits   0x000f6f       data     extern D:\3.43\pic18-lt\cxx-framework\src\traditional\proc\p18f46k80.asm
                  CANSTAT   0x000f6e       data     extern D:\3.43\pic18-lt\cxx-framework\src\traditional\proc\p18f46k80.asm
              CANSTAT_RO0   0x000f3e       data     extern D:\3.43\pic18-lt\cxx-framework\src\traditional\proc\p18f46k80.asm
          CANSTAT_RO0bits   0x000f3e       data     extern D:\3.43\pic18-lt\cxx-framework\src\traditional\proc\p18f46k80.asm
              CANSTAT_RO1   0x000f2e       data     extern D:\3.43\pic18-lt\cxx-framework\src\traditional\proc\p18f46k80.asm
          CANSTAT_RO1bits   0x000f2e       data     extern D:\3.43\pic18-lt\cxx-framework\src\traditional\proc\p18f46k80.asm
              CANSTAT_RO2   0x000f1e       data     extern D:\3.43\pic18-lt\cxx-framework\src\traditional\proc\p18f46k80.asm
          CANSTAT_RO2bits   0x000f1e       data     extern D:\3.43\pic18-lt\cxx-framework\src\traditional\proc\p18f46k80.asm
              CANSTAT_RO3   0x000f0e       data     extern D:\3.43\pic18-lt\cxx-framework\src\traditional\proc\p18f46k80.asm
          CANSTAT_RO3bits   0x000f0e       data     extern D:\3.43\pic18-lt\cxx-framework\src\traditional\proc\p18f46k80.asm
              CANSTAT_RO4   0x000ede       data     extern D:\3.43\pic18-lt\cxx-framework\src\traditional\proc\p18f46k80.asm
          CANSTAT_RO4bits   0x000ede       data     extern D:\3.43\pic18-lt\cxx-framework\src\traditional\proc\p18f46k80.asm
              CANSTAT_RO5   0x000ece       data     extern D:\3.43\pic18-lt\cxx-framework\src\traditional\proc\p18f46k80.asm
          CANSTAT_RO5bits   0x000ece       data     extern D:\3.43\pic18-lt\cxx-framework\src\traditional\proc\p18f46k80.asm
              CANSTAT_RO6   0x000ebe       data     extern D:\3.43\pic18-lt\cxx-framework\src\traditional\proc\p18f46k80.asm
          CANSTAT_RO6bits   0x000ebe       data     extern D:\3.43\pic18-lt\cxx-framework\src\traditional\proc\p18f46k80.asm
              CANSTAT_RO7   0x000eae       data     extern D:\3.43\pic18-lt\cxx-framework\src\traditional\proc\p18f46k80.asm
          CANSTAT_RO7bits   0x000eae       data     extern D:\3.43\pic18-lt\cxx-framework\src\traditional\proc\p18f46k80.asm
              CANSTAT_RO8   0x000e9e       data     extern D:\3.43\pic18-lt\cxx-framework\src\traditional\proc\p18f46k80.asm
          CANSTAT_RO8bits   0x000e9e       data     extern D:\3.43\pic18-lt\cxx-framework\src\traditional\proc\p18f46k80.asm
              CANSTAT_RO9   0x000e8e       data     extern D:\3.43\pic18-lt\cxx-framework\src\traditional\proc\p18f46k80.asm
          CANSTAT_RO9bits   0x000e8e       data     extern D:\3.43\pic18-lt\cxx-framework\src\traditional\proc\p18f46k80.asm
              CANSTATbits   0x000f6e       data     extern D:\3.43\pic18-lt\cxx-framework\src\traditional\proc\p18f46k80.asm
             CAN_1000kbps   0x0000e6       data     extern C:\Users\Luca Lucci\Documents\Scheda_interfaccia_CANBUS\Ricetrasmettitore MRF24j40ma\user\ricetrasmettitore.c
              CAN_125kbps   0x0000f5       data     extern C:\Users\Luca Lucci\Documents\Scheda_interfaccia_CANBUS\Ricetrasmettitore MRF24j40ma\user\ricetrasmettitore.c
              CAN_250kbps   0x0000f0       data     extern C:\Users\Luca Lucci\Documents\Scheda_interfaccia_CANBUS\Ricetrasmettitore MRF24j40ma\user\ricetrasmettitore.c
              CAN_500kbps   0x0000eb       data     extern C:\Users\Luca Lucci\Documents\Scheda_interfaccia_CANBUS\Ricetrasmettitore MRF24j40ma\user\ricetrasmettitore.c
                  CCP1CON   0x000fbb       data     extern D:\3.43\pic18-lt\cxx-framework\src\traditional\proc\p18f46k80.asm
              CCP1CONbits   0x000fbb       data     extern D:\3.43\pic18-lt\cxx-framework\src\traditional\proc\p18f46k80.asm
                  CCP2CON   0x000f50       data     extern D:\3.43\pic18-lt\cxx-framework\src\traditional\proc\p18f46k80.asm
              CCP2CONbits   0x000f50       data     extern D:\3.43\pic18-lt\cxx-framework\src\traditional\proc\p18f46k80.asm
                  CCP3CON   0x000f4d       data     extern D:\3.43\pic18-lt\cxx-framework\src\traditional\proc\p18f46k80.asm
              CCP3CONbits   0x000f4d       data     extern D:\3.43\pic18-lt\cxx-framework\src\traditional\proc\p18f46k80.asm
                  CCP4CON   0x000f4a       data     extern D:\3.43\pic18-lt\cxx-framework\src\traditional\proc\p18f46k80.asm
              CCP4CONbits   0x000f4a       data     extern D:\3.43\pic18-lt\cxx-framework\src\traditional\proc\p18f46k80.asm
                  CCP5CON   0x000f47       data     extern D:\3.43\pic18-lt\cxx-framework\src\traditional\proc\p18f46k80.asm
              CCP5CONbits   0x000f47       data     extern D:\3.43\pic18-lt\cxx-framework\src\traditional\proc\p18f46k80.asm
                    CCPR1   0x000fbc       data     extern D:\3.43\pic18-lt\cxx-framework\src\traditional\proc\p18f46k80.asm
                   CCPR1H   0x000fbd       data     extern D:\3.43\pic18-lt\cxx-framework\src\traditional\proc\p18f46k80.asm
                   CCPR1L   0x000fbc       data     extern D:\3.43\pic18-lt\cxx-framework\src\traditional\proc\p18f46k80.asm
                    CCPR2   0x000f51       data     extern D:\3.43\pic18-lt\cxx-framework\src\traditional\proc\p18f46k80.asm
                   CCPR2H   0x000f52       data     extern D:\3.43\pic18-lt\cxx-framework\src\traditional\proc\p18f46k80.asm
                   CCPR2L   0x000f51       data     extern D:\3.43\pic18-lt\cxx-framework\src\traditional\proc\p18f46k80.asm
                    CCPR3   0x000f4e       data     extern D:\3.43\pic18-lt\cxx-framework\src\traditional\proc\p18f46k80.asm
                   CCPR3H   0x000f4f       data     extern D:\3.43\pic18-lt\cxx-framework\src\traditional\proc\p18f46k80.asm
                   CCPR3L   0x000f4e       data     extern D:\3.43\pic18-lt\cxx-framework\src\traditional\proc\p18f46k80.asm
                    CCPR4   0x000f4b       data     extern D:\3.43\pic18-lt\cxx-framework\src\traditional\proc\p18f46k80.asm
                   CCPR4H   0x000f4c       data     extern D:\3.43\pic18-lt\cxx-framework\src\traditional\proc\p18f46k80.asm
                   CCPR4L   0x000f4b       data     extern D:\3.43\pic18-lt\cxx-framework\src\traditional\proc\p18f46k80.asm
                    CCPR5   0x000f48       data     extern D:\3.43\pic18-lt\cxx-framework\src\traditional\proc\p18f46k80.asm
                   CCPR5H   0x000f49       data     extern D:\3.43\pic18-lt\cxx-framework\src\traditional\proc\p18f46k80.asm
                   CCPR5L   0x000f48       data     extern D:\3.43\pic18-lt\cxx-framework\src\traditional\proc\p18f46k80.asm
                  CCPTMRS   0x000f99       data     extern D:\3.43\pic18-lt\cxx-framework\src\traditional\proc\p18f46k80.asm
              CCPTMRSbits   0x000f99       data     extern D:\3.43\pic18-lt\cxx-framework\src\traditional\proc\p18f46k80.asm
                   CIOCON   0x000f70       data     extern D:\3.43\pic18-lt\cxx-framework\src\traditional\proc\p18f46k80.asm
               CIOCONbits   0x000f70       data     extern D:\3.43\pic18-lt\cxx-framework\src\traditional\proc\p18f46k80.asm
                   CM1CON   0x000f5f       data     extern D:\3.43\pic18-lt\cxx-framework\src\traditional\proc\p18f46k80.asm
                  CM1CON1   0x000f5f       data     extern D:\3.43\pic18-lt\cxx-framework\src\traditional\proc\p18f46k80.asm
              CM1CON1bits   0x000f5f       data     extern D:\3.43\pic18-lt\cxx-framework\src\traditional\proc\p18f46k80.asm
               CM1CONbits   0x000f5f       data     extern D:\3.43\pic18-lt\cxx-framework\src\traditional\proc\p18f46k80.asm
                   CM2CON   0x000f5e       data     extern D:\3.43\pic18-lt\cxx-framework\src\traditional\proc\p18f46k80.asm
                  CM2CON1   0x000f5e       data     extern D:\3.43\pic18-lt\cxx-framework\src\traditional\proc\p18f46k80.asm
              CM2CON1bits   0x000f5e       data     extern D:\3.43\pic18-lt\cxx-framework\src\traditional\proc\p18f46k80.asm
               CM2CONbits   0x000f5e       data     extern D:\3.43\pic18-lt\cxx-framework\src\traditional\proc\p18f46k80.asm
                   CMSTAT   0x000fb4       data     extern D:\3.43\pic18-lt\cxx-framework\src\traditional\proc\p18f46k80.asm
                 CMSTATUS   0x000fb4       data     extern D:\3.43\pic18-lt\cxx-framework\src\traditional\proc\p18f46k80.asm
             CMSTATUSbits   0x000fb4       data     extern D:\3.43\pic18-lt\cxx-framework\src\traditional\proc\p18f46k80.asm
               CMSTATbits   0x000fb4       data     extern D:\3.43\pic18-lt\cxx-framework\src\traditional\proc\p18f46k80.asm
                  COMSTAT   0x000f71       data     extern D:\3.43\pic18-lt\cxx-framework\src\traditional\proc\p18f46k80.asm
              COMSTATbits   0x000f71       data     extern D:\3.43\pic18-lt\cxx-framework\src\traditional\proc\p18f46k80.asm
                 CTMUCONH   0x000f55       data     extern D:\3.43\pic18-lt\cxx-framework\src\traditional\proc\p18f46k80.asm
             CTMUCONHbits   0x000f55       data     extern D:\3.43\pic18-lt\cxx-framework\src\traditional\proc\p18f46k80.asm
                 CTMUCONL   0x000f54       data     extern D:\3.43\pic18-lt\cxx-framework\src\traditional\proc\p18f46k80.asm
             CTMUCONLbits   0x000f54       data     extern D:\3.43\pic18-lt\cxx-framework\src\traditional\proc\p18f46k80.asm
                 CTMUICON   0x000f53       data     extern D:\3.43\pic18-lt\cxx-framework\src\traditional\proc\p18f46k80.asm
             CTMUICONbits   0x000f53       data     extern D:\3.43\pic18-lt\cxx-framework\src\traditional\proc\p18f46k80.asm
                   CVRCON   0x000fb5       data     extern D:\3.43\pic18-lt\cxx-framework\src\traditional\proc\p18f46k80.asm
               CVRCONbits   0x000fb5       data     extern D:\3.43\pic18-lt\cxx-framework\src\traditional\proc\p18f46k80.asm
            DelayCounter1   0x00001c       data     extern D:\3.43\pic18-lt\cxx-framework\src\traditional\delays\delayd1.asm
                  ECANCON   0x000f72       data     extern D:\3.43\pic18-lt\cxx-framework\src\traditional\proc\p18f46k80.asm
              ECANCONbits   0x000f72       data     extern D:\3.43\pic18-lt\cxx-framework\src\traditional\proc\p18f46k80.asm
                  ECCP1AS   0x000fbf       data     extern D:\3.43\pic18-lt\cxx-framework\src\traditional\proc\p18f46k80.asm
              ECCP1ASbits   0x000fbf       data     extern D:\3.43\pic18-lt\cxx-framework\src\traditional\proc\p18f46k80.asm
                 ECCP1CON   0x000fbb       data     extern D:\3.43\pic18-lt\cxx-framework\src\traditional\proc\p18f46k80.asm
             ECCP1CONbits   0x000fbb       data     extern D:\3.43\pic18-lt\cxx-framework\src\traditional\proc\p18f46k80.asm
                 ECCP1DEL   0x000fbe       data     extern D:\3.43\pic18-lt\cxx-framework\src\traditional\proc\p18f46k80.asm
             ECCP1DELbits   0x000fbe       data     extern D:\3.43\pic18-lt\cxx-framework\src\traditional\proc\p18f46k80.asm
                 ECCP2CON   0x000f50       data     extern D:\3.43\pic18-lt\cxx-framework\src\traditional\proc\p18f46k80.asm
             ECCP2CONbits   0x000f50       data     extern D:\3.43\pic18-lt\cxx-framework\src\traditional\proc\p18f46k80.asm
                    EEADR   0x000f74       data     extern D:\3.43\pic18-lt\cxx-framework\src\traditional\proc\p18f46k80.asm
                   EEADRH   0x000f75       data     extern D:\3.43\pic18-lt\cxx-framework\src\traditional\proc\p18f46k80.asm
                   EECON1   0x000f7f       data     extern D:\3.43\pic18-lt\cxx-framework\src\traditional\proc\p18f46k80.asm
               EECON1bits   0x000f7f       data     extern D:\3.43\pic18-lt\cxx-framework\src\traditional\proc\p18f46k80.asm
                   EECON2   0x000f7e       data     extern D:\3.43\pic18-lt\cxx-framework\src\traditional\proc\p18f46k80.asm
                   EEDATA   0x000f73       data     extern D:\3.43\pic18-lt\cxx-framework\src\traditional\proc\p18f46k80.asm
                     FSR0   0x000fe9       data     extern D:\3.43\pic18-lt\cxx-framework\src\traditional\proc\p18f46k80.asm
                    FSR0H   0x000fea       data     extern D:\3.43\pic18-lt\cxx-framework\src\traditional\proc\p18f46k80.asm
                FSR0Hbits   0x000fea       data     extern D:\3.43\pic18-lt\cxx-framework\src\traditional\proc\p18f46k80.asm
                    FSR0L   0x000fe9       data     extern D:\3.43\pic18-lt\cxx-framework\src\traditional\proc\p18f46k80.asm
                     FSR1   0x000fe1       data     extern D:\3.43\pic18-lt\cxx-framework\src\traditional\proc\p18f46k80.asm
                    FSR1H   0x000fe2       data     extern D:\3.43\pic18-lt\cxx-framework\src\traditional\proc\p18f46k80.asm
                FSR1Hbits   0x000fe2       data     extern D:\3.43\pic18-lt\cxx-framework\src\traditional\proc\p18f46k80.asm
                    FSR1L   0x000fe1       data     extern D:\3.43\pic18-lt\cxx-framework\src\traditional\proc\p18f46k80.asm
                     FSR2   0x000fd9       data     extern D:\3.43\pic18-lt\cxx-framework\src\traditional\proc\p18f46k80.asm
                    FSR2H   0x000fda       data     extern D:\3.43\pic18-lt\cxx-framework\src\traditional\proc\p18f46k80.asm
                FSR2Hbits   0x000fda       data     extern D:\3.43\pic18-lt\cxx-framework\src\traditional\proc\p18f46k80.asm
                    FSR2L   0x000fd9       data     extern D:\3.43\pic18-lt\cxx-framework\src\traditional\proc\p18f46k80.asm
                  HLVDCON   0x000fa8       data     extern D:\3.43\pic18-lt\cxx-framework\src\traditional\proc\p18f46k80.asm
              HLVDCONbits   0x000fa8       data     extern D:\3.43\pic18-lt\cxx-framework\src\traditional\proc\p18f46k80.asm
                    INDF0   0x000fef       data     extern D:\3.43\pic18-lt\cxx-framework\src\traditional\proc\p18f46k80.asm
                    INDF1   0x000fe7       data     extern D:\3.43\pic18-lt\cxx-framework\src\traditional\proc\p18f46k80.asm
                    INDF2   0x000fdf       data     extern D:\3.43\pic18-lt\cxx-framework\src\traditional\proc\p18f46k80.asm
                   INTCON   0x000ff2       data     extern D:\3.43\pic18-lt\cxx-framework\src\traditional\proc\p18f46k80.asm
                  INTCON1   0x000ff2       data     extern D:\3.43\pic18-lt\cxx-framework\src\traditional\proc\p18f46k80.asm
              INTCON1bits   0x000ff2       data     extern D:\3.43\pic18-lt\cxx-framework\src\traditional\proc\p18f46k80.asm
                  INTCON2   0x000ff1       data     extern D:\3.43\pic18-lt\cxx-framework\src\traditional\proc\p18f46k80.asm
              INTCON2bits   0x000ff1       data     extern D:\3.43\pic18-lt\cxx-framework\src\traditional\proc\p18f46k80.asm
                  INTCON3   0x000ff0       data     extern D:\3.43\pic18-lt\cxx-framework\src\traditional\proc\p18f46k80.asm
              INTCON3bits   0x000ff0       data     extern D:\3.43\pic18-lt\cxx-framework\src\traditional\proc\p18f46k80.asm
               INTCONbits   0x000ff2       data     extern D:\3.43\pic18-lt\cxx-framework\src\traditional\proc\p18f46k80.asm
                     IOCB   0x000f5a       data     extern D:\3.43\pic18-lt\cxx-framework\src\traditional\proc\p18f46k80.asm
                 IOCBbits   0x000f5a       data     extern D:\3.43\pic18-lt\cxx-framework\src\traditional\proc\p18f46k80.asm
                     IPR1   0x000f9f       data     extern D:\3.43\pic18-lt\cxx-framework\src\traditional\proc\p18f46k80.asm
                 IPR1bits   0x000f9f       data     extern D:\3.43\pic18-lt\cxx-framework\src\traditional\proc\p18f46k80.asm
                     IPR2   0x000fa2       data     extern D:\3.43\pic18-lt\cxx-framework\src\traditional\proc\p18f46k80.asm
                 IPR2bits   0x000fa2       data     extern D:\3.43\pic18-lt\cxx-framework\src\traditional\proc\p18f46k80.asm
                     IPR3   0x000fa5       data     extern D:\3.43\pic18-lt\cxx-framework\src\traditional\proc\p18f46k80.asm
                 IPR3bits   0x000fa5       data     extern D:\3.43\pic18-lt\cxx-framework\src\traditional\proc\p18f46k80.asm
                     IPR4   0x000fb8       data     extern D:\3.43\pic18-lt\cxx-framework\src\traditional\proc\p18f46k80.asm
                 IPR4bits   0x000fb8       data     extern D:\3.43\pic18-lt\cxx-framework\src\traditional\proc\p18f46k80.asm
                     IPR5   0x000f78       data     extern D:\3.43\pic18-lt\cxx-framework\src\traditional\proc\p18f46k80.asm
                 IPR5bits   0x000f78       data     extern D:\3.43\pic18-lt\cxx-framework\src\traditional\proc\p18f46k80.asm
                     LATA   0x000f89       data     extern D:\3.43\pic18-lt\cxx-framework\src\traditional\proc\p18f46k80.asm
                 LATAbits   0x000f89       data     extern D:\3.43\pic18-lt\cxx-framework\src\traditional\proc\p18f46k80.asm
[...]
                     IPR3   0x000fa5       data     extern D:\3.43\pic18-lt\cxx-framework\src\traditional\proc\p18f46k80.asm
                 IPR3bits   0x000fa5       data     extern D:\3.43\pic18-lt\cxx-framework\src\traditional\proc\p18f46k80.asm
               RCSTA2bits   0x000fa6       data     extern D:\3.43\pic18-lt\cxx-framework\src\traditional\proc\p18f46k80.asm
                   RCSTA2   0x000fa6       data     extern D:\3.43\pic18-lt\cxx-framework\src\traditional\proc\p18f46k80.asm
             BAUDCON1bits   0x000fa7       data     extern D:\3.43\pic18-lt\cxx-framework\src\traditional\proc\p18f46k80.asm
                 BAUDCON1   0x000fa7       data     extern D:\3.43\pic18-lt\cxx-framework\src\traditional\proc\p18f46k80.asm
              HLVDCONbits   0x000fa8       data     extern D:\3.43\pic18-lt\cxx-framework\src\traditional\proc\p18f46k80.asm
                  HLVDCON   0x000fa8       data     extern D:\3.43\pic18-lt\cxx-framework\src\traditional\proc\p18f46k80.asm
                      PR4   0x000fa9       data     extern D:\3.43\pic18-lt\cxx-framework\src\traditional\proc\p18f46k80.asm
                   T1GCON   0x000faa       data     extern D:\3.43\pic18-lt\cxx-framework\src\traditional\proc\p18f46k80.asm
               T1GCONbits   0x000faa       data     extern D:\3.43\pic18-lt\cxx-framework\src\traditional\proc\p18f46k80.asm
                RCSTAbits   0x000fab       data     extern D:\3.43\pic18-lt\cxx-framework\src\traditional\proc\p18f46k80.asm
                    RCSTA   0x000fab       data     extern D:\3.43\pic18-lt\cxx-framework\src\traditional\proc\p18f46k80.asm
                   RCSTA1   0x000fab       data     extern D:\3.43\pic18-lt\cxx-framework\src\traditional\proc\p18f46k80.asm
               RCSTA1bits   0x000fab       data     extern D:\3.43\pic18-lt\cxx-framework\src\traditional\proc\p18f46k80.asm
                TXSTAbits   0x000fac       data     extern D:\3.43\pic18-lt\cxx-framework\src\traditional\proc\p18f46k80.asm
               TXSTA1bits   0x000fac       data     extern D:\3.43\pic18-lt\cxx-framework\src\traditional\proc\p18f46k80.asm
                   TXSTA1   0x000fac       data     extern D:\3.43\pic18-lt\cxx-framework\src\traditional\proc\p18f46k80.asm
                    TXSTA   0x000fac       data     extern D:\3.43\pic18-lt\cxx-framework\src\traditional\proc\p18f46k80.asm
                   TXREG1   0x000fad       data     extern D:\3.43\pic18-lt\cxx-framework\src\traditional\proc\p18f46k80.asm
                    TXREG   0x000fad       data     extern D:\3.43\pic18-lt\cxx-framework\src\traditional\proc\p18f46k80.asm
                    RCREG   0x000fae       data     extern D:\3.43\pic18-lt\cxx-framework\src\traditional\proc\p18f46k80.asm
                   RCREG1   0x000fae       data     extern D:\3.43\pic18-lt\cxx-framework\src\traditional\proc\p18f46k80.asm
                    SPBRG   0x000faf       data     extern D:\3.43\pic18-lt\cxx-framework\src\traditional\proc\p18f46k80.asm
                   SPBRG1   0x000faf       data     extern D:\3.43\pic18-lt\cxx-framework\src\traditional\proc\p18f46k80.asm
                   T3GCON   0x000fb0       data     extern D:\3.43\pic18-lt\cxx-framework\src\traditional\proc\p18f46k80.asm
               T3GCONbits   0x000fb0       data     extern D:\3.43\pic18-lt\cxx-framework\src\traditional\proc\p18f46k80.asm
                    T3CON   0x000fb1       data     extern D:\3.43\pic18-lt\cxx-framework\src\traditional\proc\p18f46k80.asm
                T3CONbits   0x000fb1       data     extern D:\3.43\pic18-lt\cxx-framework\src\traditional\proc\p18f46k80.asm
                    TMR3L   0x000fb2       data     extern D:\3.43\pic18-lt\cxx-framework\src\traditional\proc\p18f46k80.asm
                    TMR3H   0x000fb3       data     extern D:\3.43\pic18-lt\cxx-framework\src\traditional\proc\p18f46k80.asm
               CMSTATbits   0x000fb4       data     extern D:\3.43\pic18-lt\cxx-framework\src\traditional\proc\p18f46k80.asm
             CMSTATUSbits   0x000fb4       data     extern D:\3.43\pic18-lt\cxx-framework\src\traditional\proc\p18f46k80.asm
                 CMSTATUS   0x000fb4       data     extern D:\3.43\pic18-lt\cxx-framework\src\traditional\proc\p18f46k80.asm
                   CMSTAT   0x000fb4       data     extern D:\3.43\pic18-lt\cxx-framework\src\traditional\proc\p18f46k80.asm
                   CVRCON   0x000fb5       data     extern D:\3.43\pic18-lt\cxx-framework\src\traditional\proc\p18f46k80.asm
               CVRCONbits   0x000fb5       data     extern D:\3.43\pic18-lt\cxx-framework\src\traditional\proc\p18f46k80.asm
                 PIE4bits   0x000fb6       data     extern D:\3.43\pic18-lt\cxx-framework\src\traditional\proc\p18f46k80.asm
                     PIE4   0x000fb6       data     extern D:\3.43\pic18-lt\cxx-framework\src\traditional\proc\p18f46k80.asm
                     PIR4   0x000fb7       data     extern D:\3.43\pic18-lt\cxx-framework\src\traditional\proc\p18f46k80.asm
                 PIR4bits   0x000fb7       data     extern D:\3.43\pic18-lt\cxx-framework\src\traditional\proc\p18f46k80.asm
                 IPR4bits   0x000fb8       data     extern D:\3.43\pic18-lt\cxx-framework\src\traditional\proc\p18f46k80.asm
                     IPR4   0x000fb8       data     extern D:\3.43\pic18-lt\cxx-framework\src\traditional\proc\p18f46k80.asm
             BAUDCON2bits   0x000fb9       data     extern D:\3.43\pic18-lt\cxx-framework\src\traditional\proc\p18f46k80.asm
                 BAUDCON2   0x000fb9       data     extern D:\3.43\pic18-lt\cxx-framework\src\traditional\proc\p18f46k80.asm
                   TXSTA2   0x000fba       data     extern D:\3.43\pic18-lt\cxx-framework\src\traditional\proc\p18f46k80.asm
               TXSTA2bits   0x000fba       data     extern D:\3.43\pic18-lt\cxx-framework\src\traditional\proc\p18f46k80.asm
                  CCP1CON   0x000fbb       data     extern D:\3.43\pic18-lt\cxx-framework\src\traditional\proc\p18f46k80.asm
              CCP1CONbits   0x000fbb       data     extern D:\3.43\pic18-lt\cxx-framework\src\traditional\proc\p18f46k80.asm
                 ECCP1CON   0x000fbb       data     extern D:\3.43\pic18-lt\cxx-framework\src\traditional\proc\p18f46k80.asm
             ECCP1CONbits   0x000fbb       data     extern D:\3.43\pic18-lt\cxx-framework\src\traditional\proc\p18f46k80.asm
                   CCPR1L   0x000fbc       data     extern D:\3.43\pic18-lt\cxx-framework\src\traditional\proc\p18f46k80.asm
                    CCPR1   0x000fbc       data     extern D:\3.43\pic18-lt\cxx-framework\src\traditional\proc\p18f46k80.asm
                   CCPR1H   0x000fbd       data     extern D:\3.43\pic18-lt\cxx-framework\src\traditional\proc\p18f46k80.asm
                  PWM1CON   0x000fbe       data     extern D:\3.43\pic18-lt\cxx-framework\src\traditional\proc\p18f46k80.asm
              PWM1CONbits   0x000fbe       data     extern D:\3.43\pic18-lt\cxx-framework\src\traditional\proc\p18f46k80.asm
                 ECCP1DEL   0x000fbe       data     extern D:\3.43\pic18-lt\cxx-framework\src\traditional\proc\p18f46k80.asm
             ECCP1DELbits   0x000fbe       data     extern D:\3.43\pic18-lt\cxx-framework\src\traditional\proc\p18f46k80.asm
                  ECCP1AS   0x000fbf       data     extern D:\3.43\pic18-lt\cxx-framework\src\traditional\proc\p18f46k80.asm
              ECCP1ASbits   0x000fbf       data     extern D:\3.43\pic18-lt\cxx-framework\src\traditional\proc\p18f46k80.asm
               ADCON2bits   0x000fc0       data     extern D:\3.43\pic18-lt\cxx-framework\src\traditional\proc\p18f46k80.asm
                   ADCON2   0x000fc0       data     extern D:\3.43\pic18-lt\cxx-framework\src\traditional\proc\p18f46k80.asm
               ADCON1bits   0x000fc1       data     extern D:\3.43\pic18-lt\cxx-framework\src\traditional\proc\p18f46k80.asm
                   ADCON1   0x000fc1       data     extern D:\3.43\pic18-lt\cxx-framework\src\traditional\proc\p18f46k80.asm
                   ADCON0   0x000fc2       data     extern D:\3.43\pic18-lt\cxx-framework\src\traditional\proc\p18f46k80.asm
               ADCON0bits   0x000fc2       data     extern D:\3.43\pic18-lt\cxx-framework\src\traditional\proc\p18f46k80.asm
                    ADRES   0x000fc3       data     extern D:\3.43\pic18-lt\cxx-framework\src\traditional\proc\p18f46k80.asm
                   ADRESL   0x000fc3       data     extern D:\3.43\pic18-lt\cxx-framework\src\traditional\proc\p18f46k80.asm
                   ADRESH   0x000fc4       data     extern D:\3.43\pic18-lt\cxx-framework\src\traditional\proc\p18f46k80.asm
                  SSPCON2   0x000fc5       data     extern D:\3.43\pic18-lt\cxx-framework\src\traditional\proc\p18f46k80.asm
              SSPCON2bits   0x000fc5       data     extern D:\3.43\pic18-lt\cxx-framework\src\traditional\proc\p18f46k80.asm
                  SSPCON1   0x000fc6       data     extern D:\3.43\pic18-lt\cxx-framework\src\traditional\proc\p18f46k80.asm
              SSPCON1bits   0x000fc6       data     extern D:\3.43\pic18-lt\cxx-framework\src\traditional\proc\p18f46k80.asm
                  SSPSTAT   0x000fc7       data     extern D:\3.43\pic18-lt\cxx-framework\src\traditional\proc\p18f46k80.asm
              SSPSTATbits   0x000fc7       data     extern D:\3.43\pic18-lt\cxx-framework\src\traditional\proc\p18f46k80.asm
               SSPADDbits   0x000fc8       data     extern D:\3.43\pic18-lt\cxx-framework\src\traditional\proc\p18f46k80.asm
                   SSPADD   0x000fc8       data     extern D:\3.43\pic18-lt\cxx-framework\src\traditional\proc\p18f46k80.asm
                   SSPBUF   0x000fc9       data     extern D:\3.43\pic18-lt\cxx-framework\src\traditional\proc\p18f46k80.asm
                T2CONbits   0x000fca       data     extern D:\3.43\pic18-lt\cxx-framework\src\traditional\proc\p18f46k80.asm
                    T2CON   0x000fca       data     extern D:\3.43\pic18-lt\cxx-framework\src\traditional\proc\p18f46k80.asm
                      PR2   0x000fcb       data     extern D:\3.43\pic18-lt\cxx-framework\src\traditional\proc\p18f46k80.asm
                     TMR2   0x000fcc       data     extern D:\3.43\pic18-lt\cxx-framework\src\traditional\proc\p18f46k80.asm
                    T1CON   0x000fcd       data     extern D:\3.43\pic18-lt\cxx-framework\src\traditional\proc\p18f46k80.asm
                T1CONbits   0x000fcd       data     extern D:\3.43\pic18-lt\cxx-framework\src\traditional\proc\p18f46k80.asm
                    TMR1L   0x000fce       data     extern D:\3.43\pic18-lt\cxx-framework\src\traditional\proc\p18f46k80.asm
                    TMR1H   0x000fcf       data     extern D:\3.43\pic18-lt\cxx-framework\src\traditional\proc\p18f46k80.asm
                 RCONbits   0x000fd0       data     extern D:\3.43\pic18-lt\cxx-framework\src\traditional\proc\p18f46k80.asm
                     RCON   0x000fd0       data     extern D:\3.43\pic18-lt\cxx-framework\src\traditional\proc\p18f46k80.asm
                   WDTCON   0x000fd1       data     extern D:\3.43\pic18-lt\cxx-framework\src\traditional\proc\p18f46k80.asm
               WDTCONbits   0x000fd1       data     extern D:\3.43\pic18-lt\cxx-framework\src\traditional\proc\p18f46k80.asm
              OSCCON2bits   0x000fd2       data     extern D:\3.43\pic18-lt\cxx-framework\src\traditional\proc\p18f46k80.asm
                  OSCCON2   0x000fd2       data     extern D:\3.43\pic18-lt\cxx-framework\src\traditional\proc\p18f46k80.asm
               OSCCONbits   0x000fd3       data     extern D:\3.43\pic18-lt\cxx-framework\src\traditional\proc\p18f46k80.asm
                   OSCCON   0x000fd3       data     extern D:\3.43\pic18-lt\cxx-framework\src\traditional\proc\p18f46k80.asm
                T0CONbits   0x000fd5       data     extern D:\3.43\pic18-lt\cxx-framework\src\traditional\proc\p18f46k80.asm
                    T0CON   0x000fd5       data     extern D:\3.43\pic18-lt\cxx-framework\src\traditional\proc\p18f46k80.asm
                    TMR0L   0x000fd6       data     extern D:\3.43\pic18-lt\cxx-framework\src\traditional\proc\p18f46k80.asm
                    TMR0H   0x000fd7       data     extern D:\3.43\pic18-lt\cxx-framework\src\traditional\proc\p18f46k80.asm
               STATUSbits   0x000fd8       data     extern D:\3.43\pic18-lt\cxx-framework\src\traditional\proc\p18f46k80.asm
                   STATUS   0x000fd8       data     extern D:\3.43\pic18-lt\cxx-framework\src\traditional\proc\p18f46k80.asm
                    FSR2L   0x000fd9       data     extern D:\3.43\pic18-lt\cxx-framework\src\traditional\proc\p18f46k80.asm
                     FSR2   0x000fd9       data     extern D:\3.43\pic18-lt\cxx-framework\src\traditional\proc\p18f46k80.asm
                FSR2Hbits   0x000fda       data     extern D:\3.43\pic18-lt\cxx-framework\src\traditional\proc\p18f46k80.asm
                    FSR2H   0x000fda       data     extern D:\3.43\pic18-lt\cxx-framework\src\traditional\proc\p18f46k80.asm
                   PLUSW2   0x000fdb       data     extern D:\3.43\pic18-lt\cxx-framework\src\traditional\proc\p18f46k80.asm
                  PREINC2   0x000fdc       data     extern D:\3.43\pic18-lt\cxx-framework\src\traditional\proc\p18f46k80.asm
                 POSTDEC2   0x000fdd       data     extern D:\3.43\pic18-lt\cxx-framework\src\traditional\proc\p18f46k80.asm
                 POSTINC2   0x000fde       data     extern D:\3.43\pic18-lt\cxx-framework\src\traditional\proc\p18f46k80.asm
                    INDF2   0x000fdf       data     extern D:\3.43\pic18-lt\cxx-framework\src\traditional\proc\p18f46k80.asm
                  BSRbits   0x000fe0       data     extern D:\3.43\pic18-lt\cxx-framework\src\traditional\proc\p18f46k80.asm
                      BSR   0x000fe0       data     extern D:\3.43\pic18-lt\cxx-framework\src\traditional\proc\p18f46k80.asm
                     FSR1   0x000fe1       data     extern D:\3.43\pic18-lt\cxx-framework\src\traditional\proc\p18f46k80.asm
                    FSR1L   0x000fe1       data     extern D:\3.43\pic18-lt\cxx-framework\src\traditional\proc\p18f46k80.asm
                FSR1Hbits   0x000fe2       data     extern D:\3.43\pic18-lt\cxx-framework\src\traditional\proc\p18f46k80.asm
                    FSR1H   0x000fe2       data     extern D:\3.43\pic18-lt\cxx-framework\src\traditional\proc\p18f46k80.asm
                   PLUSW1   0x000fe3       data     extern D:\3.43\pic18-lt\cxx-framework\src\traditional\proc\p18f46k80.asm
                  PREINC1   0x000fe4       data     extern D:\3.43\pic18-lt\cxx-framework\src\traditional\proc\p18f46k80.asm
                 POSTDEC1   0x000fe5       data     extern D:\3.43\pic18-lt\cxx-framework\src\traditional\proc\p18f46k80.asm
                 POSTINC1   0x000fe6       data     extern D:\3.43\pic18-lt\cxx-framework\src\traditional\proc\p18f46k80.asm
                    INDF1   0x000fe7       data     extern D:\3.43\pic18-lt\cxx-framework\src\traditional\proc\p18f46k80.asm
                     WREG   0x000fe8       data     extern D:\3.43\pic18-lt\cxx-framework\src\traditional\proc\p18f46k80.asm
                     FSR0   0x000fe9       data     extern D:\3.43\pic18-lt\cxx-framework\src\traditional\proc\p18f46k80.asm
                    FSR0L   0x000fe9       data     extern D:\3.43\pic18-lt\cxx-framework\src\traditional\proc\p18f46k80.asm
                    FSR0H   0x000fea       data     extern D:\3.43\pic18-lt\cxx-framework\src\traditional\proc\p18f46k80.asm
                FSR0Hbits   0x000fea       data     extern D:\3.43\pic18-lt\cxx-framework\src\traditional\proc\p18f46k80.asm
                   PLUSW0   0x000feb       data     extern D:\3.43\pic18-lt\cxx-framework\src\traditional\proc\p18f46k80.asm
                  PREINC0   0x000fec       data     extern D:\3.43\pic18-lt\cxx-framework\src\traditional\proc\p18f46k80.asm
                 POSTDEC0   0x000fed       data     extern D:\3.43\pic18-lt\cxx-framework\src\traditional\proc\p18f46k80.asm
                 POSTINC0   0x000fee       data     extern D:\3.43\pic18-lt\cxx-framework\src\traditional\proc\p18f46k80.asm
                    INDF0   0x000fef       data     extern D:\3.43\pic18-lt\cxx-framework\src\traditional\proc\p18f46k80.asm
              INTCON3bits   0x000ff0       data     extern D:\3.43\pic18-lt\cxx-framework\src\traditional\proc\p18f46k80.asm
                  INTCON3   0x000ff0       data     extern D:\3.43\pic18-lt\cxx-framework\src\traditional\proc\p18f46k80.asm
              INTCON2bits   0x000ff1       data     extern D:\3.43\pic18-lt\cxx-framework\src\traditional\proc\p18f46k80.asm
                  INTCON2   0x000ff1       data     extern D:\3.43\pic18-lt\cxx-framework\src\traditional\proc\p18f46k80.asm
                   INTCON   0x000ff2       data     extern D:\3.43\pic18-lt\cxx-framework\src\traditional\proc\p18f46k80.asm
                  INTCON1   0x000ff2       data     extern D:\3.43\pic18-lt\cxx-framework\src\traditional\proc\p18f46k80.asm
              INTCON1bits   0x000ff2       data     extern D:\3.43\pic18-lt\cxx-framework\src\traditional\proc\p18f46k80.asm
               INTCONbits   0x000ff2       data     extern D:\3.43\pic18-lt\cxx-framework\src\traditional\proc\p18f46k80.asm
                    PRODL   0x000ff3       data     extern D:\3.43\pic18-lt\cxx-framework\src\traditional\proc\p18f46k80.asm
                     PROD   0x000ff3       data     extern D:\3.43\pic18-lt\cxx-framework\src\traditional\proc\p18f46k80.asm
                    PRODH   0x000ff4       data     extern D:\3.43\pic18-lt\cxx-framework\src\traditional\proc\p18f46k80.asm
                   TABLAT   0x000ff5       data     extern D:\3.43\pic18-lt\cxx-framework\src\traditional\proc\p18f46k80.asm
                  TBLPTRL   0x000ff6       data     extern D:\3.43\pic18-lt\cxx-framework\src\traditional\proc\p18f46k80.asm
                   TBLPTR   0x000ff6       data     extern D:\3.43\pic18-lt\cxx-framework\src\traditional\proc\p18f46k80.asm
                  TBLPTRH   0x000ff7       data     extern D:\3.43\pic18-lt\cxx-framework\src\traditional\proc\p18f46k80.asm
                  TBLPTRU   0x000ff8       data     extern D:\3.43\pic18-lt\cxx-framework\src\traditional\proc\p18f46k80.asm
              TBLPTRUbits   0x000ff8       data     extern D:\3.43\pic18-lt\cxx-framework\src\traditional\proc\p18f46k80.asm
                       PC   0x000ff9       data     extern D:\3.43\pic18-lt\cxx-framework\src\traditional\proc\p18f46k80.asm
                      PCL   0x000ff9       data     extern D:\3.43\pic18-lt\cxx-framework\src\traditional\proc\p18f46k80.asm
                   PCLATH   0x000ffa       data     extern D:\3.43\pic18-lt\cxx-framework\src\traditional\proc\p18f46k80.asm
                   PCLATU   0x000ffb       data     extern D:\3.43\pic18-lt\cxx-framework\src\traditional\proc\p18f46k80.asm
               PCLATUbits   0x000ffb       data     extern D:\3.43\pic18-lt\cxx-framework\src\traditional\proc\p18f46k80.asm
               STKPTRbits   0x000ffc       data     extern D:\3.43\pic18-lt\cxx-framework\src\traditional\proc\p18f46k80.asm
                   STKPTR   0x000ffc       data     extern D:\3.43\pic18-lt\cxx-framework\src\traditional\proc\p18f46k80.asm
                     TOSL   0x000ffd       data     extern D:\3.43\pic18-lt\cxx-framework\src\traditional\proc\p18f46k80.asm
                      TOS   0x000ffd       data     extern D:\3.43\pic18-lt\cxx-framework\src\traditional\proc\p18f46k80.asm
                     TOSH   0x000ffe       data     extern D:\3.43\pic18-lt\cxx-framework\src\traditional\proc\p18f46k80.asm
                     TOSU   0x000fff       data     extern D:\3.43\pic18-lt\cxx-framework\src\traditional\proc\p18f46k80.asm
                 TOSUbits   0x000fff       data     extern D:\3.43\pic18-lt\cxx-framework\src\traditional\proc\p18f46k80.asm


