MPLINK 4.44, Linker
Linker Map File - Created Mon Jan 21 10:10:55 2013

                                 Section Info
                  Section       Type    Address   Location Size(Bytes)
                ---------  ---------  ---------  ---------  ---------
               _entry_scn       code   0x000000    program   0x000006
           .code___init.o       code   0x000006    program   0x000002
              high_vector       code   0x000008    program   0x000006
        .idata_u2read.o_i    romdata   0x00000e    program   0x000000
        .romdata_u1read.o    romdata   0x00000e    program   0x000000
        .idata_u1read.o_i    romdata   0x00000e    program   0x000000
        .romdata_u2open.o    romdata   0x00000e    program   0x000000
        .idata_u2open.o_i    romdata   0x00000e    program   0x000000
        .romdata_u1open.o    romdata   0x00000e    program   0x000000
        .idata_u1open.o_i    romdata   0x00000e    program   0x000000
       .romdata_fxm3232.o    romdata   0x00000e    program   0x000000
       .idata_fxm3232.o_i    romdata   0x00000e    program   0x000000
      .romdata_fxd3232u.o    romdata   0x00000e    program   0x000000
      .idata_fxd3232u.o_i    romdata   0x00000e    program   0x000000
      .romdata_fxd1616u.o    romdata   0x00000e    program   0x000000
      .idata_fxd1616u.o_i    romdata   0x00000e    program   0x000000
.idata_intermediary\cbrn.o_i    romdata   0x00000e    program   0x000000
.idata_intermediary\can.o_i    romdata   0x00000e    program   0x000000
        .romdata_u2baud.o    romdata   0x00000e    program   0x000000
        .idata_u2baud.o_i    romdata   0x00000e    program   0x000000
        .romdata_u1baud.o    romdata   0x00000e    program   0x000000
        .idata_u1baud.o_i    romdata   0x00000e    program   0x000000
        .romdata___init.o    romdata   0x00000e    program   0x000000
        .idata___init.o_i    romdata   0x00000e    program   0x000000
       .romdata_u2write.o    romdata   0x00000e    program   0x000000
       .idata_u2write.o_i    romdata   0x00000e    program   0x000000
       .romdata_u1write.o    romdata   0x00000e    program   0x000000
       .idata_u1write.o_i    romdata   0x00000e    program   0x000000
           .code_u2defs.o       code   0x00000e    program   0x000000
        .romdata_u2defs.o    romdata   0x00000e    program   0x000000
        .idata_u2defs.o_i    romdata   0x00000e    program   0x000000
           .code_u1defs.o       code   0x00000e    program   0x000000
        .romdata_u1defs.o    romdata   0x00000e    program   0x000000
        .idata_u1defs.o_i    romdata   0x00000e    program   0x000000
        .romdata_u2read.o    romdata   0x00000e    program   0x000000
.romdata_intermediary\can_interface.o    romdata   0x00000e    program   0x000000
         .idata_c018i.o_i    romdata   0x00000e    program   0x000000
.romdata_intermediary\interrupt.o    romdata   0x00000e    program   0x000000
.idata_intermediary\can_interface.o_i    romdata   0x00000e    program   0x000000
         .romdata_c018i.o    romdata   0x00000e    program   0x000000
.idata_intermediary\interrupt.o_i    romdata   0x00000e    program   0x000000
            .code_c018i.o       code   0x00000e    program   0x000000
.romdata_intermediary\can_to_rs232_converter.o    romdata   0x00000e    program   0x000000
.romdata_intermediary\uart_interface.o    romdata   0x00000e    program   0x000000
.idata_intermediary\main.o_i    romdata   0x00000e    program   0x000000
.idata_intermediary\uart_interface.o_i    romdata   0x00000e    program   0x000000
             .stringtable    romdata   0x00000e    program   0x000000
.romdata_intermediary\main.o    romdata   0x00000e    program   0x000000
               low_vector       code   0x000018    program   0x000006
                   .cinit    romdata   0x00001e    program   0x00000e
 .code_intermediary\can.o       code   0x00002c    program   0x001316
.code_intermediary\cbrn.o       code   0x001342    program   0x000eaa
.code_intermediary\can_to_rs232_converter.o       code   0x0021ec    program   0x000b58
.code_intermediary\uart_interface.o       code   0x002d44    program   0x000956
.code_intermediary\can_interface.o       code   0x00369a    program   0x000802
.code_intermediary\interrupt.o       code   0x003e9c    program   0x000142
               _cinit_scn       code   0x003fde    program   0x00009e
           .code_u2open.o       code   0x00407c    program   0x000078
.code_intermediary\main.o       code   0x0040f4    program   0x000076
           .code_u1open.o       code   0x00416a    program   0x000072
          .code_fxm3232.o       code   0x0041dc    program   0x000070
                   STRING       code   0x00424c    program   0x000056
         .code_fxd3232u.o       code   0x0042a2    program   0x000048
.romdata_intermediary\can.o    romdata   0x0042ea    program   0x000042
           .code_u2read.o       code   0x00432c    program   0x00003e
           .code_u1read.o       code   0x00436a    program   0x00003e
          .code_u2write.o       code   0x0043a8    program   0x00002e
          .code_u1write.o       code   0x0043d6    program   0x00002e
         .code_fxd1616u.o       code   0x004404    program   0x00002c
           .code_u2baud.o       code   0x004430    program   0x000022
           .code_u1baud.o       code   0x004452    program   0x000022
                    .code       code   0x004474    program   0x000020
             _startup_scn       code   0x004494    program   0x00001c
.romdata_intermediary\cbrn.o    romdata   0x0044b0    program   0x000014
.idata_intermediary\can_to_rs232_converter.o_i    romdata   0x0044c4    program   0x00000e
.config_300000_intermediary\main.o    romdata   0x300000    program   0x000001
.config_300001_intermediary\main.o    romdata   0x300001    program   0x000001
.config_300002_intermediary\main.o    romdata   0x300002    program   0x000001
.config_300003_intermediary\main.o    romdata   0x300003    program   0x000001
.config_300005_intermediary\main.o    romdata   0x300005    program   0x000001
.config_300006_intermediary\main.o    romdata   0x300006    program   0x000001
.config_300008_intermediary\main.o    romdata   0x300008    program   0x000001
.config_300009_intermediary\main.o    romdata   0x300009    program   0x000001
.config_30000a_intermediary\main.o    romdata   0x30000a    program   0x000001
.config_30000b_intermediary\main.o    romdata   0x30000b    program   0x000001
.config_30000c_intermediary\main.o    romdata   0x30000c    program   0x000001
.config_30000d_intermediary\main.o    romdata   0x30000d    program   0x000001
                MATH_DATA      udata   0x000000       data   0x000010
                 .tmpdata      udata   0x000010       data   0x000008
             high_isr_tmp      udata   0x000018       data   0x000002
.udata_intermediary\uart_interface.o      udata   0x000060       data   0x00009a
         .udata_fxm3232.o      udata   0x0000fa       data   0x000000
         .idata_fxm3232.o      idata   0x0000fa       data   0x000000
          .udata_u1open.o      udata   0x0000fa       data   0x000000
          .idata_u1open.o      idata   0x0000fa       data   0x000000
          .udata_u2open.o      udata   0x0000fa       data   0x000000
          .idata_u2open.o      idata   0x0000fa       data   0x000000
          .udata_u1read.o      udata   0x0000fa       data   0x000000
          .idata_u1read.o      idata   0x0000fa       data   0x000000
          .udata_u2read.o      udata   0x0000fa       data   0x000000
          .idata_u2read.o      idata   0x0000fa       data   0x000000
          .idata_u1defs.o      idata   0x0000fa       data   0x000000
          .idata_u2defs.o      idata   0x0000fa       data   0x000000
         .udata_u1write.o      udata   0x0000fa       data   0x000000
         .idata_u1write.o      idata   0x0000fa       data   0x000000
         .udata_u2write.o      udata   0x0000fa       data   0x000000
         .idata_u2write.o      idata   0x0000fa       data   0x000000
          .udata___init.o      udata   0x0000fa       data   0x000000
          .idata___init.o      idata   0x0000fa       data   0x000000
          .udata_u1baud.o      udata   0x0000fa       data   0x000000
          .idata_u1baud.o      idata   0x0000fa       data   0x000000
          .udata_u2baud.o      udata   0x0000fa       data   0x000000
          .idata_u2baud.o      idata   0x0000fa       data   0x000000
.idata_intermediary\uart_interface.o      idata   0x0000fa       data   0x000000
.idata_intermediary\can_interface.o      idata   0x0000fa       data   0x000000
.udata_intermediary\can.o      udata   0x0000fa       data   0x000000
.idata_intermediary\interrupt.o      idata   0x0000fa       data   0x000000
.idata_intermediary\can.o      idata   0x0000fa       data   0x000000
.udata_intermediary\cbrn.o      udata   0x0000fa       data   0x000000
.idata_intermediary\cbrn.o      idata   0x0000fa       data   0x000000
.idata_intermediary\main.o      idata   0x0000fa       data   0x000000
.udata_intermediary\main.o      udata   0x0000fa       data   0x000000
           .idata_c018i.o      idata   0x0000fa       data   0x000000
        .udata_fxd1616u.o      udata   0x0000fa       data   0x000000
        .idata_fxd1616u.o      idata   0x0000fa       data   0x000000
        .udata_fxd3232u.o      udata   0x0000fa       data   0x000000
        .idata_fxd3232u.o      idata   0x0000fa       data   0x000000
.udata_intermediary\can_interface.o      udata   0x000100       data   0x0000e5
.idata_intermediary\can_to_rs232_converter.o      idata   0x0001e5       data   0x00000e
           .udata_c018i.o      udata   0x0001f3       data   0x00000a
          .udata_u2defs.o      udata   0x0001fd       data   0x000001
          .udata_u1defs.o      udata   0x0001fe       data   0x000001
.udata_intermediary\interrupt.o      udata   0x0001ff       data   0x000001
                   .stack      udata   0x000d00       data   0x000100
.udata_intermediary\can_to_rs232_converter.o      udata   0x000e00       data   0x000034
              SFR_BANKED0      udata   0x000e41       data   0x0000bf
              SFR_BANKED1      udata   0x000f00       data   0x000040
              SFR_BANKED2      udata   0x000f46       data   0x00001a
            SFR_UNBANKED0      udata   0x000f60       data   0x0000a0



                              Program Memory Usage 
                               Start         End      
                           ---------   ---------      
                            0x000000    0x00000d      
                            0x000018    0x0044d1      
                            0x300000    0x300003      
                            0x300005    0x300006      
                            0x300008    0x30000d      
            17620 out of 66584 program addresses used, program memory utilization is 26%



                              Symbols - Sorted by Name
                     Name    Address   Location    Storage File                     
                ---------  ---------  ---------  --------- ---------                
                 FXD1616U   0x004404    program     extern D:\3.43\pic18-lt\cxx-framework\src\traditional\math\fxd1616u.c
                 FXD3232U   0x0042a2    program     extern D:\3.43\pic18-lt\cxx-framework\src\traditional\math\fxd3232u.c
                  FXM3232   0x0041dc    program     extern D:\3.43\pic18-lt\cxx-framework\src\traditional\math\fxm3232.c
               Open1USART   0x00416a    program     extern D:\3.43\pic18-lt\cxx-framework\src\pmc_common\USART\u1open.c
               Open2USART   0x00407c    program     extern D:\3.43\pic18-lt\cxx-framework\src\pmc_common\USART\u2open.c
                RXBn_list   0x00430a    program     extern C:\Users\Luca Lucci\Documents\Scheda_interfaccia_CANBUS\FW\user\can.c
                RXFn_list   0x0042ea    program     extern C:\Users\Luca Lucci\Documents\Scheda_interfaccia_CANBUS\FW\user\can.c
               Read1USART   0x00436a    program     extern D:\3.43\pic18-lt\cxx-framework\src\pmc_common\USART\u1read.c
               Read2USART   0x00432c    program     extern D:\3.43\pic18-lt\cxx-framework\src\pmc_common\USART\u2read.c
                TXBn_list   0x00431a    program     extern C:\Users\Luca Lucci\Documents\Scheda_interfaccia_CANBUS\FW\user\can.c
              Write1USART   0x0043d6    program     extern D:\3.43\pic18-lt\cxx-framework\src\pmc_common\USART\u1write.c
              Write2USART   0x0043a8    program     extern D:\3.43\pic18-lt\cxx-framework\src\pmc_common\USART\u2write.c
              _4jContinue   0x004280    program     static D:\3.43\pic18-lt\cxx-framework\src\traditional\stdclib\memcpy.asm
                   _5jEnd   0x00428a    program     static D:\3.43\pic18-lt\cxx-framework\src\traditional\stdclib\memcpy.asm
       ___case_0_lbl00085   0x00299a    program     static                          
      ___case_10_lbl00115   0x002d32    program     static                          
      ___case_11_lbl00116   0x002d36    program     static                          
       ___case_1_lbl00088   0x00299e    program     static                          
       ___case_2_lbl00093   0x002a38    program     static                          
       ___case_3_lbl00098   0x002ace    program     static                          
       ___case_4_lbl00103   0x002b64    program     static                          
       ___case_5_lbl00108   0x002bfa    program     static                          
       ___case_6_lbl00111   0x002c94    program     static                          
       ___case_7_lbl00112   0x002cba    program     static                          
       ___case_8_lbl00113   0x002ce2    program     static                          
       ___case_9_lbl00114   0x002d0a    program     static                          
      ___default_lbl00117   0x002d3a    program     static                          
         ___else_lbl00087   0x0029b0    program     static                          
         ___else_lbl00090   0x0029fc    program     static                          
         ___else_lbl00092   0x002a4a    program     static                          
         ___else_lbl00095   0x002a94    program     static                          
         ___else_lbl00097   0x002ae0    program     static                          
         ___else_lbl00100   0x002b2a    program     static                          
         ___else_lbl00102   0x002b76    program     static                          
         ___else_lbl00105   0x002bc0    program     static                          
         ___else_lbl00107   0x002c0c    program     static                          
         ___else_lbl00110   0x002c58    program     static                          
           ___if_lbl00086   0x0029ba    program     static                          
           ___if_lbl00089   0x002a36    program     static                          
           ___if_lbl00091   0x002a54    program     static                          
           ___if_lbl00094   0x002acc    program     static                          
           ___if_lbl00096   0x002aea    program     static                          
           ___if_lbl00099   0x002b62    program     static                          
           ___if_lbl00101   0x002b80    program     static                          
           ___if_lbl00104   0x002bf8    program     static                          
           ___if_lbl00106   0x002c16    program     static                          
           ___if_lbl00109   0x002c92    program     static                          
       ___return_lbl00000   0x00424a    program     static                          
       ___return_lbl00000   0x0042e8    program     static                          
       ___return_lbl00000   0x00000c    program     static                          
       ___return_lbl00000   0x00442e    program     static                          
       ___return_lbl00000   0x000004    program     static                          
       ___return_lbl00001   0x00001c    program     static                          
       ___return_lbl00001   0x0044ae    program     static                          
       ___return_lbl00002   0x00407a    program     static                          
       ___return_lbl00083   0x002d3c    program     static                          
   ___switchexit_lbl00084   0x002d3c    program     static                          
               __config_0   0x300000    program     static C:\Users\Luca Lucci\Documents\Scheda_interfaccia_CANBUS\FW\main.c
               __config_1   0x300001    program     static C:\Users\Luca Lucci\Documents\Scheda_interfaccia_CANBUS\FW\main.c
              __config_10   0x30000c    program     static C:\Users\Luca Lucci\Documents\Scheda_interfaccia_CANBUS\FW\main.c
              __config_11   0x30000d    program     static C:\Users\Luca Lucci\Documents\Scheda_interfaccia_CANBUS\FW\main.c
               __config_2   0x300002    program     static C:\Users\Luca Lucci\Documents\Scheda_interfaccia_CANBUS\FW\main.c
               __config_3   0x300003    program     static C:\Users\Luca Lucci\Documents\Scheda_interfaccia_CANBUS\FW\main.c
               __config_4   0x300005    program     static C:\Users\Luca Lucci\Documents\Scheda_interfaccia_CANBUS\FW\main.c
               __config_5   0x300006    program     static C:\Users\Luca Lucci\Documents\Scheda_interfaccia_CANBUS\FW\main.c
               __config_6   0x300008    program     static C:\Users\Luca Lucci\Documents\Scheda_interfaccia_CANBUS\FW\main.c
               __config_7   0x300009    program     static C:\Users\Luca Lucci\Documents\Scheda_interfaccia_CANBUS\FW\main.c
               __config_8   0x30000a    program     static C:\Users\Luca Lucci\Documents\Scheda_interfaccia_CANBUS\FW\main.c
               __config_9   0x30000b    program     static C:\Users\Luca Lucci\Documents\Scheda_interfaccia_CANBUS\FW\main.c
                   __init   0x000006    program     extern D:\3.43\pic18-lt\cxx-framework\src\traditional\stdclib\__init.c
               __tmplbl_0   0x0020b0    program     static                          
               __tmplbl_1   0x001f48    program     static                          
              __tmplbl_11   0x0021e2    program     static                          
              __tmplbl_12   0x0021e2    program     static                          
              __tmplbl_13   0x0021e2    program     static                          
              __tmplbl_14   0x0021e2    program     static                          
              __tmplbl_15   0x0021e2    program     static                          
               __tmplbl_2   0x001e4e    program     static                          
               __tmplbl_3   0x001cc8    program     static                          
               __tmplbl_9   0x0021e2    program     static                          
            __zero_memory   0x004474    program     extern D:\3.43\pic18-lt\cxx-framework\src\traditional\proc\p18f46k80.asm
                _do_cinit   0x003fde    program     extern D:\3.43\pic18-lt\cxx-framework\src\traditional\startup\c018i.c
                   _entry   0x000000    program     extern D:\3.43\pic18-lt\cxx-framework\src\traditional\startup\c018i.c
                   _false   0x0042e4    program     static                          
                 _startup   0x004494    program     extern D:\3.43\pic18-lt\cxx-framework\src\traditional\startup\c018i.c
               baud1USART   0x004452    program     extern D:\3.43\pic18-lt\cxx-framework\src\pmc_common\USART\u1baud.c
               baud2USART   0x004430    program     extern D:\3.43\pic18-lt\cxx-framework\src\pmc_common\USART\u2baud.c
          can_buffer_read   0x003b92    program     extern C:\Users\Luca Lucci\Documents\Scheda_interfaccia_CANBUS\FW\user\can_interface.c
       can_buffer_rx_load   0x003b24    program     extern C:\Users\Luca Lucci\Documents\Scheda_interfaccia_CANBUS\FW\user\can_interface.c
          can_buffer_send   0x0039da    program     extern C:\Users\Luca Lucci\Documents\Scheda_interfaccia_CANBUS\FW\user\can_interface.c
       can_buffer_tx_load   0x003822    program     extern C:\Users\Luca Lucci\Documents\Scheda_interfaccia_CANBUS\FW\user\can_interface.c
     can_get_rx_data_size   0x003d70    program     extern C:\Users\Luca Lucci\Documents\Scheda_interfaccia_CANBUS\FW\user\can_interface.c
can_get_tx_buffer_empty_space   0x003b0c    program     extern C:\Users\Luca Lucci\Documents\Scheda_interfaccia_CANBUS\FW\user\can_interface.c
                 can_init   0x00369a    program     extern C:\Users\Luca Lucci\Documents\Scheda_interfaccia_CANBUS\FW\user\can_interface.c
        can_init_auto_rtr   0x000a64    program     extern C:\Users\Luca Lucci\Documents\Scheda_interfaccia_CANBUS\FW\user\can.c
    can_init_baudrate_set   0x0007b6    program     extern C:\Users\Luca Lucci\Documents\Scheda_interfaccia_CANBUS\FW\user\can.c
   can_init_filter_buffer   0x000272    program     extern C:\Users\Luca Lucci\Documents\Scheda_interfaccia_CANBUS\FW\user\can.c
   can_init_filter_enable   0x0001e4    program     extern C:\Users\Luca Lucci\Documents\Scheda_interfaccia_CANBUS\FW\user\can.c
       can_init_filter_id   0x000710    program     extern C:\Users\Luca Lucci\Documents\Scheda_interfaccia_CANBUS\FW\user\can.c
     can_init_filter_mask   0x0004c2    program     extern C:\Users\Luca Lucci\Documents\Scheda_interfaccia_CANBUS\FW\user\can.c
       can_init_interrupt   0x00002c    program     extern C:\Users\Luca Lucci\Documents\Scheda_interfaccia_CANBUS\FW\user\can.c
         can_init_mask_id   0x00010a    program     extern C:\Users\Luca Lucci\Documents\Scheda_interfaccia_CANBUS\FW\user\can.c
can_init_prog_buffer_mode   0x0000a8    program     extern C:\Users\Luca Lucci\Documents\Scheda_interfaccia_CANBUS\FW\user\can.c
                  can_isr   0x003d78    program     extern C:\Users\Luca Lucci\Documents\Scheda_interfaccia_CANBUS\FW\user\can_interface.c
          can_load_buffer   0x000c32    program     extern C:\Users\Luca Lucci\Documents\Scheda_interfaccia_CANBUS\FW\user\can.c
          can_mode_select   0x000ad4    program     extern C:\Users\Luca Lucci\Documents\Scheda_interfaccia_CANBUS\FW\user\can.c
            can_op_select   0x000b0e    program     extern C:\Users\Luca Lucci\Documents\Scheda_interfaccia_CANBUS\FW\user\can.c
                 can_read   0x000e8c    program     extern C:\Users\Luca Lucci\Documents\Scheda_interfaccia_CANBUS\FW\user\can.c
   can_search_buffer_free   0x000b52    program     extern C:\Users\Luca Lucci\Documents\Scheda_interfaccia_CANBUS\FW\user\can.c
 can_search_buffer_loaded   0x000bc4    program     extern C:\Users\Luca Lucci\Documents\Scheda_interfaccia_CANBUS\FW\user\can.c
                can_write   0x000e30    program     extern C:\Users\Luca Lucci\Documents\Scheda_interfaccia_CANBUS\FW\user\can.c
            canid_to_regs   0x001138    program     extern C:\Users\Luca Lucci\Documents\Scheda_interfaccia_CANBUS\FW\user\can.c
       cbrn_get_can_index   0x001342    program     extern C:\Users\Luca Lucci\Documents\Scheda_interfaccia_CANBUS\FW\user\cbrn.c
        cbrn_get_can_info   0x001406    program     extern C:\Users\Luca Lucci\Documents\Scheda_interfaccia_CANBUS\FW\user\cbrn.c
                compare_l   0x00448a    program     static D:\3.43\pic18-lt\cxx-framework\src\traditional\proc\p18f46k80.asm
                copy_loop   0x004050    program     static                          
            copy_one_byte   0x004056    program     static                          
          device_name_rom   0x0044b0    program     extern C:\Users\Luca Lucci\Documents\Scheda_interfaccia_CANBUS\FW\user\cbrn.c
                     done   0x00407a    program     static                          
             done_copying   0x004064    program     static                          
                  endloop   0x00442a    program     static                          
                 high_isr   0x003e9c    program     extern C:\Users\Luca Lucci\Documents\Scheda_interfaccia_CANBUS\FW\system\interrupt\interrupt.c
        initialize_system   0x00410c    program     extern C:\Users\Luca Lucci\Documents\Scheda_interfaccia_CANBUS\FW\main.c
          initialize_user   0x0021ec    program     extern C:\Users\Luca Lucci\Documents\Scheda_interfaccia_CANBUS\FW\user\can_to_rs232_converter.c
 interrupt_at_high_vector   0x000008    program     extern C:\Users\Luca Lucci\Documents\Scheda_interfaccia_CANBUS\FW\system\interrupt\interrupt.c
  interrupt_at_low_vector   0x000018    program     extern C:\Users\Luca Lucci\Documents\Scheda_interfaccia_CANBUS\FW\system\interrupt\interrupt.c
                     jEnd   0x004290    program     static D:\3.43\pic18-lt\cxx-framework\src\traditional\stdclib\memcpy.asm
                    jLoop   0x004274    program     static D:\3.43\pic18-lt\cxx-framework\src\traditional\stdclib\memcpy.asm
                     loop   0x0044a4    program     static                          
                     loop   0x0042b0    program     static                          
                     loop   0x00440e    program     static                          
                   loop_h   0x004482    program     static D:\3.43\pic18-lt\cxx-framework\src\traditional\proc\p18f46k80.asm
                   loop_l   0x00448c    program     static D:\3.43\pic18-lt\cxx-framework\src\traditional\proc\p18f46k80.asm
                  low_isr   0x003fb8    program     extern C:\Users\Luca Lucci\Documents\Scheda_interfaccia_CANBUS\FW\system\interrupt\interrupt.c
                     main   0x0040f4    program     extern C:\Users\Luca Lucci\Documents\Scheda_interfaccia_CANBUS\FW\main.c
                   memcpy   0x00424c    program     extern D:\3.43\pic18-lt\cxx-framework\src\traditional\stdclib\memcpy.asm
 process_internal_message   0x00294a    program     extern C:\Users\Luca Lucci\Documents\Scheda_interfaccia_CANBUS\FW\user\can_to_rs232_converter.c
 send_message_can_to_uart   0x002766    program     extern C:\Users\Luca Lucci\Documents\Scheda_interfaccia_CANBUS\FW\user\can_to_rs232_converter.c
 send_message_uart_to_can   0x0025a4    program     extern C:\Users\Luca Lucci\Documents\Scheda_interfaccia_CANBUS\FW\user\can_to_rs232_converter.c
                     test   0x003ff8    program     static                          
      uart1_buad_rate_set   0x0032b0    program     extern C:\Users\Luca Lucci\Documents\Scheda_interfaccia_CANBUS\FW\user\uart_interface.c
        uart1_buffer_read   0x0031b2    program     extern C:\Users\Luca Lucci\Documents\Scheda_interfaccia_CANBUS\FW\user\uart_interface.c
     uart1_buffer_rx_load   0x0030b8    program     extern C:\Users\Luca Lucci\Documents\Scheda_interfaccia_CANBUS\FW\user\uart_interface.c
        uart1_buffer_send   0x002fc0    program     extern C:\Users\Luca Lucci\Documents\Scheda_interfaccia_CANBUS\FW\user\uart_interface.c
     uart1_buffer_tx_load   0x002db0    program     extern C:\Users\Luca Lucci\Documents\Scheda_interfaccia_CANBUS\FW\user\uart_interface.c
 uart1_buffer_tx_seq_load   0x002e68    program     extern C:\Users\Luca Lucci\Documents\Scheda_interfaccia_CANBUS\FW\user\uart_interface.c
   uart1_get_rx_data_size   0x003282    program     extern C:\Users\Luca Lucci\Documents\Scheda_interfaccia_CANBUS\FW\user\uart_interface.c
uart1_get_tx_buffer_empty_space   0x003054    program     extern C:\Users\Luca Lucci\Documents\Scheda_interfaccia_CANBUS\FW\user\uart_interface.c
               uart1_init   0x002d44    program     extern C:\Users\Luca Lucci\Documents\Scheda_interfaccia_CANBUS\FW\user\uart_interface.c
                uart1_isr   0x003292    program     extern C:\Users\Luca Lucci\Documents\Scheda_interfaccia_CANBUS\FW\user\uart_interface.c
      uart2_buad_rate_set   0x003496    program     extern C:\Users\Luca Lucci\Documents\Scheda_interfaccia_CANBUS\FW\user\uart_interface.c
        uart2_buffer_read   0x00321a    program     extern C:\Users\Luca Lucci\Documents\Scheda_interfaccia_CANBUS\FW\user\uart_interface.c
     uart2_buffer_rx_load   0x003136    program     extern C:\Users\Luca Lucci\Documents\Scheda_interfaccia_CANBUS\FW\user\uart_interface.c
        uart2_buffer_send   0x00300a    program     extern C:\Users\Luca Lucci\Documents\Scheda_interfaccia_CANBUS\FW\user\uart_interface.c
     uart2_buffer_tx_load   0x002e0c    program     extern C:\Users\Luca Lucci\Documents\Scheda_interfaccia_CANBUS\FW\user\uart_interface.c
 uart2_buffer_tx_seq_load   0x002f14    program     extern C:\Users\Luca Lucci\Documents\Scheda_interfaccia_CANBUS\FW\user\uart_interface.c
   uart2_get_rx_data_size   0x00328a    program     extern C:\Users\Luca Lucci\Documents\Scheda_interfaccia_CANBUS\FW\user\uart_interface.c
uart2_get_tx_buffer_empty_space   0x003086    program     extern C:\Users\Luca Lucci\Documents\Scheda_interfaccia_CANBUS\FW\user\uart_interface.c
               uart2_init   0x002d7a    program     extern C:\Users\Luca Lucci\Documents\Scheda_interfaccia_CANBUS\FW\user\uart_interface.c
                uart2_isr   0x00367c    program     extern C:\Users\Luca Lucci\Documents\Scheda_interfaccia_CANBUS\FW\user\uart_interface.c
   uart_to_canbus_process   0x00259e    program     extern C:\Users\Luca Lucci\Documents\Scheda_interfaccia_CANBUS\FW\user\can_to_rs232_converter.c
               zero_block   0x004482    program     static D:\3.43\pic18-lt\cxx-framework\src\traditional\proc\p18f46k80.asm
                   ADCON0   0x000fc2       data     extern D:\3.43\pic18-lt\cxx-framework\src\traditional\proc\p18f46k80.asm
               ADCON0bits   0x000fc2       data     extern D:\3.43\pic18-lt\cxx-framework\src\traditional\proc\p18f46k80.asm
                   ADCON1   0x000fc1       data     extern D:\3.43\pic18-lt\cxx-framework\src\traditional\proc\p18f46k80.asm
               ADCON1bits   0x000fc1       data     extern D:\3.43\pic18-lt\cxx-framework\src\traditional\proc\p18f46k80.asm
                   ADCON2   0x000fc0       data     extern D:\3.43\pic18-lt\cxx-framework\src\traditional\proc\p18f46k80.asm
               ADCON2bits   0x000fc0       data     extern D:\3.43\pic18-lt\cxx-framework\src\traditional\proc\p18f46k80.asm
                    ADRES   0x000fc3       data     extern D:\3.43\pic18-lt\cxx-framework\src\traditional\proc\p18f46k80.asm
                   ADRESH   0x000fc4       data     extern D:\3.43\pic18-lt\cxx-framework\src\traditional\proc\p18f46k80.asm
                   ADRESL   0x000fc3       data     extern D:\3.43\pic18-lt\cxx-framework\src\traditional\proc\p18f46k80.asm
                   ANCON0   0x000f5d       data     extern D:\3.43\pic18-lt\cxx-framework\src\traditional\proc\p18f46k80.asm
               ANCON0bits   0x000f5d       data     extern D:\3.43\pic18-lt\cxx-framework\src\traditional\proc\p18f46k80.asm
                   ANCON1   0x000f5c       data     extern D:\3.43\pic18-lt\cxx-framework\src\traditional\proc\p18f46k80.asm
               ANCON1bits   0x000f5c       data     extern D:\3.43\pic18-lt\cxx-framework\src\traditional\proc\p18f46k80.asm
                    B0CON   0x000e80       data     extern D:\3.43\pic18-lt\cxx-framework\src\traditional\proc\p18f46k80.asm
                B0CONbits   0x000e80       data     extern D:\3.43\pic18-lt\cxx-framework\src\traditional\proc\p18f46k80.asm
                     B0D0   0x000e86       data     extern D:\3.43\pic18-lt\cxx-framework\src\traditional\proc\p18f46k80.asm
                 B0D0bits   0x000e86       data     extern D:\3.43\pic18-lt\cxx-framework\src\traditional\proc\p18f46k80.asm
                     B0D1   0x000e87       data     extern D:\3.43\pic18-lt\cxx-framework\src\traditional\proc\p18f46k80.asm
                 B0D1bits   0x000e87       data     extern D:\3.43\pic18-lt\cxx-framework\src\traditional\proc\p18f46k80.asm
                     B0D2   0x000e88       data     extern D:\3.43\pic18-lt\cxx-framework\src\traditional\proc\p18f46k80.asm
                 B0D2bits   0x000e88       data     extern D:\3.43\pic18-lt\cxx-framework\src\traditional\proc\p18f46k80.asm
                     B0D3   0x000e89       data     extern D:\3.43\pic18-lt\cxx-framework\src\traditional\proc\p18f46k80.asm
                 B0D3bits   0x000e89       data     extern D:\3.43\pic18-lt\cxx-framework\src\traditional\proc\p18f46k80.asm
                     B0D4   0x000e8a       data     extern D:\3.43\pic18-lt\cxx-framework\src\traditional\proc\p18f46k80.asm
                 B0D4bits   0x000e8a       data     extern D:\3.43\pic18-lt\cxx-framework\src\traditional\proc\p18f46k80.asm
                     B0D5   0x000e8b       data     extern D:\3.43\pic18-lt\cxx-framework\src\traditional\proc\p18f46k80.asm
                 B0D5bits   0x000e8b       data     extern D:\3.43\pic18-lt\cxx-framework\src\traditional\proc\p18f46k80.asm
                     B0D6   0x000e8c       data     extern D:\3.43\pic18-lt\cxx-framework\src\traditional\proc\p18f46k80.asm
                 B0D6bits   0x000e8c       data     extern D:\3.43\pic18-lt\cxx-framework\src\traditional\proc\p18f46k80.asm
                     B0D7   0x000e8d       data     extern D:\3.43\pic18-lt\cxx-framework\src\traditional\proc\p18f46k80.asm
                 B0D7bits   0x000e8d       data     extern D:\3.43\pic18-lt\cxx-framework\src\traditional\proc\p18f46k80.asm
                    B0DLC   0x000e85       data     extern D:\3.43\pic18-lt\cxx-framework\src\traditional\proc\p18f46k80.asm
                B0DLCbits   0x000e85       data     extern D:\3.43\pic18-lt\cxx-framework\src\traditional\proc\p18f46k80.asm
                   B0EIDH   0x000e83       data     extern D:\3.43\pic18-lt\cxx-framework\src\traditional\proc\p18f46k80.asm
               B0EIDHbits   0x000e83       data     extern D:\3.43\pic18-lt\cxx-framework\src\traditional\proc\p18f46k80.asm
                   B0EIDL   0x000e84       data     extern D:\3.43\pic18-lt\cxx-framework\src\traditional\proc\p18f46k80.asm
               B0EIDLbits   0x000e84       data     extern D:\3.43\pic18-lt\cxx-framework\src\traditional\proc\p18f46k80.asm
                   B0SIDH   0x000e81       data     extern D:\3.43\pic18-lt\cxx-framework\src\traditional\proc\p18f46k80.asm
               B0SIDHbits   0x000e81       data     extern D:\3.43\pic18-lt\cxx-framework\src\traditional\proc\p18f46k80.asm
                   B0SIDL   0x000e82       data     extern D:\3.43\pic18-lt\cxx-framework\src\traditional\proc\p18f46k80.asm
               B0SIDLbits   0x000e82       data     extern D:\3.43\pic18-lt\cxx-framework\src\traditional\proc\p18f46k80.asm
                    B1CON   0x000e90       data     extern D:\3.43\pic18-lt\cxx-framework\src\traditional\proc\p18f46k80.asm
                B1CONbits   0x000e90       data     extern D:\3.43\pic18-lt\cxx-framework\src\traditional\proc\p18f46k80.asm
                     B1D0   0x000e96       data     extern D:\3.43\pic18-lt\cxx-framework\src\traditional\proc\p18f46k80.asm
                 B1D0bits   0x000e96       data     extern D:\3.43\pic18-lt\cxx-framework\src\traditional\proc\p18f46k80.asm
                     B1D1   0x000e97       data     extern D:\3.43\pic18-lt\cxx-framework\src\traditional\proc\p18f46k80.asm
                 B1D1bits   0x000e97       data     extern D:\3.43\pic18-lt\cxx-framework\src\traditional\proc\p18f46k80.asm
                     B1D2   0x000e98       data     extern D:\3.43\pic18-lt\cxx-framework\src\traditional\proc\p18f46k80.asm
                 B1D2bits   0x000e98       data     extern D:\3.43\pic18-lt\cxx-framework\src\traditional\proc\p18f46k80.asm
                     B1D3   0x000e99       data     extern D:\3.43\pic18-lt\cxx-framework\src\traditional\proc\p18f46k80.asm
                 B1D3bits   0x000e99       data     extern D:\3.43\pic18-lt\cxx-framework\src\traditional\proc\p18f46k80.asm
                     B1D4   0x000e9a       data     extern D:\3.43\pic18-lt\cxx-framework\src\traditional\proc\p18f46k80.asm
                 B1D4bits   0x000e9a       data     extern D:\3.43\pic18-lt\cxx-framework\src\traditional\proc\p18f46k80.asm
                     B1D5   0x000e9b       data     extern D:\3.43\pic18-lt\cxx-framework\src\traditional\proc\p18f46k80.asm
                 B1D5bits   0x000e9b       data     extern D:\3.43\pic18-lt\cxx-framework\src\traditional\proc\p18f46k80.asm
                     B1D6   0x000e9c       data     extern D:\3.43\pic18-lt\cxx-framework\src\traditional\proc\p18f46k80.asm
                 B1D6bits   0x000e9c       data     extern D:\3.43\pic18-lt\cxx-framework\src\traditional\proc\p18f46k80.asm
                     B1D7   0x000e9d       data     extern D:\3.43\pic18-lt\cxx-framework\src\traditional\proc\p18f46k80.asm
                 B1D7bits   0x000e9d       data     extern D:\3.43\pic18-lt\cxx-framework\src\traditional\proc\p18f46k80.asm
                    B1DLC   0x000e95       data     extern D:\3.43\pic18-lt\cxx-framework\src\traditional\proc\p18f46k80.asm
                B1DLCbits   0x000e95       data     extern D:\3.43\pic18-lt\cxx-framework\src\traditional\proc\p18f46k80.asm
                   B1EIDH   0x000e93       data     extern D:\3.43\pic18-lt\cxx-framework\src\traditional\proc\p18f46k80.asm
               B1EIDHbits   0x000e93       data     extern D:\3.43\pic18-lt\cxx-framework\src\traditional\proc\p18f46k80.asm
                   B1EIDL   0x000e94       data     extern D:\3.43\pic18-lt\cxx-framework\src\traditional\proc\p18f46k80.asm
               B1EIDLbits   0x000e94       data     extern D:\3.43\pic18-lt\cxx-framework\src\traditional\proc\p18f46k80.asm
                   B1SIDH   0x000e91       data     extern D:\3.43\pic18-lt\cxx-framework\src\traditional\proc\p18f46k80.asm
               B1SIDHbits   0x000e91       data     extern D:\3.43\pic18-lt\cxx-framework\src\traditional\proc\p18f46k80.asm
                   B1SIDL   0x000e92       data     extern D:\3.43\pic18-lt\cxx-framework\src\traditional\proc\p18f46k80.asm
               B1SIDLbits   0x000e92       data     extern D:\3.43\pic18-lt\cxx-framework\src\traditional\proc\p18f46k80.asm
                    B2CON   0x000ea0       data     extern D:\3.43\pic18-lt\cxx-framework\src\traditional\proc\p18f46k80.asm
                B2CONbits   0x000ea0       data     extern D:\3.43\pic18-lt\cxx-framework\src\traditional\proc\p18f46k80.asm
                     B2D0   0x000ea6       data     extern D:\3.43\pic18-lt\cxx-framework\src\traditional\proc\p18f46k80.asm
                 B2D0bits   0x000ea6       data     extern D:\3.43\pic18-lt\cxx-framework\src\traditional\proc\p18f46k80.asm
                     B2D1   0x000ea7       data     extern D:\3.43\pic18-lt\cxx-framework\src\traditional\proc\p18f46k80.asm
                 B2D1bits   0x000ea7       data     extern D:\3.43\pic18-lt\cxx-framework\src\traditional\proc\p18f46k80.asm
                     B2D2   0x000ea8       data     extern D:\3.43\pic18-lt\cxx-framework\src\traditional\proc\p18f46k80.asm
                 B2D2bits   0x000ea8       data     extern D:\3.43\pic18-lt\cxx-framework\src\traditional\proc\p18f46k80.asm
                     B2D3   0x000ea9       data     extern D:\3.43\pic18-lt\cxx-framework\src\traditional\proc\p18f46k80.asm
                 B2D3bits   0x000ea9       data     extern D:\3.43\pic18-lt\cxx-framework\src\traditional\proc\p18f46k80.asm
                     B2D4   0x000eaa       data     extern D:\3.43\pic18-lt\cxx-framework\src\traditional\proc\p18f46k80.asm
                 B2D4bits   0x000eaa       data     extern D:\3.43\pic18-lt\cxx-framework\src\traditional\proc\p18f46k80.asm
                     B2D5   0x000eab       data     extern D:\3.43\pic18-lt\cxx-framework\src\traditional\proc\p18f46k80.asm
                 B2D5bits   0x000eab       data     extern D:\3.43\pic18-lt\cxx-framework\src\traditional\proc\p18f46k80.asm
                     B2D6   0x000eac       data     extern D:\3.43\pic18-lt\cxx-framework\src\traditional\proc\p18f46k80.asm
                 B2D6bits   0x000eac       data     extern D:\3.43\pic18-lt\cxx-framework\src\traditional\proc\p18f46k80.asm
                     B2D7   0x000ead       data     extern D:\3.43\pic18-lt\cxx-framework\src\traditional\proc\p18f46k80.asm
                 B2D7bits   0x000ead       data     extern D:\3.43\pic18-lt\cxx-framework\src\traditional\proc\p18f46k80.asm
                    B2DLC   0x000ea5       data     extern D:\3.43\pic18-lt\cxx-framework\src\traditional\proc\p18f46k80.asm
                B2DLCbits   0x000ea5       data     extern D:\3.43\pic18-lt\cxx-framework\src\traditional\proc\p18f46k80.asm
                   B2EIDH   0x000ea3       data     extern D:\3.43\pic18-lt\cxx-framework\src\traditional\proc\p18f46k80.asm
               B2EIDHbits   0x000ea3       data     extern D:\3.43\pic18-lt\cxx-framework\src\traditional\proc\p18f46k80.asm
                   B2EIDL   0x000ea4       data     extern D:\3.43\pic18-lt\cxx-framework\src\traditional\proc\p18f46k80.asm
               B2EIDLbits   0x000ea4       data     extern D:\3.43\pic18-lt\cxx-framework\src\traditional\proc\p18f46k80.asm
                   B2SIDH   0x000ea1       data     extern D:\3.43\pic18-lt\cxx-framework\src\traditional\proc\p18f46k80.asm
               B2SIDHbits   0x000ea1       data     extern D:\3.43\pic18-lt\cxx-framework\src\traditional\proc\p18f46k80.asm
                   B2SIDL   0x000ea2       data     extern D:\3.43\pic18-lt\cxx-framework\src\traditional\proc\p18f46k80.asm
               B2SIDLbits   0x000ea2       data     extern D:\3.43\pic18-lt\cxx-framework\src\traditional\proc\p18f46k80.asm
                    B3CON   0x000eb0       data     extern D:\3.43\pic18-lt\cxx-framework\src\traditional\proc\p18f46k80.asm
                B3CONbits   0x000eb0       data     extern D:\3.43\pic18-lt\cxx-framework\src\traditional\proc\p18f46k80.asm
                     B3D0   0x000eb6       data     extern D:\3.43\pic18-lt\cxx-framework\src\traditional\proc\p18f46k80.asm
                 B3D0bits   0x000eb6       data     extern D:\3.43\pic18-lt\cxx-framework\src\traditional\proc\p18f46k80.asm
                     B3D1   0x000eb7       data     extern D:\3.43\pic18-lt\cxx-framework\src\traditional\proc\p18f46k80.asm
                 B3D1bits   0x000eb7       data     extern D:\3.43\pic18-lt\cxx-framework\src\traditional\proc\p18f46k80.asm
                     B3D2   0x000eb8       data     extern D:\3.43\pic18-lt\cxx-framework\src\traditional\proc\p18f46k80.asm
                 B3D2bits   0x000eb8       data     extern D:\3.43\pic18-lt\cxx-framework\src\traditional\proc\p18f46k80.asm
                     B3D3   0x000eb9       data     extern D:\3.43\pic18-lt\cxx-framework\src\traditional\proc\p18f46k80.asm
                 B3D3bits   0x000eb9       data     extern D:\3.43\pic18-lt\cxx-framework\src\traditional\proc\p18f46k80.asm
                     B3D4   0x000eba       data     extern D:\3.43\pic18-lt\cxx-framework\src\traditional\proc\p18f46k80.asm
                 B3D4bits   0x000eba       data     extern D:\3.43\pic18-lt\cxx-framework\src\traditional\proc\p18f46k80.asm
                     B3D5   0x000ebb       data     extern D:\3.43\pic18-lt\cxx-framework\src\traditional\proc\p18f46k80.asm
                 B3D5bits   0x000ebb       data     extern D:\3.43\pic18-lt\cxx-framework\src\traditional\proc\p18f46k80.asm
                     B3D6   0x000ebc       data     extern D:\3.43\pic18-lt\cxx-framework\src\traditional\proc\p18f46k80.asm
                 B3D6bits   0x000ebc       data     extern D:\3.43\pic18-lt\cxx-framework\src\traditional\proc\p18f46k80.asm
                     B3D7   0x000ebd       data     extern D:\3.43\pic18-lt\cxx-framework\src\traditional\proc\p18f46k80.asm
                 B3D7bits   0x000ebd       data     extern D:\3.43\pic18-lt\cxx-framework\src\traditional\proc\p18f46k80.asm
                    B3DLC   0x000eb5       data     extern D:\3.43\pic18-lt\cxx-framework\src\traditional\proc\p18f46k80.asm
                B3DLCbits   0x000eb5       data     extern D:\3.43\pic18-lt\cxx-framework\src\traditional\proc\p18f46k80.asm
                   B3EIDH   0x000eb3       data     extern D:\3.43\pic18-lt\cxx-framework\src\traditional\proc\p18f46k80.asm
               B3EIDHbits   0x000eb3       data     extern D:\3.43\pic18-lt\cxx-framework\src\traditional\proc\p18f46k80.asm
                   B3EIDL   0x000eb4       data     extern D:\3.43\pic18-lt\cxx-framework\src\traditional\proc\p18f46k80.asm
               B3EIDLbits   0x000eb4       data     extern D:\3.43\pic18-lt\cxx-framework\src\traditional\proc\p18f46k80.asm
                   B3SIDH   0x000eb1       data     extern D:\3.43\pic18-lt\cxx-framework\src\traditional\proc\p18f46k80.asm
               B3SIDHbits   0x000eb1       data     extern D:\3.43\pic18-lt\cxx-framework\src\traditional\proc\p18f46k80.asm
                   B3SIDL   0x000eb2       data     extern D:\3.43\pic18-lt\cxx-framework\src\traditional\proc\p18f46k80.asm
               B3SIDLbits   0x000eb2       data     extern D:\3.43\pic18-lt\cxx-framework\src\traditional\proc\p18f46k80.asm
                    B4CON   0x000ec0       data     extern D:\3.43\pic18-lt\cxx-framework\src\traditional\proc\p18f46k80.asm
                B4CONbits   0x000ec0       data     extern D:\3.43\pic18-lt\cxx-framework\src\traditional\proc\p18f46k80.asm
                     B4D0   0x000ec6       data     extern D:\3.43\pic18-lt\cxx-framework\src\traditional\proc\p18f46k80.asm
                 B4D0bits   0x000ec6       data     extern D:\3.43\pic18-lt\cxx-framework\src\traditional\proc\p18f46k80.asm
                     B4D1   0x000ec7       data     extern D:\3.43\pic18-lt\cxx-framework\src\traditional\proc\p18f46k80.asm
                 B4D1bits   0x000ec7       data     extern D:\3.43\pic18-lt\cxx-framework\src\traditional\proc\p18f46k80.asm
                     B4D2   0x000ec8       data     extern D:\3.43\pic18-lt\cxx-framework\src\traditional\proc\p18f46k80.asm
                 B4D2bits   0x000ec8       data     extern D:\3.43\pic18-lt\cxx-framework\src\traditional\proc\p18f46k80.asm
                     B4D3   0x000ec9       data     extern D:\3.43\pic18-lt\cxx-framework\src\traditional\proc\p18f46k80.asm
                 B4D3bits   0x000ec9       data     extern D:\3.43\pic18-lt\cxx-framework\src\traditional\proc\p18f46k80.asm
                     B4D4   0x000eca       data     extern D:\3.43\pic18-lt\cxx-framework\src\traditional\proc\p18f46k80.asm
                 B4D4bits   0x000eca       data     extern D:\3.43\pic18-lt\cxx-framework\src\traditional\proc\p18f46k80.asm
                     B4D5   0x000ecb       data     extern D:\3.43\pic18-lt\cxx-framework\src\traditional\proc\p18f46k80.asm
                 B4D5bits   0x000ecb       data     extern D:\3.43\pic18-lt\cxx-framework\src\traditional\proc\p18f46k80.asm
                     B4D6   0x000ecc       data     extern D:\3.43\pic18-lt\cxx-framework\src\traditional\proc\p18f46k80.asm
                 B4D6bits   0x000ecc       data     extern D:\3.43\pic18-lt\cxx-framework\src\traditional\proc\p18f46k80.asm
                     B4D7   0x000ecd       data     extern D:\3.43\pic18-lt\cxx-framework\src\traditional\proc\p18f46k80.asm
                 B4D7bits   0x000ecd       data     extern D:\3.43\pic18-lt\cxx-framework\src\traditional\proc\p18f46k80.asm
                    B4DLC   0x000ec5       data     extern D:\3.43\pic18-lt\cxx-framework\src\traditional\proc\p18f46k80.asm
                B4DLCbits   0x000ec5       data     extern D:\3.43\pic18-lt\cxx-framework\src\traditional\proc\p18f46k80.asm
                   B4EIDH   0x000ec3       data     extern D:\3.43\pic18-lt\cxx-framework\src\traditional\proc\p18f46k80.asm
               B4EIDHbits   0x000ec3       data     extern D:\3.43\pic18-lt\cxx-framework\src\traditional\proc\p18f46k80.asm
                   B4EIDL   0x000ec4       data     extern D:\3.43\pic18-lt\cxx-framework\src\traditional\proc\p18f46k80.asm
               B4EIDLbits   0x000ec4       data     extern D:\3.43\pic18-lt\cxx-framework\src\traditional\proc\p18f46k80.asm
                   B4SIDH   0x000ec1       data     extern D:\3.43\pic18-lt\cxx-framework\src\traditional\proc\p18f46k80.asm
               B4SIDHbits   0x000ec1       data     extern D:\3.43\pic18-lt\cxx-framework\src\traditional\proc\p18f46k80.asm
                   B4SIDL   0x000ec2       data     extern D:\3.43\pic18-lt\cxx-framework\src\traditional\proc\p18f46k80.asm
               B4SIDLbits   0x000ec2       data     extern D:\3.43\pic18-lt\cxx-framework\src\traditional\proc\p18f46k80.asm
                    B5CON   0x000ed0       data     extern D:\3.43\pic18-lt\cxx-framework\src\traditional\proc\p18f46k80.asm
                B5CONbits   0x000ed0       data     extern D:\3.43\pic18-lt\cxx-framework\src\traditional\proc\p18f46k80.asm
                     B5D0   0x000ed6       data     extern D:\3.43\pic18-lt\cxx-framework\src\traditional\proc\p18f46k80.asm
                 B5D0bits   0x000ed6       data     extern D:\3.43\pic18-lt\cxx-framework\src\traditional\proc\p18f46k80.asm
                     B5D1   0x000ed7       data     extern D:\3.43\pic18-lt\cxx-framework\src\traditional\proc\p18f46k80.asm
                 B5D1bits   0x000ed7       data     extern D:\3.43\pic18-lt\cxx-framework\src\traditional\proc\p18f46k80.asm
                     B5D2   0x000ed8       data     extern D:\3.43\pic18-lt\cxx-framework\src\traditional\proc\p18f46k80.asm
                 B5D2bits   0x000ed8       data     extern D:\3.43\pic18-lt\cxx-framework\src\traditional\proc\p18f46k80.asm
                     B5D3   0x000ed9       data     extern D:\3.43\pic18-lt\cxx-framework\src\traditional\proc\p18f46k80.asm
                 B5D3bits   0x000ed9       data     extern D:\3.43\pic18-lt\cxx-framework\src\traditional\proc\p18f46k80.asm
                     B5D4   0x000eda       data     extern D:\3.43\pic18-lt\cxx-framework\src\traditional\proc\p18f46k80.asm
                 B5D4bits   0x000eda       data     extern D:\3.43\pic18-lt\cxx-framework\src\traditional\proc\p18f46k80.asm
                     B5D5   0x000edb       data     extern D:\3.43\pic18-lt\cxx-framework\src\traditional\proc\p18f46k80.asm
                 B5D5bits   0x000edb       data     extern D:\3.43\pic18-lt\cxx-framework\src\traditional\proc\p18f46k80.asm
                     B5D6   0x000edc       data     extern D:\3.43\pic18-lt\cxx-framework\src\traditional\proc\p18f46k80.asm
                 B5D6bits   0x000edc       data     extern D:\3.43\pic18-lt\cxx-framework\src\traditional\proc\p18f46k80.asm
                     B5D7   0x000edd       data     extern D:\3.43\pic18-lt\cxx-framework\src\traditional\proc\p18f46k80.asm
                 B5D7bits   0x000edd       data     extern D:\3.43\pic18-lt\cxx-framework\src\traditional\proc\p18f46k80.asm
                    B5DLC   0x000ed5       data     extern D:\3.43\pic18-lt\cxx-framework\src\traditional\proc\p18f46k80.asm
                B5DLCbits   0x000ed5       data     extern D:\3.43\pic18-lt\cxx-framework\src\traditional\proc\p18f46k80.asm
                   B5EIDH   0x000ed3       data     extern D:\3.43\pic18-lt\cxx-framework\src\traditional\proc\p18f46k80.asm
               B5EIDHbits   0x000ed3       data     extern D:\3.43\pic18-lt\cxx-framework\src\traditional\proc\p18f46k80.asm
                   B5EIDL   0x000ed4       data     extern D:\3.43\pic18-lt\cxx-framework\src\traditional\proc\p18f46k80.asm
               B5EIDLbits   0x000ed4       data     extern D:\3.43\pic18-lt\cxx-framework\src\traditional\proc\p18f46k80.asm
                   B5SIDH   0x000ed1       data     extern D:\3.43\pic18-lt\cxx-framework\src\traditional\proc\p18f46k80.asm
               B5SIDHbits   0x000ed1       data     extern D:\3.43\pic18-lt\cxx-framework\src\traditional\proc\p18f46k80.asm
                   B5SIDL   0x000ed2       data     extern D:\3.43\pic18-lt\cxx-framework\src\traditional\proc\p18f46k80.asm
               B5SIDLbits   0x000ed2       data     extern D:\3.43\pic18-lt\cxx-framework\src\traditional\proc\p18f46k80.asm
                 BAUDCON1   0x000fa7       data     extern D:\3.43\pic18-lt\cxx-framework\src\traditional\proc\p18f46k80.asm
             BAUDCON1bits   0x000fa7       data     extern D:\3.43\pic18-lt\cxx-framework\src\traditional\proc\p18f46k80.asm
                 BAUDCON2   0x000fb9       data     extern D:\3.43\pic18-lt\cxx-framework\src\traditional\proc\p18f46k80.asm
             BAUDCON2bits   0x000fb9       data     extern D:\3.43\pic18-lt\cxx-framework\src\traditional\proc\p18f46k80.asm
                     BIE0   0x000e7e       data     extern D:\3.43\pic18-lt\cxx-framework\src\traditional\proc\p18f46k80.asm
                 BIE0bits   0x000e7e       data     extern D:\3.43\pic18-lt\cxx-framework\src\traditional\proc\p18f46k80.asm
                  BRGCON1   0x000e43       data     extern D:\3.43\pic18-lt\cxx-framework\src\traditional\proc\p18f46k80.asm
              BRGCON1bits   0x000e43       data     extern D:\3.43\pic18-lt\cxx-framework\src\traditional\proc\p18f46k80.asm
                  BRGCON2   0x000e44       data     extern D:\3.43\pic18-lt\cxx-framework\src\traditional\proc\p18f46k80.asm
              BRGCON2bits   0x000e44       data     extern D:\3.43\pic18-lt\cxx-framework\src\traditional\proc\p18f46k80.asm
                  BRGCON3   0x000e45       data     extern D:\3.43\pic18-lt\cxx-framework\src\traditional\proc\p18f46k80.asm
              BRGCON3bits   0x000e45       data     extern D:\3.43\pic18-lt\cxx-framework\src\traditional\proc\p18f46k80.asm
                    BSEL0   0x000e7d       data     extern D:\3.43\pic18-lt\cxx-framework\src\traditional\proc\p18f46k80.asm
                BSEL0bits   0x000e7d       data     extern D:\3.43\pic18-lt\cxx-framework\src\traditional\proc\p18f46k80.asm
                      BSR   0x000fe0       data     extern D:\3.43\pic18-lt\cxx-framework\src\traditional\proc\p18f46k80.asm
                  BSRbits   0x000fe0       data     extern D:\3.43\pic18-lt\cxx-framework\src\traditional\proc\p18f46k80.asm
                   CANCON   0x000f6f       data     extern D:\3.43\pic18-lt\cxx-framework\src\traditional\proc\p18f46k80.asm
               CANCON_RO0   0x000f3f       data     extern D:\3.43\pic18-lt\cxx-framework\src\traditional\proc\p18f46k80.asm
           CANCON_RO0bits   0x000f3f       data     extern D:\3.43\pic18-lt\cxx-framework\src\traditional\proc\p18f46k80.asm
               CANCON_RO1   0x000f2f       data     extern D:\3.43\pic18-lt\cxx-framework\src\traditional\proc\p18f46k80.asm
           CANCON_RO1bits   0x000f2f       data     extern D:\3.43\pic18-lt\cxx-framework\src\traditional\proc\p18f46k80.asm
               CANCON_RO2   0x000f1f       data     extern D:\3.43\pic18-lt\cxx-framework\src\traditional\proc\p18f46k80.asm
           CANCON_RO2bits   0x000f1f       data     extern D:\3.43\pic18-lt\cxx-framework\src\traditional\proc\p18f46k80.asm
               CANCON_RO3   0x000f0f       data     extern D:\3.43\pic18-lt\cxx-framework\src\traditional\proc\p18f46k80.asm
           CANCON_RO3bits   0x000f0f       data     extern D:\3.43\pic18-lt\cxx-framework\src\traditional\proc\p18f46k80.asm
               CANCON_RO4   0x000edf       data     extern D:\3.43\pic18-lt\cxx-framework\src\traditional\proc\p18f46k80.asm
           CANCON_RO4bits   0x000edf       data     extern D:\3.43\pic18-lt\cxx-framework\src\traditional\proc\p18f46k80.asm
               CANCON_RO5   0x000ecf       data     extern D:\3.43\pic18-lt\cxx-framework\src\traditional\proc\p18f46k80.asm
           CANCON_RO5bits   0x000ecf       data     extern D:\3.43\pic18-lt\cxx-framework\src\traditional\proc\p18f46k80.asm
               CANCON_RO6   0x000ebf       data     extern D:\3.43\pic18-lt\cxx-framework\src\traditional\proc\p18f46k80.asm
           CANCON_RO6bits   0x000ebf       data     extern D:\3.43\pic18-lt\cxx-framework\src\traditional\proc\p18f46k80.asm
               CANCON_RO7   0x000eaf       data     extern D:\3.43\pic18-lt\cxx-framework\src\traditional\proc\p18f46k80.asm
           CANCON_RO7bits   0x000eaf       data     extern D:\3.43\pic18-lt\cxx-framework\src\traditional\proc\p18f46k80.asm
               CANCON_RO8   0x000e9f       data     extern D:\3.43\pic18-lt\cxx-framework\src\traditional\proc\p18f46k80.asm
           CANCON_RO8bits   0x000e9f       data     extern D:\3.43\pic18-lt\cxx-framework\src\traditional\proc\p18f46k80.asm
               CANCON_RO9   0x000e8f       data     extern D:\3.43\pic18-lt\cxx-framework\src\traditional\proc\p18f46k80.asm
           CANCON_RO9bits   0x000e8f       data     extern D:\3.43\pic18-lt\cxx-framework\src\traditional\proc\p18f46k80.asm
               CANCONbits   0x000f6f       data     extern D:\3.43\pic18-lt\cxx-framework\src\traditional\proc\p18f46k80.asm
                  CANSTAT   0x000f6e       data     extern D:\3.43\pic18-lt\cxx-framework\src\traditional\proc\p18f46k80.asm
              CANSTAT_RO0   0x000f3e       data     extern D:\3.43\pic18-lt\cxx-framework\src\traditional\proc\p18f46k80.asm
          CANSTAT_RO0bits   0x000f3e       data     extern D:\3.43\pic18-lt\cxx-framework\src\traditional\proc\p18f46k80.asm
              CANSTAT_RO1   0x000f2e       data     extern D:\3.43\pic18-lt\cxx-framework\src\traditional\proc\p18f46k80.asm
          CANSTAT_RO1bits   0x000f2e       data     extern D:\3.43\pic18-lt\cxx-framework\src\traditional\proc\p18f46k80.asm
              CANSTAT_RO2   0x000f1e       data     extern D:\3.43\pic18-lt\cxx-framework\src\traditional\proc\p18f46k80.asm
          CANSTAT_RO2bits   0x000f1e       data     extern D:\3.43\pic18-lt\cxx-framework\src\traditional\proc\p18f46k80.asm
              CANSTAT_RO3   0x000f0e       data     extern D:\3.43\pic18-lt\cxx-framework\src\traditional\proc\p18f46k80.asm
          CANSTAT_RO3bits   0x000f0e       data     extern D:\3.43\pic18-lt\cxx-framework\src\traditional\proc\p18f46k80.asm
              CANSTAT_RO4   0x000ede       data     extern D:\3.43\pic18-lt\cxx-framework\src\traditional\proc\p18f46k80.asm
          CANSTAT_RO4bits   0x000ede       data     extern D:\3.43\pic18-lt\cxx-framework\src\traditional\proc\p18f46k80.asm
              CANSTAT_RO5   0x000ece       data     extern D:\3.43\pic18-lt\cxx-framework\src\traditional\proc\p18f46k80.asm
          CANSTAT_RO5bits   0x000ece       data     extern D:\3.43\pic18-lt\cxx-framework\src\traditional\proc\p18f46k80.asm
              CANSTAT_RO6   0x000ebe       data     extern D:\3.43\pic18-lt\cxx-framework\src\traditional\proc\p18f46k80.asm
          CANSTAT_RO6bits   0x000ebe       data     extern D:\3.43\pic18-lt\cxx-framework\src\traditional\proc\p18f46k80.asm
              CANSTAT_RO7   0x000eae       data     extern D:\3.43\pic18-lt\cxx-framework\src\traditional\proc\p18f46k80.asm
          CANSTAT_RO7bits   0x000eae       data     extern D:\3.43\pic18-lt\cxx-framework\src\traditional\proc\p18f46k80.asm
              CANSTAT_RO8   0x000e9e       data     extern D:\3.43\pic18-lt\cxx-framework\src\traditional\proc\p18f46k80.asm
          CANSTAT_RO8bits   0x000e9e       data     extern D:\3.43\pic18-lt\cxx-framework\src\traditional\proc\p18f46k80.asm
              CANSTAT_RO9   0x000e8e       data     extern D:\3.43\pic18-lt\cxx-framework\src\traditional\proc\p18f46k80.asm
          CANSTAT_RO9bits   0x000e8e       data     extern D:\3.43\pic18-lt\cxx-framework\src\traditional\proc\p18f46k80.asm
              CANSTATbits   0x000f6e       data     extern D:\3.43\pic18-lt\cxx-framework\src\traditional\proc\p18f46k80.asm
                  CCP1CON   0x000fbb       data     extern D:\3.43\pic18-lt\cxx-framework\src\traditional\proc\p18f46k80.asm
              CCP1CONbits   0x000fbb       data     extern D:\3.43\pic18-lt\cxx-framework\src\traditional\proc\p18f46k80.asm
                  CCP2CON   0x000f50       data     extern D:\3.43\pic18-lt\cxx-framework\src\traditional\proc\p18f46k80.asm
              CCP2CONbits   0x000f50       data     extern D:\3.43\pic18-lt\cxx-framework\src\traditional\proc\p18f46k80.asm
                  CCP3CON   0x000f4d       data     extern D:\3.43\pic18-lt\cxx-framework\src\traditional\proc\p18f46k80.asm
              CCP3CONbits   0x000f4d       data     extern D:\3.43\pic18-lt\cxx-framework\src\traditional\proc\p18f46k80.asm
                  CCP4CON   0x000f4a       data     extern D:\3.43\pic18-lt\cxx-framework\src\traditional\proc\p18f46k80.asm
              CCP4CONbits   0x000f4a       data     extern D:\3.43\pic18-lt\cxx-framework\src\traditional\proc\p18f46k80.asm
                  CCP5CON   0x000f47       data     extern D:\3.43\pic18-lt\cxx-framework\src\traditional\proc\p18f46k80.asm
              CCP5CONbits   0x000f47       data     extern D:\3.43\pic18-lt\cxx-framework\src\traditional\proc\p18f46k80.asm
                    CCPR1   0x000fbc       data     extern D:\3.43\pic18-lt\cxx-framework\src\traditional\proc\p18f46k80.asm
                   CCPR1H   0x000fbd       data     extern D:\3.43\pic18-lt\cxx-framework\src\traditional\proc\p18f46k80.asm
                   CCPR1L   0x000fbc       data     extern D:\3.43\pic18-lt\cxx-framework\src\traditional\proc\p18f46k80.asm
                    CCPR2   0x000f51       data     extern D:\3.43\pic18-lt\cxx-framework\src\traditional\proc\p18f46k80.asm
                   CCPR2H   0x000f52       data     extern D:\3.43\pic18-lt\cxx-framework\src\traditional\proc\p18f46k80.asm
                   CCPR2L   0x000f51       data     extern D:\3.43\pic18-lt\cxx-framework\src\traditional\proc\p18f46k80.asm
                    CCPR3   0x000f4e       data     extern D:\3.43\pic18-lt\cxx-framework\src\traditional\proc\p18f46k80.asm
                   CCPR3H   0x000f4f       data     extern D:\3.43\pic18-lt\cxx-framework\src\traditional\proc\p18f46k80.asm
                   CCPR3L   0x000f4e       data     extern D:\3.43\pic18-lt\cxx-framework\src\traditional\proc\p18f46k80.asm
                    CCPR4   0x000f4b       data     extern D:\3.43\pic18-lt\cxx-framework\src\traditional\proc\p18f46k80.asm
                   CCPR4H   0x000f4c       data     extern D:\3.43\pic18-lt\cxx-framework\src\traditional\proc\p18f46k80.asm
                   CCPR4L   0x000f4b       data     extern D:\3.43\pic18-lt\cxx-framework\src\traditional\proc\p18f46k80.asm
                    CCPR5   0x000f48       data     extern D:\3.43\pic18-lt\cxx-framework\src\traditional\proc\p18f46k80.asm
                   CCPR5H   0x000f49       data     extern D:\3.43\pic18-lt\cxx-framework\src\traditional\proc\p18f46k80.asm
                   CCPR5L   0x000f48       data     extern D:\3.43\pic18-lt\cxx-framework\src\traditional\proc\p18f46k80.asm
                  CCPTMRS   0x000f99       data     extern D:\3.43\pic18-lt\cxx-framework\src\traditional\proc\p18f46k80.asm
              CCPTMRSbits   0x000f99       data     extern D:\3.43\pic18-lt\cxx-framework\src\traditional\proc\p18f46k80.asm
                   CIOCON   0x000f70       data     extern D:\3.43\pic18-lt\cxx-framework\src\traditional\proc\p18f46k80.asm
               CIOCONbits   0x000f70       data     extern D:\3.43\pic18-lt\cxx-framework\src\traditional\proc\p18f46k80.asm
                   CM1CON   0x000f5f       data     extern D:\3.43\pic18-lt\cxx-framework\src\traditional\proc\p18f46k80.asm
                  CM1CON1   0x000f5f       data     extern D:\3.43\pic18-lt\cxx-framework\src\traditional\proc\p18f46k80.asm
              CM1CON1bits   0x000f5f       data     extern D:\3.43\pic18-lt\cxx-framework\src\traditional\proc\p18f46k80.asm
               CM1CONbits   0x000f5f       data     extern D:\3.43\pic18-lt\cxx-framework\src\traditional\proc\p18f46k80.asm
                   CM2CON   0x000f5e       data     extern D:\3.43\pic18-lt\cxx-framework\src\traditional\proc\p18f46k80.asm
                  CM2CON1   0x000f5e       data     extern D:\3.43\pic18-lt\cxx-framework\src\traditional\proc\p18f46k80.asm
              CM2CON1bits   0x000f5e       data     extern D:\3.43\pic18-lt\cxx-framework\src\traditional\proc\p18f46k80.asm
               CM2CONbits   0x000f5e       data     extern D:\3.43\pic18-lt\cxx-framework\src\traditional\proc\p18f46k80.asm
                   CMSTAT   0x000fb4       data     extern D:\3.43\pic18-lt\cxx-framework\src\traditional\proc\p18f46k80.asm
                 CMSTATUS   0x000fb4       data     extern D:\3.43\pic18-lt\cxx-framework\src\traditional\proc\p18f46k80.asm
             CMSTATUSbits   0x000fb4       data     extern D:\3.43\pic18-lt\cxx-framework\src\traditional\proc\p18f46k80.asm
               CMSTATbits   0x000fb4       data     extern D:\3.43\pic18-lt\cxx-framework\src\traditional\proc\p18f46k80.asm
                  COMSTAT   0x000f71       data     extern D:\3.43\pic18-lt\cxx-framework\src\traditional\proc\p18f46k80.asm
              COMSTATbits   0x000f71       data     extern D:\3.43\pic18-lt\cxx-framework\src\traditional\proc\p18f46k80.asm
                 CTMUCONH   0x000f55       data     extern D:\3.43\pic18-lt\cxx-framework\src\traditional\proc\p18f46k80.asm
             CTMUCONHbits   0x000f55       data     extern D:\3.43\pic18-lt\cxx-framework\src\traditional\proc\p18f46k80.asm
                 CTMUCONL   0x000f54       data     extern D:\3.43\pic18-lt\cxx-framework\src\traditional\proc\p18f46k80.asm
             CTMUCONLbits   0x000f54       data     extern D:\3.43\pic18-lt\cxx-framework\src\traditional\proc\p18f46k80.asm
                 CTMUICON   0x000f53       data     extern D:\3.43\pic18-lt\cxx-framework\src\traditional\proc\p18f46k80.asm
             CTMUICONbits   0x000f53       data     extern D:\3.43\pic18-lt\cxx-framework\src\traditional\proc\p18f46k80.asm
                   CVRCON   0x000fb5       data     extern D:\3.43\pic18-lt\cxx-framework\src\traditional\proc\p18f46k80.asm
               CVRCONbits   0x000fb5       data     extern D:\3.43\pic18-lt\cxx-framework\src\traditional\proc\p18f46k80.asm
                  ECANCON   0x000f72       data     extern D:\3.43\pic18-lt\cxx-framework\src\traditional\proc\p18f46k80.asm
              ECANCONbits   0x000f72       data     extern D:\3.43\pic18-lt\cxx-framework\src\traditional\proc\p18f46k80.asm
                  ECCP1AS   0x000fbf       data     extern D:\3.43\pic18-lt\cxx-framework\src\traditional\proc\p18f46k80.asm
              ECCP1ASbits   0x000fbf       data     extern D:\3.43\pic18-lt\cxx-framework\src\traditional\proc\p18f46k80.asm
                 ECCP1CON   0x000fbb       data     extern D:\3.43\pic18-lt\cxx-framework\src\traditional\proc\p18f46k80.asm
             ECCP1CONbits   0x000fbb       data     extern D:\3.43\pic18-lt\cxx-framework\src\traditional\proc\p18f46k80.asm
                 ECCP1DEL   0x000fbe       data     extern D:\3.43\pic18-lt\cxx-framework\src\traditional\proc\p18f46k80.asm
             ECCP1DELbits   0x000fbe       data     extern D:\3.43\pic18-lt\cxx-framework\src\traditional\proc\p18f46k80.asm
                 ECCP2CON   0x000f50       data     extern D:\3.43\pic18-lt\cxx-framework\src\traditional\proc\p18f46k80.asm
             ECCP2CONbits   0x000f50       data     extern D:\3.43\pic18-lt\cxx-framework\src\traditional\proc\p18f46k80.asm
                    EEADR   0x000f74       data     extern D:\3.43\pic18-lt\cxx-framework\src\traditional\proc\p18f46k80.asm
                   EEADRH   0x000f75       data     extern D:\3.43\pic18-lt\cxx-framework\src\traditional\proc\p18f46k80.asm
                   EECON1   0x000f7f       data     extern D:\3.43\pic18-lt\cxx-framework\src\traditional\proc\p18f46k80.asm
               EECON1bits   0x000f7f       data     extern D:\3.43\pic18-lt\cxx-framework\src\traditional\proc\p18f46k80.asm
                   EECON2   0x000f7e       data     extern D:\3.43\pic18-lt\cxx-framework\src\traditional\proc\p18f46k80.asm
                   EEDATA   0x000f73       data     extern D:\3.43\pic18-lt\cxx-framework\src\traditional\proc\p18f46k80.asm
                     FSR0   0x000fe9       data     extern D:\3.43\pic18-lt\cxx-framework\src\traditional\proc\p18f46k80.asm
                    FSR0H   0x000fea       data     extern D:\3.43\pic18-lt\cxx-framework\src\traditional\proc\p18f46k80.asm
                FSR0Hbits   0x000fea       data     extern D:\3.43\pic18-lt\cxx-framework\src\traditional\proc\p18f46k80.asm
                    FSR0L   0x000fe9       data     extern D:\3.43\pic18-lt\cxx-framework\src\traditional\proc\p18f46k80.asm
                     FSR1   0x000fe1       data     extern D:\3.43\pic18-lt\cxx-framework\src\traditional\proc\p18f46k80.asm
                    FSR1H   0x000fe2       data     extern D:\3.43\pic18-lt\cxx-framework\src\traditional\proc\p18f46k80.asm
                FSR1Hbits   0x000fe2       data     extern D:\3.43\pic18-lt\cxx-framework\src\traditional\proc\p18f46k80.asm
                    FSR1L   0x000fe1       data     extern D:\3.43\pic18-lt\cxx-framework\src\traditional\proc\p18f46k80.asm
                     FSR2   0x000fd9       data     extern D:\3.43\pic18-lt\cxx-framework\src\traditional\proc\p18f46k80.asm
                    FSR2H   0x000fda       data     extern D:\3.43\pic18-lt\cxx-framework\src\traditional\proc\p18f46k80.asm
                FSR2Hbits   0x000fda       data     extern D:\3.43\pic18-lt\cxx-framework\src\traditional\proc\p18f46k80.asm
                    FSR2L   0x000fd9       data     extern D:\3.43\pic18-lt\cxx-framework\src\traditional\proc\p18f46k80.asm
                  HLVDCON   0x000fa8       data     extern D:\3.43\pic18-lt\cxx-framework\src\traditional\proc\p18f46k80.asm
              HLVDCONbits   0x000fa8       data     extern D:\3.43\pic18-lt\cxx-framework\src\traditional\proc\p18f46k80.asm
                    INDF0   0x000fef       data     extern D:\3.43\pic18-lt\cxx-framework\src\traditional\proc\p18f46k80.asm
                    INDF1   0x000fe7       data     extern D:\3.43\pic18-lt\cxx-framework\src\traditional\proc\p18f46k80.asm
                    INDF2   0x000fdf       data     extern D:\3.43\pic18-lt\cxx-framework\src\traditional\proc\p18f46k80.asm
                   INTCON   0x000ff2       data     extern D:\3.43\pic18-lt\cxx-framework\src\traditional\proc\p18f46k80.asm
                  INTCON1   0x000ff2       data     extern D:\3.43\pic18-lt\cxx-framework\src\traditional\proc\p18f46k80.asm
              INTCON1bits   0x000ff2       data     extern D:\3.43\pic18-lt\cxx-framework\src\traditional\proc\p18f46k80.asm
                  INTCON2   0x000ff1       data     extern D:\3.43\pic18-lt\cxx-framework\src\traditional\proc\p18f46k80.asm
              INTCON2bits   0x000ff1       data     extern D:\3.43\pic18-lt\cxx-framework\src\traditional\proc\p18f46k80.asm
                  INTCON3   0x000ff0       data     extern D:\3.43\pic18-lt\cxx-framework\src\traditional\proc\p18f46k80.asm
              INTCON3bits   0x000ff0       data     extern D:\3.43\pic18-lt\cxx-framework\src\traditional\proc\p18f46k80.asm
               INTCONbits   0x000ff2       data     extern D:\3.43\pic18-lt\cxx-framework\src\traditional\proc\p18f46k80.asm
                     IOCB   0x000f5a       data     extern D:\3.43\pic18-lt\cxx-framework\src\traditional\proc\p18f46k80.asm
                 IOCBbits   0x000f5a       data     extern D:\3.43\pic18-lt\cxx-framework\src\traditional\proc\p18f46k80.asm
                     IPR1   0x000f9f       data     extern D:\3.43\pic18-lt\cxx-framework\src\traditional\proc\p18f46k80.asm
                 IPR1bits   0x000f9f       data     extern D:\3.43\pic18-lt\cxx-framework\src\traditional\proc\p18f46k80.asm
                     IPR2   0x000fa2       data     extern D:\3.43\pic18-lt\cxx-framework\src\traditional\proc\p18f46k80.asm
                 IPR2bits   0x000fa2       data     extern D:\3.43\pic18-lt\cxx-framework\src\traditional\proc\p18f46k80.asm
                     IPR3   0x000fa5       data     extern D:\3.43\pic18-lt\cxx-framework\src\traditional\proc\p18f46k80.asm
                 IPR3bits   0x000fa5       data     extern D:\3.43\pic18-lt\cxx-framework\src\traditional\proc\p18f46k80.asm
                     IPR4   0x000fb8       data     extern D:\3.43\pic18-lt\cxx-framework\src\traditional\proc\p18f46k80.asm
                 IPR4bits   0x000fb8       data     extern D:\3.43\pic18-lt\cxx-framework\src\traditional\proc\p18f46k80.asm
                     IPR5   0x000f78       data     extern D:\3.43\pic18-lt\cxx-framework\src\traditional\proc\p18f46k80.asm
                 IPR5bits   0x000f78       data     extern D:\3.43\pic18-lt\cxx-framework\src\traditional\proc\p18f46k80.asm
                     LATA   0x000f89       data     extern D:\3.43\pic18-lt\cxx-framework\src\traditional\proc\p18f46k80.asm
                 LATAbits   0x000f89       data     extern D:\3.43\pic18-lt\cxx-framework\src\traditional\proc\p18f46k80.asm
                     LATB   0x000f8a       data     extern D:\3.43\pic18-lt\cxx-framework\src\traditional\proc\p18f46k80.asm
                 LATBbits   0x000f8a       data     extern D:\3.43\pic18-lt\cxx-framework\src\traditional\proc\p18f46k80.asm
                     LATC   0x000f8b       data     extern D:\3.43\pic18-lt\cxx-framework\src\traditional\proc\p18f46k80.asm
                 LATCbits   0x000f8b       data     extern D:\3.43\pic18-lt\cxx-framework\src\traditional\proc\p18f46k80.asm
                     LATD   0x000f8c       data     extern D:\3.43\pic18-lt\cxx-framework\src\traditional\proc\p18f46k80.asm
                 LATDbits   0x000f8c       data     extern D:\3.43\pic18-lt\cxx-framework\src\traditional\proc\p18f46k80.asm
                     LATE   0x000f8d       data     extern D:\3.43\pic18-lt\cxx-framework\src\traditional\proc\p18f46k80.asm
                 LATEbits   0x000f8d       data     extern D:\3.43\pic18-lt\cxx-framework\src\traditional\proc\p18f46k80.asm
                    MSEL0   0x000e79       data     extern D:\3.43\pic18-lt\cxx-framework\src\traditional\proc\p18f46k80.asm
                MSEL0bits   0x000e79       data     extern D:\3.43\pic18-lt\cxx-framework\src\traditional\proc\p18f46k80.asm
                    MSEL1   0x000e7a       data     extern D:\3.43\pic18-lt\cxx-framework\src\traditional\proc\p18f46k80.asm
                MSEL1bits   0x000e7a       data     extern D:\3.43\pic18-lt\cxx-framework\src\traditional\proc\p18f46k80.asm
                    MSEL2   0x000e7b       data     extern D:\3.43\pic18-lt\cxx-framework\src\traditional\proc\p18f46k80.asm
                MSEL2bits   0x000e7b       data     extern D:\3.43\pic18-lt\cxx-framework\src\traditional\proc\p18f46k80.asm
                    MSEL3   0x000e7c       data     extern D:\3.43\pic18-lt\cxx-framework\src\traditional\proc\p18f46k80.asm
                MSEL3bits   0x000e7c       data     extern D:\3.43\pic18-lt\cxx-framework\src\traditional\proc\p18f46k80.asm
                    ODCON   0x000f91       data     extern D:\3.43\pic18-lt\cxx-framework\src\traditional\proc\p18f46k80.asm
                ODCONbits   0x000f91       data     extern D:\3.43\pic18-lt\cxx-framework\src\traditional\proc\p18f46k80.asm
                   OSCCON   0x000fd3       data     extern D:\3.43\pic18-lt\cxx-framework\src\traditional\proc\p18f46k80.asm
                  OSCCON2   0x000fd2       data     extern D:\3.43\pic18-lt\cxx-framework\src\traditional\proc\p18f46k80.asm
              OSCCON2bits   0x000fd2       data     extern D:\3.43\pic18-lt\cxx-framework\src\traditional\proc\p18f46k80.asm
               OSCCONbits   0x000fd3       data     extern D:\3.43\pic18-lt\cxx-framework\src\traditional\proc\p18f46k80.asm
                  OSCTUNE   0x000f9b       data     extern D:\3.43\pic18-lt\cxx-framework\src\traditional\proc\p18f46k80.asm
              OSCTUNEbits   0x000f9b       data     extern D:\3.43\pic18-lt\cxx-framework\src\traditional\proc\p18f46k80.asm
                  PADCFG1   0x000f56       data     extern D:\3.43\pic18-lt\cxx-framework\src\traditional\proc\p18f46k80.asm
              PADCFG1bits   0x000f56       data     extern D:\3.43\pic18-lt\cxx-framework\src\traditional\proc\p18f46k80.asm
                       PC   0x000ff9       data     extern D:\3.43\pic18-lt\cxx-framework\src\traditional\proc\p18f46k80.asm
                      PCL   0x000ff9       data     extern D:\3.43\pic18-lt\cxx-framework\src\traditional\proc\p18f46k80.asm
                   PCLATH   0x000ffa       data     extern D:\3.43\pic18-lt\cxx-framework\src\traditional\proc\p18f46k80.asm
                   PCLATU   0x000ffb       data     extern D:\3.43\pic18-lt\cxx-framework\src\traditional\proc\p18f46k80.asm
               PCLATUbits   0x000ffb       data     extern D:\3.43\pic18-lt\cxx-framework\src\traditional\proc\p18f46k80.asm
                     PIE1   0x000f9d       data     extern D:\3.43\pic18-lt\cxx-framework\src\traditional\proc\p18f46k80.asm
                 PIE1bits   0x000f9d       data     extern D:\3.43\pic18-lt\cxx-framework\src\traditional\proc\p18f46k80.asm
                     PIE2   0x000fa0       data     extern D:\3.43\pic18-lt\cxx-framework\src\traditional\proc\p18f46k80.asm
                 PIE2bits   0x000fa0       data     extern D:\3.43\pic18-lt\cxx-framework\src\traditional\proc\p18f46k80.asm
                     PIE3   0x000fa3       data     extern D:\3.43\pic18-lt\cxx-framework\src\traditional\proc\p18f46k80.asm
                 PIE3bits   0x000fa3       data     extern D:\3.43\pic18-lt\cxx-framework\src\traditional\proc\p18f46k80.asm
                     PIE4   0x000fb6       data     extern D:\3.43\pic18-lt\cxx-framework\src\traditional\proc\p18f46k80.asm
                 PIE4bits   0x000fb6       data     extern D:\3.43\pic18-lt\cxx-framework\src\traditional\proc\p18f46k80.asm
                     PIE5   0x000f76       data     extern D:\3.43\pic18-lt\cxx-framework\src\traditional\proc\p18f46k80.asm
                 PIE5bits   0x000f76       data     extern D:\3.43\pic18-lt\cxx-framework\src\traditional\proc\p18f46k80.asm
                     PIR1   0x000f9e       data     extern D:\3.43\pic18-lt\cxx-framework\src\traditional\proc\p18f46k80.asm
                 PIR1bits   0x000f9e       data     extern D:\3.43\pic18-lt\cxx-framework\src\traditional\proc\p18f46k80.asm
                     PIR2   0x000fa1       data     extern D:\3.43\pic18-lt\cxx-framework\src\traditional\proc\p18f46k80.asm
                 PIR2bits   0x000fa1       data     extern D:\3.43\pic18-lt\cxx-framework\src\traditional\proc\p18f46k80.asm
                     PIR3   0x000fa4       data     extern D:\3.43\pic18-lt\cxx-framework\src\traditional\proc\p18f46k80.asm
                 PIR3bits   0x000fa4       data     extern D:\3.43\pic18-lt\cxx-framework\src\traditional\proc\p18f46k80.asm
                     PIR4   0x000fb7       data     extern D:\3.43\pic18-lt\cxx-framework\src\traditional\proc\p18f46k80.asm
                 PIR4bits   0x000fb7       data     extern D:\3.43\pic18-lt\cxx-framework\src\traditional\proc\p18f46k80.asm
                     PIR5   0x000f77       data     extern D:\3.43\pic18-lt\cxx-framework\src\traditional\proc\p18f46k80.asm
                 PIR5bits   0x000f77       data     extern D:\3.43\pic18-lt\cxx-framework\src\traditional\proc\p18f46k80.asm
                   PLUSW0   0x000feb       data     extern D:\3.43\pic18-lt\cxx-framework\src\traditional\proc\p18f46k80.asm
                   PLUSW1   0x000fe3       data     extern D:\3.43\pic18-lt\cxx-framework\src\traditional\proc\p18f46k80.asm
                   PLUSW2   0x000fdb       data     extern D:\3.43\pic18-lt\cxx-framework\src\traditional\proc\p18f46k80.asm
                     PMD0   0x000f59       data     extern D:\3.43\pic18-lt\cxx-framework\src\traditional\proc\p18f46k80.asm
                 PMD0bits   0x000f59       data     extern D:\3.43\pic18-lt\cxx-framework\src\traditional\proc\p18f46k80.asm
[...]
                 IPR3bits   0x000fa5       data     extern D:\3.43\pic18-lt\cxx-framework\src\traditional\proc\p18f46k80.asm
                     IPR3   0x000fa5       data     extern D:\3.43\pic18-lt\cxx-framework\src\traditional\proc\p18f46k80.asm
                   RCSTA2   0x000fa6       data     extern D:\3.43\pic18-lt\cxx-framework\src\traditional\proc\p18f46k80.asm
               RCSTA2bits   0x000fa6       data     extern D:\3.43\pic18-lt\cxx-framework\src\traditional\proc\p18f46k80.asm
             BAUDCON1bits   0x000fa7       data     extern D:\3.43\pic18-lt\cxx-framework\src\traditional\proc\p18f46k80.asm
                 BAUDCON1   0x000fa7       data     extern D:\3.43\pic18-lt\cxx-framework\src\traditional\proc\p18f46k80.asm
                  HLVDCON   0x000fa8       data     extern D:\3.43\pic18-lt\cxx-framework\src\traditional\proc\p18f46k80.asm
              HLVDCONbits   0x000fa8       data     extern D:\3.43\pic18-lt\cxx-framework\src\traditional\proc\p18f46k80.asm
                      PR4   0x000fa9       data     extern D:\3.43\pic18-lt\cxx-framework\src\traditional\proc\p18f46k80.asm
               T1GCONbits   0x000faa       data     extern D:\3.43\pic18-lt\cxx-framework\src\traditional\proc\p18f46k80.asm
                   T1GCON   0x000faa       data     extern D:\3.43\pic18-lt\cxx-framework\src\traditional\proc\p18f46k80.asm
                    RCSTA   0x000fab       data     extern D:\3.43\pic18-lt\cxx-framework\src\traditional\proc\p18f46k80.asm
                   RCSTA1   0x000fab       data     extern D:\3.43\pic18-lt\cxx-framework\src\traditional\proc\p18f46k80.asm
               RCSTA1bits   0x000fab       data     extern D:\3.43\pic18-lt\cxx-framework\src\traditional\proc\p18f46k80.asm
                RCSTAbits   0x000fab       data     extern D:\3.43\pic18-lt\cxx-framework\src\traditional\proc\p18f46k80.asm
                    TXSTA   0x000fac       data     extern D:\3.43\pic18-lt\cxx-framework\src\traditional\proc\p18f46k80.asm
                   TXSTA1   0x000fac       data     extern D:\3.43\pic18-lt\cxx-framework\src\traditional\proc\p18f46k80.asm
               TXSTA1bits   0x000fac       data     extern D:\3.43\pic18-lt\cxx-framework\src\traditional\proc\p18f46k80.asm
                TXSTAbits   0x000fac       data     extern D:\3.43\pic18-lt\cxx-framework\src\traditional\proc\p18f46k80.asm
                   TXREG1   0x000fad       data     extern D:\3.43\pic18-lt\cxx-framework\src\traditional\proc\p18f46k80.asm
                    TXREG   0x000fad       data     extern D:\3.43\pic18-lt\cxx-framework\src\traditional\proc\p18f46k80.asm
                    RCREG   0x000fae       data     extern D:\3.43\pic18-lt\cxx-framework\src\traditional\proc\p18f46k80.asm
                   RCREG1   0x000fae       data     extern D:\3.43\pic18-lt\cxx-framework\src\traditional\proc\p18f46k80.asm
                    SPBRG   0x000faf       data     extern D:\3.43\pic18-lt\cxx-framework\src\traditional\proc\p18f46k80.asm
                   SPBRG1   0x000faf       data     extern D:\3.43\pic18-lt\cxx-framework\src\traditional\proc\p18f46k80.asm
                   T3GCON   0x000fb0       data     extern D:\3.43\pic18-lt\cxx-framework\src\traditional\proc\p18f46k80.asm
               T3GCONbits   0x000fb0       data     extern D:\3.43\pic18-lt\cxx-framework\src\traditional\proc\p18f46k80.asm
                    T3CON   0x000fb1       data     extern D:\3.43\pic18-lt\cxx-framework\src\traditional\proc\p18f46k80.asm
                T3CONbits   0x000fb1       data     extern D:\3.43\pic18-lt\cxx-framework\src\traditional\proc\p18f46k80.asm
                    TMR3L   0x000fb2       data     extern D:\3.43\pic18-lt\cxx-framework\src\traditional\proc\p18f46k80.asm
                    TMR3H   0x000fb3       data     extern D:\3.43\pic18-lt\cxx-framework\src\traditional\proc\p18f46k80.asm
                   CMSTAT   0x000fb4       data     extern D:\3.43\pic18-lt\cxx-framework\src\traditional\proc\p18f46k80.asm
                 CMSTATUS   0x000fb4       data     extern D:\3.43\pic18-lt\cxx-framework\src\traditional\proc\p18f46k80.asm
             CMSTATUSbits   0x000fb4       data     extern D:\3.43\pic18-lt\cxx-framework\src\traditional\proc\p18f46k80.asm
               CMSTATbits   0x000fb4       data     extern D:\3.43\pic18-lt\cxx-framework\src\traditional\proc\p18f46k80.asm
                   CVRCON   0x000fb5       data     extern D:\3.43\pic18-lt\cxx-framework\src\traditional\proc\p18f46k80.asm
               CVRCONbits   0x000fb5       data     extern D:\3.43\pic18-lt\cxx-framework\src\traditional\proc\p18f46k80.asm
                     PIE4   0x000fb6       data     extern D:\3.43\pic18-lt\cxx-framework\src\traditional\proc\p18f46k80.asm
                 PIE4bits   0x000fb6       data     extern D:\3.43\pic18-lt\cxx-framework\src\traditional\proc\p18f46k80.asm
                     PIR4   0x000fb7       data     extern D:\3.43\pic18-lt\cxx-framework\src\traditional\proc\p18f46k80.asm
                 PIR4bits   0x000fb7       data     extern D:\3.43\pic18-lt\cxx-framework\src\traditional\proc\p18f46k80.asm
                 IPR4bits   0x000fb8       data     extern D:\3.43\pic18-lt\cxx-framework\src\traditional\proc\p18f46k80.asm
                     IPR4   0x000fb8       data     extern D:\3.43\pic18-lt\cxx-framework\src\traditional\proc\p18f46k80.asm
                 BAUDCON2   0x000fb9       data     extern D:\3.43\pic18-lt\cxx-framework\src\traditional\proc\p18f46k80.asm
             BAUDCON2bits   0x000fb9       data     extern D:\3.43\pic18-lt\cxx-framework\src\traditional\proc\p18f46k80.asm
                   TXSTA2   0x000fba       data     extern D:\3.43\pic18-lt\cxx-framework\src\traditional\proc\p18f46k80.asm
               TXSTA2bits   0x000fba       data     extern D:\3.43\pic18-lt\cxx-framework\src\traditional\proc\p18f46k80.asm
             ECCP1CONbits   0x000fbb       data     extern D:\3.43\pic18-lt\cxx-framework\src\traditional\proc\p18f46k80.asm
                 ECCP1CON   0x000fbb       data     extern D:\3.43\pic18-lt\cxx-framework\src\traditional\proc\p18f46k80.asm
                  CCP1CON   0x000fbb       data     extern D:\3.43\pic18-lt\cxx-framework\src\traditional\proc\p18f46k80.asm
              CCP1CONbits   0x000fbb       data     extern D:\3.43\pic18-lt\cxx-framework\src\traditional\proc\p18f46k80.asm
                   CCPR1L   0x000fbc       data     extern D:\3.43\pic18-lt\cxx-framework\src\traditional\proc\p18f46k80.asm
                    CCPR1   0x000fbc       data     extern D:\3.43\pic18-lt\cxx-framework\src\traditional\proc\p18f46k80.asm
                   CCPR1H   0x000fbd       data     extern D:\3.43\pic18-lt\cxx-framework\src\traditional\proc\p18f46k80.asm
                 ECCP1DEL   0x000fbe       data     extern D:\3.43\pic18-lt\cxx-framework\src\traditional\proc\p18f46k80.asm
             ECCP1DELbits   0x000fbe       data     extern D:\3.43\pic18-lt\cxx-framework\src\traditional\proc\p18f46k80.asm
              PWM1CONbits   0x000fbe       data     extern D:\3.43\pic18-lt\cxx-framework\src\traditional\proc\p18f46k80.asm
                  PWM1CON   0x000fbe       data     extern D:\3.43\pic18-lt\cxx-framework\src\traditional\proc\p18f46k80.asm
                  ECCP1AS   0x000fbf       data     extern D:\3.43\pic18-lt\cxx-framework\src\traditional\proc\p18f46k80.asm
              ECCP1ASbits   0x000fbf       data     extern D:\3.43\pic18-lt\cxx-framework\src\traditional\proc\p18f46k80.asm
               ADCON2bits   0x000fc0       data     extern D:\3.43\pic18-lt\cxx-framework\src\traditional\proc\p18f46k80.asm
                   ADCON2   0x000fc0       data     extern D:\3.43\pic18-lt\cxx-framework\src\traditional\proc\p18f46k80.asm
               ADCON1bits   0x000fc1       data     extern D:\3.43\pic18-lt\cxx-framework\src\traditional\proc\p18f46k80.asm
                   ADCON1   0x000fc1       data     extern D:\3.43\pic18-lt\cxx-framework\src\traditional\proc\p18f46k80.asm
               ADCON0bits   0x000fc2       data     extern D:\3.43\pic18-lt\cxx-framework\src\traditional\proc\p18f46k80.asm
                   ADCON0   0x000fc2       data     extern D:\3.43\pic18-lt\cxx-framework\src\traditional\proc\p18f46k80.asm
                   ADRESL   0x000fc3       data     extern D:\3.43\pic18-lt\cxx-framework\src\traditional\proc\p18f46k80.asm
                    ADRES   0x000fc3       data     extern D:\3.43\pic18-lt\cxx-framework\src\traditional\proc\p18f46k80.asm
                   ADRESH   0x000fc4       data     extern D:\3.43\pic18-lt\cxx-framework\src\traditional\proc\p18f46k80.asm
                  SSPCON2   0x000fc5       data     extern D:\3.43\pic18-lt\cxx-framework\src\traditional\proc\p18f46k80.asm
              SSPCON2bits   0x000fc5       data     extern D:\3.43\pic18-lt\cxx-framework\src\traditional\proc\p18f46k80.asm
              SSPCON1bits   0x000fc6       data     extern D:\3.43\pic18-lt\cxx-framework\src\traditional\proc\p18f46k80.asm
                  SSPCON1   0x000fc6       data     extern D:\3.43\pic18-lt\cxx-framework\src\traditional\proc\p18f46k80.asm
              SSPSTATbits   0x000fc7       data     extern D:\3.43\pic18-lt\cxx-framework\src\traditional\proc\p18f46k80.asm
                  SSPSTAT   0x000fc7       data     extern D:\3.43\pic18-lt\cxx-framework\src\traditional\proc\p18f46k80.asm
               SSPADDbits   0x000fc8       data     extern D:\3.43\pic18-lt\cxx-framework\src\traditional\proc\p18f46k80.asm
                   SSPADD   0x000fc8       data     extern D:\3.43\pic18-lt\cxx-framework\src\traditional\proc\p18f46k80.asm
                   SSPBUF   0x000fc9       data     extern D:\3.43\pic18-lt\cxx-framework\src\traditional\proc\p18f46k80.asm
                T2CONbits   0x000fca       data     extern D:\3.43\pic18-lt\cxx-framework\src\traditional\proc\p18f46k80.asm
                    T2CON   0x000fca       data     extern D:\3.43\pic18-lt\cxx-framework\src\traditional\proc\p18f46k80.asm
                      PR2   0x000fcb       data     extern D:\3.43\pic18-lt\cxx-framework\src\traditional\proc\p18f46k80.asm
                     TMR2   0x000fcc       data     extern D:\3.43\pic18-lt\cxx-framework\src\traditional\proc\p18f46k80.asm
                T1CONbits   0x000fcd       data     extern D:\3.43\pic18-lt\cxx-framework\src\traditional\proc\p18f46k80.asm
                    T1CON   0x000fcd       data     extern D:\3.43\pic18-lt\cxx-framework\src\traditional\proc\p18f46k80.asm
                    TMR1L   0x000fce       data     extern D:\3.43\pic18-lt\cxx-framework\src\traditional\proc\p18f46k80.asm
                    TMR1H   0x000fcf       data     extern D:\3.43\pic18-lt\cxx-framework\src\traditional\proc\p18f46k80.asm
                 RCONbits   0x000fd0       data     extern D:\3.43\pic18-lt\cxx-framework\src\traditional\proc\p18f46k80.asm
                     RCON   0x000fd0       data     extern D:\3.43\pic18-lt\cxx-framework\src\traditional\proc\p18f46k80.asm
               WDTCONbits   0x000fd1       data     extern D:\3.43\pic18-lt\cxx-framework\src\traditional\proc\p18f46k80.asm
                   WDTCON   0x000fd1       data     extern D:\3.43\pic18-lt\cxx-framework\src\traditional\proc\p18f46k80.asm
              OSCCON2bits   0x000fd2       data     extern D:\3.43\pic18-lt\cxx-framework\src\traditional\proc\p18f46k80.asm
                  OSCCON2   0x000fd2       data     extern D:\3.43\pic18-lt\cxx-framework\src\traditional\proc\p18f46k80.asm
                   OSCCON   0x000fd3       data     extern D:\3.43\pic18-lt\cxx-framework\src\traditional\proc\p18f46k80.asm
               OSCCONbits   0x000fd3       data     extern D:\3.43\pic18-lt\cxx-framework\src\traditional\proc\p18f46k80.asm
                    T0CON   0x000fd5       data     extern D:\3.43\pic18-lt\cxx-framework\src\traditional\proc\p18f46k80.asm
                T0CONbits   0x000fd5       data     extern D:\3.43\pic18-lt\cxx-framework\src\traditional\proc\p18f46k80.asm
                    TMR0L   0x000fd6       data     extern D:\3.43\pic18-lt\cxx-framework\src\traditional\proc\p18f46k80.asm
                    TMR0H   0x000fd7       data     extern D:\3.43\pic18-lt\cxx-framework\src\traditional\proc\p18f46k80.asm
                   STATUS   0x000fd8       data     extern D:\3.43\pic18-lt\cxx-framework\src\traditional\proc\p18f46k80.asm
               STATUSbits   0x000fd8       data     extern D:\3.43\pic18-lt\cxx-framework\src\traditional\proc\p18f46k80.asm
                     FSR2   0x000fd9       data     extern D:\3.43\pic18-lt\cxx-framework\src\traditional\proc\p18f46k80.asm
                    FSR2L   0x000fd9       data     extern D:\3.43\pic18-lt\cxx-framework\src\traditional\proc\p18f46k80.asm
                FSR2Hbits   0x000fda       data     extern D:\3.43\pic18-lt\cxx-framework\src\traditional\proc\p18f46k80.asm
                    FSR2H   0x000fda       data     extern D:\3.43\pic18-lt\cxx-framework\src\traditional\proc\p18f46k80.asm
                   PLUSW2   0x000fdb       data     extern D:\3.43\pic18-lt\cxx-framework\src\traditional\proc\p18f46k80.asm
                  PREINC2   0x000fdc       data     extern D:\3.43\pic18-lt\cxx-framework\src\traditional\proc\p18f46k80.asm
                 POSTDEC2   0x000fdd       data     extern D:\3.43\pic18-lt\cxx-framework\src\traditional\proc\p18f46k80.asm
                 POSTINC2   0x000fde       data     extern D:\3.43\pic18-lt\cxx-framework\src\traditional\proc\p18f46k80.asm
                    INDF2   0x000fdf       data     extern D:\3.43\pic18-lt\cxx-framework\src\traditional\proc\p18f46k80.asm
                  BSRbits   0x000fe0       data     extern D:\3.43\pic18-lt\cxx-framework\src\traditional\proc\p18f46k80.asm
                      BSR   0x000fe0       data     extern D:\3.43\pic18-lt\cxx-framework\src\traditional\proc\p18f46k80.asm
                     FSR1   0x000fe1       data     extern D:\3.43\pic18-lt\cxx-framework\src\traditional\proc\p18f46k80.asm
                    FSR1L   0x000fe1       data     extern D:\3.43\pic18-lt\cxx-framework\src\traditional\proc\p18f46k80.asm
                    FSR1H   0x000fe2       data     extern D:\3.43\pic18-lt\cxx-framework\src\traditional\proc\p18f46k80.asm
                FSR1Hbits   0x000fe2       data     extern D:\3.43\pic18-lt\cxx-framework\src\traditional\proc\p18f46k80.asm
                   PLUSW1   0x000fe3       data     extern D:\3.43\pic18-lt\cxx-framework\src\traditional\proc\p18f46k80.asm
                  PREINC1   0x000fe4       data     extern D:\3.43\pic18-lt\cxx-framework\src\traditional\proc\p18f46k80.asm
                 POSTDEC1   0x000fe5       data     extern D:\3.43\pic18-lt\cxx-framework\src\traditional\proc\p18f46k80.asm
                 POSTINC1   0x000fe6       data     extern D:\3.43\pic18-lt\cxx-framework\src\traditional\proc\p18f46k80.asm
                    INDF1   0x000fe7       data     extern D:\3.43\pic18-lt\cxx-framework\src\traditional\proc\p18f46k80.asm
                     WREG   0x000fe8       data     extern D:\3.43\pic18-lt\cxx-framework\src\traditional\proc\p18f46k80.asm
                    FSR0L   0x000fe9       data     extern D:\3.43\pic18-lt\cxx-framework\src\traditional\proc\p18f46k80.asm
                     FSR0   0x000fe9       data     extern D:\3.43\pic18-lt\cxx-framework\src\traditional\proc\p18f46k80.asm
                FSR0Hbits   0x000fea       data     extern D:\3.43\pic18-lt\cxx-framework\src\traditional\proc\p18f46k80.asm
                    FSR0H   0x000fea       data     extern D:\3.43\pic18-lt\cxx-framework\src\traditional\proc\p18f46k80.asm
                   PLUSW0   0x000feb       data     extern D:\3.43\pic18-lt\cxx-framework\src\traditional\proc\p18f46k80.asm
                  PREINC0   0x000fec       data     extern D:\3.43\pic18-lt\cxx-framework\src\traditional\proc\p18f46k80.asm
                 POSTDEC0   0x000fed       data     extern D:\3.43\pic18-lt\cxx-framework\src\traditional\proc\p18f46k80.asm
                 POSTINC0   0x000fee       data     extern D:\3.43\pic18-lt\cxx-framework\src\traditional\proc\p18f46k80.asm
                    INDF0   0x000fef       data     extern D:\3.43\pic18-lt\cxx-framework\src\traditional\proc\p18f46k80.asm
                  INTCON3   0x000ff0       data     extern D:\3.43\pic18-lt\cxx-framework\src\traditional\proc\p18f46k80.asm
              INTCON3bits   0x000ff0       data     extern D:\3.43\pic18-lt\cxx-framework\src\traditional\proc\p18f46k80.asm
                  INTCON2   0x000ff1       data     extern D:\3.43\pic18-lt\cxx-framework\src\traditional\proc\p18f46k80.asm
              INTCON2bits   0x000ff1       data     extern D:\3.43\pic18-lt\cxx-framework\src\traditional\proc\p18f46k80.asm
               INTCONbits   0x000ff2       data     extern D:\3.43\pic18-lt\cxx-framework\src\traditional\proc\p18f46k80.asm
              INTCON1bits   0x000ff2       data     extern D:\3.43\pic18-lt\cxx-framework\src\traditional\proc\p18f46k80.asm
                  INTCON1   0x000ff2       data     extern D:\3.43\pic18-lt\cxx-framework\src\traditional\proc\p18f46k80.asm
                   INTCON   0x000ff2       data     extern D:\3.43\pic18-lt\cxx-framework\src\traditional\proc\p18f46k80.asm
                     PROD   0x000ff3       data     extern D:\3.43\pic18-lt\cxx-framework\src\traditional\proc\p18f46k80.asm
                    PRODL   0x000ff3       data     extern D:\3.43\pic18-lt\cxx-framework\src\traditional\proc\p18f46k80.asm
                    PRODH   0x000ff4       data     extern D:\3.43\pic18-lt\cxx-framework\src\traditional\proc\p18f46k80.asm
                   TABLAT   0x000ff5       data     extern D:\3.43\pic18-lt\cxx-framework\src\traditional\proc\p18f46k80.asm
                   TBLPTR   0x000ff6       data     extern D:\3.43\pic18-lt\cxx-framework\src\traditional\proc\p18f46k80.asm
                  TBLPTRL   0x000ff6       data     extern D:\3.43\pic18-lt\cxx-framework\src\traditional\proc\p18f46k80.asm
                  TBLPTRH   0x000ff7       data     extern D:\3.43\pic18-lt\cxx-framework\src\traditional\proc\p18f46k80.asm
                  TBLPTRU   0x000ff8       data     extern D:\3.43\pic18-lt\cxx-framework\src\traditional\proc\p18f46k80.asm
              TBLPTRUbits   0x000ff8       data     extern D:\3.43\pic18-lt\cxx-framework\src\traditional\proc\p18f46k80.asm
                      PCL   0x000ff9       data     extern D:\3.43\pic18-lt\cxx-framework\src\traditional\proc\p18f46k80.asm
                       PC   0x000ff9       data     extern D:\3.43\pic18-lt\cxx-framework\src\traditional\proc\p18f46k80.asm
                   PCLATH   0x000ffa       data     extern D:\3.43\pic18-lt\cxx-framework\src\traditional\proc\p18f46k80.asm
               PCLATUbits   0x000ffb       data     extern D:\3.43\pic18-lt\cxx-framework\src\traditional\proc\p18f46k80.asm
                   PCLATU   0x000ffb       data     extern D:\3.43\pic18-lt\cxx-framework\src\traditional\proc\p18f46k80.asm
               STKPTRbits   0x000ffc       data     extern D:\3.43\pic18-lt\cxx-framework\src\traditional\proc\p18f46k80.asm
                   STKPTR   0x000ffc       data     extern D:\3.43\pic18-lt\cxx-framework\src\traditional\proc\p18f46k80.asm
                     TOSL   0x000ffd       data     extern D:\3.43\pic18-lt\cxx-framework\src\traditional\proc\p18f46k80.asm
                      TOS   0x000ffd       data     extern D:\3.43\pic18-lt\cxx-framework\src\traditional\proc\p18f46k80.asm
                     TOSH   0x000ffe       data     extern D:\3.43\pic18-lt\cxx-framework\src\traditional\proc\p18f46k80.asm
                     TOSU   0x000fff       data     extern D:\3.43\pic18-lt\cxx-framework\src\traditional\proc\p18f46k80.asm
                 TOSUbits   0x000fff       data     extern D:\3.43\pic18-lt\cxx-framework\src\traditional\proc\p18f46k80.asm


